 ConEmu

 Timestamp is 547637e4 (Wed Nov 26 23:28:20 2014)

 Preferred load address is 10000000

 Start         Length     Name                   Class
 0001:00000000 0003a99cH .text                   CODE
 0002:00000000 000003b0H .idata$5                DATA
 0002:000003b0 00000004H .CRT$XCA                DATA
 0002:000003b4 00000004H .CRT$XCZ                DATA
 0002:000003b8 00000004H .CRT$XIA                DATA
 0002:000003bc 0000000cH .CRT$XIC                DATA
 0002:000003c8 00000004H .CRT$XIZ                DATA
 0002:000003cc 00000004H .CRT$XPA                DATA
 0002:000003d0 00000004H .CRT$XPZ                DATA
 0002:000003d4 00000004H .CRT$XTA                DATA
 0002:000003d8 00000004H .CRT$XTZ                DATA
 0002:000003e0 00005860H .rdata                  DATA
 0002:00005c40 0000006fH .rdata$debug            DATA
 0002:00005cb0 0000000cH .rdata$sxdata           DATA
 0002:00005cbc 00000004H .rtc$IAA                DATA
 0002:00005cc0 00000004H .rtc$IZZ                DATA
 0002:00005cc4 00000004H .rtc$TAA                DATA
 0002:00005cc8 00000004H .rtc$TZZ                DATA
 0002:00005cd0 00000454H .xdata$x                DATA
 0002:00006124 00000064H .idata$2                DATA
 0002:00006188 00000014H .idata$3                DATA
 0002:0000619c 000003b0H .idata$4                DATA
 0002:0000654c 000010feH .idata$6                DATA
 0002:00007650 000002ddH .edata                  DATA
 0003:00000000 00000e50H .data                   DATA
 0003:00000e60 00002b60H .bss                    DATA
 0004:00000000 00000058H .rsrc$01                DATA
 0004:00000060 000002d8H .rsrc$02                DATA

  Address         Publics by Value              Rva+Base       Lib:Object

 0000:00000000       __except_list              00000000     <absolute>
 0000:00000003       ___safe_se_handler_count   00000003     <absolute>
 0000:00000000       ___ImageBase               10000000     <linker-defined>
 0001:00000000       ??0CmdArg@@QAE@XZ          10001000 f   CmdArg.obj
 0001:00000040       ??0CmdArg@@QAE@PA_W@Z      10001040 f   CmdArg.obj
 0001:00000080       ??4CmdArg@@QAEAAU0@PA_W@Z  10001080 f   CmdArg.obj
 0001:000000a0       ??1CmdArg@@QAE@XZ          100010a0 f   CmdArg.obj
 0001:00000110       ?GetBuffer@CmdArg@@QAEPA_WH@Z 10001110 f   CmdArg.obj
 0001:000001d0       ?Detach@CmdArg@@QAEPA_WXZ  100011d0 f   CmdArg.obj
 0001:00000200       ?Attach@CmdArg@@QAEPB_WPA_W@Z 10001200 f   CmdArg.obj
 0001:00000220       ?AttachInt@CmdArg@@AAEPB_WAAPA_W@Z 10001220 f   CmdArg.obj
 0001:00000280       ?Empty@CmdArg@@QAEXXZ      10001280 f   CmdArg.obj
 0001:000002d0       ?IsEmpty@CmdArg@@QAE_NXZ   100012d0 f   CmdArg.obj
 0001:00000310       ?Set@CmdArg@@QAEPB_WPB_WH@Z 10001310 f   CmdArg.obj
 0001:000003a0       ?StringCchCopyNW@@YGJPA_WIPB_WI@Z 100013a0 f i CmdArg.obj
 0001:000004e0       ?SavePathVar@CmdArg@@QAEXPB_W@Z 100014e0 f   CmdArg.obj
 0001:00000520       ?SaveEnvVar@CmdArg@@QAEXPB_W0@Z 10001520 f   CmdArg.obj
 0001:000005a0       ?SetAt@CmdArg@@QAEXH_W@Z   100015a0 f   CmdArg.obj
 0001:000005d0       ?GetPosFrom@CmdArg@@QAEXABU1@@Z 100015d0 f   CmdArg.obj
 0001:00000610       ?IsNeedDequote@@YI_NPB_W_NPAPB_W@Z 10001610 f   CmdLine.obj
 0001:000007e0       ??BCmdArg@@QBEPB_WXZ       100017e0 f i CmdLine.obj
 0001:000007f0       ?NextArg@@YIHPAPB_WAAUCmdArg@@0@Z 100017f0 f   CmdLine.obj
 0001:00000c30       ?AddEndSlash@@YIHPA_WH@Z   10001c30 f   CmdLine.obj
 0001:00000cb0       ?SkipNonPrintable@@YIPB_WPB_W@Z 10001cb0 f   CmdLine.obj
 0001:00000d10       ?CompareFileMask@@YI_NPB_W0@Z 10001d10 f   CmdLine.obj
 0001:00000ee0       ?wcschr@@YAPA_WPA_W_W@Z    10001ee0 f i CmdLine.obj
 0001:00000f00       ?GetDrive@@YIPB_WPB_WPA_WH@Z 10001f00 f   CmdLine.obj
 0001:00001100       ?GetDirectory@@YIHAAUCmdArg@@@Z 10002100 f   CmdLine.obj
 0001:00001190       ?IsNeedCmd@@YI_NHPB_WAAUCmdArg@@PAPB_WPAH333@Z 10002190 f   CmdLine.obj
 0001:000018b0       ?Disable@MWow64Disable@@QAEXXZ 100028b0 f i CmdLine.obj
 0001:000018e0       ??0MWow64Disable@@QAE@XZ   100028e0 f i CmdLine.obj
 0001:00001960       ??1MWow64Disable@@QAE@XZ   10002960 f i CmdLine.obj
 0001:00001980       ?Restore@MWow64Disable@@QAEXXZ 10002980 f i CmdLine.obj
 0001:000019c0       ?IsExecutable@@YI_NPB_WPAPA_W@Z 100029c0 f   CmdLine.obj
 0001:00001ab0       ?IsFarExe@@YI_NPB_W@Z      10002ab0 f   CmdLine.obj
 0001:00001b30       ?IsQuotationNeeded@@YI_NPB_W@Z 10002b30 f   CmdLine.obj
 0001:00001b70       ?MergeCmdLine@@YIPA_WPB_W0@Z 10002b70 f   CmdLine.obj
 0001:00001c00       ?JoinPath@@YIPA_WPB_W00@Z  10002c00 f   CmdLine.obj
 0001:00001d60       ?IsFilePath@@YI_NPB_W_N@Z  10002d60 f   CmdLine.obj
 0001:00001f20       ?PointToName@@YIPB_WPB_W@Z 10002f20 f   CmdLine.obj
 0001:00001fb0       ?PointToName@@YIPBDPBD@Z   10002fb0 f   CmdLine.obj
 0001:00002030       ?PointToExt@@YIPB_WPB_W@Z  10003030 f   CmdLine.obj
 0001:00002070       ?Unquote@@YIPB_WPA_W_N@Z   10003070 f   CmdLine.obj
 0001:00002100       ?wcsrchr@@YAPA_WPA_W_W@Z   10003100 f i CmdLine.obj
 0001:00002120       ?PackInputRecord@@YIHPBU_INPUT_RECORD@@PAUMsgStr@MSG64@@@Z 10003120 f   Common.obj
 0001:00002330       ?UnpackInputRecord@@YIHPBUMsgStr@MSG64@@PAU_INPUT_RECORD@@@Z 10003330 f   Common.obj
 0001:00002590       ?TranslateKeyPress@@YIXGK_WHPAU_INPUT_RECORD@@1@Z 10003590 f   Common.obj
 0001:00002700       ?CommonShutdown@@YIXXZ     10003700 f   Common.obj
 0001:00002730       ?ModuleName@@YIPB_WPB_W@Z  10003730 f   ConEmuCheck.obj
 0001:00002810       ?ExecuteOpenPipe@@YIPAXPB_WAAY0CAI@_W0KKHPAX@Z 10003810 f   ConEmuCheck.obj
 0001:00002a30       ?ExecutePrepareCmd@@YIXPAUCESERVER_REQ@@KI@Z 10003a30 f   ConEmuCheck.obj
 0001:00002a80       ?ExecutePrepareCmd@@YIXPAUCESERVER_REQ_HDR@@KI@Z 10003a80 f   ConEmuCheck.obj
 0001:00002b20       ?ExecuteNewCmd@@YIPAUCESERVER_REQ@@KI@Z 10003b20 f   ConEmuCheck.obj
 0001:00002b80       ?ExecuteNewCmd@@YI_NAAPAUCESERVER_REQ@@AAKKI@Z 10003b80 f   ConEmuCheck.obj
 0001:00002c00       ?LoadSrvMapping@@YIHPAUHWND__@@AAUCESERVER_CONSOLE_MAPPING_HDR@@@Z 10003c00 f   ConEmuCheck.obj
 0001:00002d20       ?LoadGuiMapping@@YIHKAAUConEmuGuiMapping@@@Z 10003d20 f   ConEmuCheck.obj
 0001:00002e40       ?ExecuteNewCmdOnCreate@@YIPAUCESERVER_REQ@@PAUCESERVER_CONSOLE_MAPPING_HDR@@PAUHWND__@@W4CmdOnCreateType@@PB_W33PAK444HHPAX55@Z 10003e40 f   ConEmuCheck.obj
 0001:000031d0       ?StringCchCopyW@@YGJPA_WIPB_W@Z 100041d0 f i ConEmuCheck.obj
 0001:00003300       ?ExecuteGuiCmd@@YIPAUCESERVER_REQ@@PAUHWND__@@PAU1@0H@Z 10004300 f   ConEmuCheck.obj
 0001:00003390       ?ExecuteSrvCmd@@YIPAUCESERVER_REQ@@KPAU1@PAUHWND__@@HK@Z 10004390 f   ConEmuCheck.obj
 0001:00003430       ?ExecuteHkCmd@@YIPAUCESERVER_REQ@@KPAU1@PAUHWND__@@H@Z 10004430 f   ConEmuCheck.obj
 0001:000034d0       ?ExecuteCmd@@YIPAUCESERVER_REQ@@PB_WPAU1@KPAUHWND__@@HK@Z 100044d0 f   ConEmuCheck.obj
 0001:000037f0       ?ExecuteFreeResult@@YIXAAPAUCESERVER_REQ@@@Z 100047f0 f   ConEmuCheck.obj
 0001:00003830       ?AllocateSendCurrentDirectory@@YI_NAAPAUCESERVER_REQ@@AAKPB_W2@Z 10004830 f   ConEmuCheck.obj
 0001:00003940       ?SendCurrentDirectory@@YIXPAUHWND__@@PB_W1@Z 10004940 f   ConEmuCheck.obj
 0001:000039a0       ?myGetConsoleWindow@@YIPAUHWND__@@XZ 100049a0 f   ConEmuCheck.obj
 0001:00003a20       ?GetConEmuHWND@@YIPAUHWND__@@H@Z 10004a20 f   ConEmuCheck.obj
 0001:00003bd0       ??BHWND2@@QBEPAUHWND__@@XZ 10004bd0 f i ConEmuCheck.obj
 0001:00003be0       ??BHWND2@@QBEKXZ           10004be0 f i ConEmuCheck.obj
 0001:00003bf0       ?ConEmuCheck@@YIHPAPAUHWND__@@@Z 10004bf0 f   ConEmuCheck.obj
 0001:00003c30       ?GuiMessageBox@@YIHPAUHWND__@@PB_W1H@Z 10004c30 f   ConEmuCheck.obj
 0001:00003df0       ?InitName@?$MFileMapping@UCESERVER_CONSOLE_MAPPING_HDR@@@@QAEPB_WPB_WKK@Z 10004df0 f i ConEmuCheck.obj
 0001:00003e40       ?CloseMap@?$MFileMapping@UCESERVER_CONSOLE_MAPPING_HDR@@@@QAEXXZ 10004e40 f i ConEmuCheck.obj
 0001:00003eb0       ?Open@?$MFileMapping@UCESERVER_CONSOLE_MAPPING_HDR@@@@QAEPAUCESERVER_CONSOLE_MAPPING_HDR@@HH@Z 10004eb0 f i ConEmuCheck.obj
 0001:00003ed0       ??0?$MFileMapping@UCESERVER_CONSOLE_MAPPING_HDR@@@@QAE@XZ 10004ed0 f i ConEmuCheck.obj
 0001:00003f30       ??1?$MFileMapping@UCESERVER_CONSOLE_MAPPING_HDR@@@@QAE@XZ 10004f30 f i ConEmuCheck.obj
 0001:00003f50       ?InitName@?$MFileMapping@UConEmuGuiMapping@@@@QAEPB_WPB_WKK@Z 10004f50 f i ConEmuCheck.obj
 0001:00003fa0       ?CloseMap@?$MFileMapping@UConEmuGuiMapping@@@@QAEXXZ 10004fa0 f i ConEmuCheck.obj
 0001:00004010       ?Open@?$MFileMapping@UConEmuGuiMapping@@@@QAEPAUConEmuGuiMapping@@HH@Z 10005010 f i ConEmuCheck.obj
 0001:00004030       ??0?$MFileMapping@UConEmuGuiMapping@@@@QAE@XZ 10005030 f i ConEmuCheck.obj
 0001:00004090       ??1?$MFileMapping@UConEmuGuiMapping@@@@QAE@XZ 10005090 f i ConEmuCheck.obj
 0001:000040b0       ?ClosePtr@?$MFileMapping@UCESERVER_CONSOLE_MAPPING_HDR@@@@QAEXXZ 100050b0 f i ConEmuCheck.obj
 0001:000040e0       ?InternalOpenCreate@?$MFileMapping@UCESERVER_CONSOLE_MAPPING_HDR@@@@IAEPAUCESERVER_CONSOLE_MAPPING_HDR@@HHH@Z 100050e0 f i ConEmuCheck.obj
 0001:000042d0       ?ClosePtr@?$MFileMapping@UConEmuGuiMapping@@@@QAEXXZ 100052d0 f i ConEmuCheck.obj
 0001:00004300       ?InternalOpenCreate@?$MFileMapping@UConEmuGuiMapping@@@@IAEPAUConEmuGuiMapping@@HHH@Z 10005300 f i ConEmuCheck.obj
 0001:000044f0       ??$wcscpy_c@$0CA@@@YIHAAY0CA@_WPB_W@Z 100054f0 f i ConEmuCheck.obj
 0001:00004520       ??$wcscpy_c@$0CAI@@@YIHAAY0CAI@_WPB_W@Z 10005520 f i ConEmuCheck.obj
 0001:00004550       ?LoadGuiMapping@@YIHPAUHWND__@@AAUConEmuGuiMapping@@@Z 10005550 f   ConEmuCheckEx.obj
 0001:00004590       ?IsConEmuExeExist@@YIHPB_WAAY0BAF@_W@Z 10005590 f   ConEmuCheckEx.obj
 0001:00004640       ?FindConEmuBaseDir@@YIHAAY0BAF@_W0PAUHINSTANCE__@@@Z 10005640 f   ConEmuCheckEx.obj
 0001:00004be0       ??$wcscpy_c@$0BAF@@@YIHAAY0BAF@_WPB_W@Z 10005be0 f i ConEmuCheckEx.obj
 0001:00004cf0       ??$wcscpy_add@$0BAF@@@YIHPA_WAAY0BAF@_WPB_W@Z 10005cf0 f i ConEmuCheckEx.obj
 0001:00004d40       ??$wcscat_c@$0BAF@@@YIHAAY0BAF@_WPB_W@Z 10005d40 f i ConEmuCheckEx.obj
 0001:00004d70       ?StringCchCatW@@YGJPA_WIPB_W@Z 10005d70 f i ConEmuCheckEx.obj
 0001:00004e90       ?StartupHooks@@YI_NPAUHINSTANCE__@@@Z 10005e90 f   ConEmuInjects.obj
 0001:00005260       ?ShutdownHooks@@YIXXZ      10006260 f   ConEmuInjects.obj
 0001:00005410       ??$wcscpy_c@$0EA@@@YIHAAY0EA@_WPB_W@Z 10006410 f i ConEmuInjects.obj
 0001:00005520       _DllMain@12                10006520 f   ConEmuPlugin.obj
 0001:00005560       ?GetPluginInfo@@YGXPAX@Z   10006560 f   ConEmuPlugin.obj
 0001:000055d0       ?GetPluginInfoW@@YGXPAX@Z  100065d0 f   ConEmuPlugin.obj
 0001:00005600       ?IsConsoleActive@@YGHXZ    10006600 f   ConEmuPlugin.obj
 0001:00005660       ?GetFarHWND2@@YGPAUHWND__@@H@Z 10006660 f   ConEmuPlugin.obj
 0001:000056d0       ?GetFarHWND@@YGPAUHWND__@@XZ 100066d0 f   ConEmuPlugin.obj
 0001:000056e0       ?IsTerminalMode@@YGHXZ     100066e0 f   ConEmuPlugin.obj
 0001:000056f0       ?GetFarVersion@@YGXPAUFarVersion@@@Z 100066f0 f   ConEmuPlugin.obj
 0001:00005720       ?RegisterPanelView@@YGHPAUPanelViewInit@@@Z 10006720 f   ConEmuPlugin.obj
 0001:00005910       ?RegisterBackground@@YGHPAURegisterBackgroundArg@@@Z 10006910 f   ConEmuPlugin.obj
 0001:000059a0       ?SyncExecute@@YGHPAUHINSTANCE__@@P6GXJ@ZJ@Z 100069a0 f   ConEmuPlugin.obj
 0001:000059f0       ?ActivateConsole@@YGHXZ    100069f0 f   ConEmuPlugin.obj
 0001:00005a80       ??4HWND2@@QAEAAU0@PAUHWND__@@@Z 10006a80 f i ConEmuPlugin.obj
 0001:00005aa0       ?SetStartupInfo@@YGXPAX@Z  10006aa0 f   ConEmuPlugin.obj
 0001:00005b10       _SetStartupInfoW@4         10006b10 f   ConEmuPlugin.obj
 0001:00005b40       ?GetMinFarVersion@@YGHXZ   10006b40 f   ConEmuPlugin.obj
 0001:00005b90       _GetMinFarVersionW@0       10006b90 f   ConEmuPlugin.obj
 0001:00005ba0       _ProcessSynchroEventW@8    10006ba0 f   ConEmuPlugin.obj
 0001:00005bc0       ?ProcessSynchroEventW3@@YGHPAX@Z 10006bc0 f   ConEmuPlugin.obj
 0001:00005bf0       ?ProcessEditorEvent@@YGHHPAX@Z 10006bf0 f   ConEmuPlugin.obj
 0001:00005c10       _ProcessEditorEventW@8     10006c10 f   ConEmuPlugin.obj
 0001:00005c30       ?ProcessEditorEventW3@@YGHPAX@Z 10006c30 f   ConEmuPlugin.obj
 0001:00005c60       ?ProcessViewerEvent@@YGHHPAX@Z 10006c60 f   ConEmuPlugin.obj
 0001:00005c80       _ProcessViewerEventW@8     10006c80 f   ConEmuPlugin.obj
 0001:00005ca0       ?ProcessViewerEventW3@@YGHPAX@Z 10006ca0 f   ConEmuPlugin.obj
 0001:00005cd0       ?ProcessEditorInput@@YGHPBU_INPUT_RECORD@@@Z 10006cd0 f   ConEmuPlugin.obj
 0001:00005cf0       _ProcessEditorInputW@4     10006cf0 f   ConEmuPlugin.obj
 0001:00005d20       ?OpenPlugin@@YGPAXHH@Z     10006d20 f   ConEmuPlugin.obj
 0001:00005d40       _OpenPluginW@8             10006d40 f   ConEmuPlugin.obj
 0001:00005d80       ?OpenW@@YGPAXPBX@Z         10006d80 f   ConEmuPlugin.obj
 0001:00005db0       ?ExitFAR@@YGXXZ            10006db0 f   ConEmuPlugin.obj
 0001:00005e00       _ExitFARW@0                10006e00 f   ConEmuPlugin.obj
 0001:00005e50       ?ExitFARW3@@YGXPAX@Z       10006e50 f   ConEmuPlugin.obj
 0001:00005ea0       ?SetupExportsFar3@@YIXXZ   10006ea0 f   ConEmuPlugin.obj
 0001:000060c0       ?_calloc@@YIPAXII@Z        100070c0 f   ConEmuPlugin.obj
 0001:000060e0       ?_malloc@@YIPAXI@Z         100070e0 f   ConEmuPlugin.obj
 0001:00006100       ?_free@@YIXPAX@Z           10007100 f   ConEmuPlugin.obj
 0001:00006120       ??0CPluginW1900@@QAE@XZ    10007120 f   ConEmuPlugin1900.obj
 0001:000063b0       ??_ECPluginW1900@@UAEPAXI@Z 100073b0 f i ConEmuPlugin1900.obj
 0001:000063b0       ??_GCPluginW1900@@UAEPAXI@Z 100073b0 f i ConEmuPlugin1900.obj
 0001:000063e0       ??1CPluginW1900@@UAE@XZ    100073e0 f i ConEmuPlugin1900.obj
 0001:00006400       ?ProcessEditorEventPtr@CPluginW1900@@UAEHPAX@Z 10007400 f   ConEmuPlugin1900.obj
 0001:00006430       ?ProcessViewerEventPtr@CPluginW1900@@UAEHPAX@Z 10007430 f   ConEmuPlugin1900.obj
 0001:00006460       ?ProcessSynchroEventPtr@CPluginW1900@@UAEHPAX@Z 10007460 f   ConEmuPlugin1900.obj
 0001:00006490       ?GetPanelDir@CPluginW1900@@UAEPA_WKPA_WH@Z 10007490 f   ConEmuPlugin1900.obj
 0001:00006620       ?GetPanelInfo@CPluginW1900@@UAE_NKPAUCEPanelInfo@@@Z 10007620 f   ConEmuPlugin1900.obj
 0001:00006aa0       ?GetPanelItemInfo@CPluginW1900@@UAE_NABUCEPanelInfo@@_NHAAU_WIN32_FIND_DATAW@@PAPA_W@Z 10007aa0 f   ConEmuPlugin1900.obj
 0001:00006cd0       ?PanelControlApi@CPluginW1900@@UAEHPAXHH0@Z 10007cd0 f   ConEmuPlugin1900.obj
 0001:00006d20       ?GetPluginInfoPtr@CPluginW1900@@UAEXPAX@Z 10007d20 f   ConEmuPlugin1900.obj
 0001:00006da0       ?SetStartupInfoPtr@CPluginW1900@@UAEXPAX@Z 10007da0 f   ConEmuPlugin1900.obj
 0001:00006f10       ?GetEditorModifiedState@CPluginW1900@@UAEKXZ 10007f10 f   ConEmuPlugin1900.obj
 0001:00006f50       ?ProcessEditorInputPtr@CPluginW1900@@UAEHPBX@Z 10007f50 f   ConEmuPlugin1900.obj
 0001:00006f90       ?GetWindowCount@CPluginW1900@@UAEHXZ 10007f90 f   ConEmuPlugin1900.obj
 0001:00006fe0       ?UpdateConEmuTabsApi@CPluginW1900@@UAE_NH@Z 10007fe0 f   ConEmuPlugin1900.obj
 0001:000075c0       ?ExitFar@CPluginW1900@@UAEXXZ 100085c0 f   ConEmuPlugin1900.obj
 0001:00007650       ?ShowMessage@CPluginW1900@@UAEHPB_WH_N@Z 10008650 f   ConEmuPlugin1900.obj
 0001:00007700       ?GetMsg@CPluginW1900@@UAEPB_WHPA_WI@Z 10008700 f   ConEmuPlugin1900.obj
 0001:00007780       ?SetWindow@CPluginW1900@@UAEXH@Z 10008780 f   ConEmuPlugin1900.obj
 0001:000077e0       ?PostMacroApi@CPluginW1900@@UAEXPB_WPAU_INPUT_RECORD@@_N@Z 100087e0 f   ConEmuPlugin1900.obj
 0001:00007f30       ?wcsstr@@YAPA_WPA_WPB_W@Z  10008f30 f i ConEmuPlugin1900.obj
 0001:00007f50       ?ShowPluginMenu@CPluginW1900@@UAEHPAUConEmuPluginMenuItem@@HH@Z 10008f50 f   ConEmuPlugin1900.obj
 0001:00008140       ?OpenEditor@CPluginW1900@@UAE_NPB_W_N11HH@Z 10009140 f   ConEmuPlugin1900.obj
 0001:00008290       ?ExecuteSynchroApi@CPluginW1900@@UAE_NXZ 10009290 f   ConEmuPlugin1900.obj
 0001:000082d0       ?WaitEndSynchro@CPluginW1900@@UAEXXZ 100092d0 f   ConEmuPlugin1900.obj
 0001:000082e0       ?StopWaitEndSynchro@CPluginW1900@@UAEXXZ 100092e0 f   ConEmuPlugin1900.obj
 0001:000082f0       ?IsMacroActive@CPluginW1900@@UAE_NXZ 100092f0 f   ConEmuPlugin1900.obj
 0001:00008340       ?GetMacroArea@CPluginW1900@@UAEHXZ 10009340 f   ConEmuPlugin1900.obj
 0001:00008370       ?RedrawAll@CPluginW1900@@UAEXXZ 10009370 f   ConEmuPlugin1900.obj
 0001:000083b0       ?InputBox@CPluginW1900@@UAE_NPB_W000AAPA_W@Z 100093b0 f   ConEmuPlugin1900.obj
 0001:00008430       ?ShowUserScreen@CPluginW1900@@UAEX_N@Z 10009430 f   ConEmuPlugin1900.obj
 0001:00008480       ?LoadFarColors@CPluginW1900@@UAEXAAY0BAA@E@Z 10009480 f   ConEmuPlugin1900.obj
 0001:00008610       ?FarColor_3_2@@YIEABUFarColor@@@Z 10009610 f i ConEmuPlugin1900.obj
 0001:00008720       ?Color2FgIndex@Far3Color@@SIXKAAGPBK@Z 10009720 f i ConEmuPlugin1900.obj
 0001:00008860       ?Max@Far3Color@@SIHHH@Z    10009860 f i ConEmuPlugin1900.obj
 0001:00008890       ?GetStdIndex@Far3Color@@SIHKPBK@Z 10009890 f i ConEmuPlugin1900.obj
 0001:000088f0       ?GetStdPalette@Far3Color@@SIPBKXZ 100098f0 f i ConEmuPlugin1900.obj
 0001:00008900       ?Color2BgIndex@Far3Color@@SIXKHAAGPBK@Z 10009900 f i ConEmuPlugin1900.obj
 0001:00008a70       ?LoadFarSettings@CPluginW1900@@UAEXPAUCEFarInterfaceSettings@@PAUCEFarPanelSettings@@@Z 10009a70 f   ConEmuPlugin1900.obj
 0001:00008c80       ?GetFarRect@CPluginW1900@@UAE_NAAU_SMALL_RECT@@@Z 10009c80 f   ConEmuPlugin1900.obj
 0001:00008cf0       ?CheckPanelExist@CPluginW1900@@UAE_NXZ 10009cf0 f   ConEmuPlugin1900.obj
 0001:00008d40       ?GetActiveWindowType@CPluginW1900@@UAEHXZ 10009d40 f   ConEmuPlugin1900.obj
 0001:00008e00       ?GetWindowTypeName@CPluginW1900@@UAEPB_WH@Z 10009e00 f   ConEmuPlugin1900.obj
 0001:00008e90       ?GuiMacroDlg@CPluginW1900@@UAEXXZ 10009e90 f   ConEmuPlugin1900.obj
 0001:00009470       ?Open@CPluginW1900@@UAEPAXPBX@Z 1000a470 f   ConEmuPlugin1900.obj
 0001:00009610       _GetGlobalInfoW@4          1000a610 f   ConEmuPlugin2800.obj
 0001:000097f0       ??0CPluginW2800@@QAE@XZ    1000a7f0 f   ConEmuPlugin2800.obj
 0001:00009a80       ??_GCPluginW2800@@UAEPAXI@Z 1000aa80 f i ConEmuPlugin2800.obj
 0001:00009a80       ??_ECPluginW2800@@UAEPAXI@Z 1000aa80 f i ConEmuPlugin2800.obj
 0001:00009ab0       ??1CPluginW2800@@UAE@XZ    1000aab0 f i ConEmuPlugin2800.obj
 0001:00009ad0       ?GetPanelDir@CPluginW2800@@UAEPA_WKPA_WH@Z 1000aad0 f   ConEmuPlugin2800.obj
 0001:00009c60       ?GetPanelInfo@CPluginW2800@@UAE_NKPAUCEPanelInfo@@@Z 1000ac60 f   ConEmuPlugin2800.obj
 0001:0000a0e0       ?GetPanelItemInfo@CPluginW2800@@UAE_NABUCEPanelInfo@@_NHAAU_WIN32_FIND_DATAW@@PAPA_W@Z 1000b0e0 f   ConEmuPlugin2800.obj
 0001:0000a310       ?PanelControlApi@CPluginW2800@@UAEHPAXHH0@Z 1000b310 f   ConEmuPlugin2800.obj
 0001:0000a360       ?GetPluginInfoPtr@CPluginW2800@@UAEXPAX@Z 1000b360 f   ConEmuPlugin2800.obj
 0001:0000a3e0       ?SetStartupInfoPtr@CPluginW2800@@UAEXPAX@Z 1000b3e0 f   ConEmuPlugin2800.obj
 0001:0000a550       ?GetEditorModifiedState@CPluginW2800@@UAEKXZ 1000b550 f   ConEmuPlugin2800.obj
 0001:0000a590       ?ProcessEditorEventPtr@CPluginW2800@@UAEHPAX@Z 1000b590 f   ConEmuPlugin2800.obj
 0001:0000a5c0       ?ProcessViewerEventPtr@CPluginW2800@@UAEHPAX@Z 1000b5c0 f   ConEmuPlugin2800.obj
 0001:0000a5f0       ?ProcessSynchroEventPtr@CPluginW2800@@UAEHPAX@Z 1000b5f0 f   ConEmuPlugin2800.obj
 0001:0000a620       ?ProcessEditorInputPtr@CPluginW2800@@UAEHPBX@Z 1000b620 f   ConEmuPlugin2800.obj
 0001:0000a660       ?GetWindowCount@CPluginW2800@@UAEHXZ 1000b660 f   ConEmuPlugin2800.obj
 0001:0000a6b0       ?UpdateConEmuTabsApi@CPluginW2800@@UAE_NH@Z 1000b6b0 f   ConEmuPlugin2800.obj
 0001:0000af40       ?ExitFar@CPluginW2800@@UAEXXZ 1000bf40 f   ConEmuPlugin2800.obj
 0001:0000afd0       ?ShowMessage@CPluginW2800@@UAEHPB_WH_N@Z 1000bfd0 f   ConEmuPlugin2800.obj
 0001:0000b080       ?GetMsg@CPluginW2800@@UAEPB_WHPA_WI@Z 1000c080 f   ConEmuPlugin2800.obj
 0001:0000b100       ?SetWindow@CPluginW2800@@UAEXH@Z 1000c100 f   ConEmuPlugin2800.obj
 0001:0000b160       ?PostMacroApi@CPluginW2800@@UAEXPB_WPAU_INPUT_RECORD@@_N@Z 1000c160 f   ConEmuPlugin2800.obj
 0001:0000b500       ?ShowPluginMenu@CPluginW2800@@UAEHPAUConEmuPluginMenuItem@@HH@Z 1000c500 f   ConEmuPlugin2800.obj
 0001:0000b6f0       ?OpenEditor@CPluginW2800@@UAE_NPB_W_N11HH@Z 1000c6f0 f   ConEmuPlugin2800.obj
 0001:0000b840       ?ExecuteSynchroApi@CPluginW2800@@UAE_NXZ 1000c840 f   ConEmuPlugin2800.obj
 0001:0000b880       ?WaitEndSynchro@CPluginW2800@@UAEXXZ 1000c880 f   ConEmuPlugin2800.obj
 0001:0000b890       ?StopWaitEndSynchro@CPluginW2800@@UAEXXZ 1000c890 f   ConEmuPlugin2800.obj
 0001:0000b8a0       ?IsMacroActive@CPluginW2800@@UAE_NXZ 1000c8a0 f   ConEmuPlugin2800.obj
 0001:0000b8f0       ?GetMacroArea@CPluginW2800@@UAEHXZ 1000c8f0 f   ConEmuPlugin2800.obj
 0001:0000b920       ?RedrawAll@CPluginW2800@@UAEXXZ 1000c920 f   ConEmuPlugin2800.obj
 0001:0000b960       ?InputBox@CPluginW2800@@UAE_NPB_W000AAPA_W@Z 1000c960 f   ConEmuPlugin2800.obj
 0001:0000b9e0       ?ShowUserScreen@CPluginW2800@@UAEX_N@Z 1000c9e0 f   ConEmuPlugin2800.obj
 0001:0000ba30       ?LoadFarColors@CPluginW2800@@UAEXAAY0BAA@E@Z 1000ca30 f   ConEmuPlugin2800.obj
 0001:0000bbc0       ?LoadFarSettings@CPluginW2800@@UAEXPAUCEFarInterfaceSettings@@PAUCEFarPanelSettings@@@Z 1000cbc0 f   ConEmuPlugin2800.obj
 0001:0000bdd0       ?GetFarRect@CPluginW2800@@UAE_NAAU_SMALL_RECT@@@Z 1000cdd0 f   ConEmuPlugin2800.obj
 0001:0000be40       ?CheckPanelExist@CPluginW2800@@UAE_NXZ 1000ce40 f   ConEmuPlugin2800.obj
 0001:0000be90       ?GetActiveWindowType@CPluginW2800@@UAEHXZ 1000ce90 f   ConEmuPlugin2800.obj
 0001:0000bf60       ?GetWindowTypeName@CPluginW2800@@UAEPB_WH@Z 1000cf60 f   ConEmuPlugin2800.obj
 0001:0000bff0       ?GuiMacroDlg@CPluginW2800@@UAEXXZ 1000cff0 f   ConEmuPlugin2800.obj
 0001:0000c560       ?Open@CPluginW2800@@UAEPAXPBX@Z 1000d560 f   ConEmuPlugin2800.obj
 0001:0000c790       ??0FarMacroValue@@QAE@XZ   1000d790 f i ConEmuPlugin2800.obj
 0001:0000c7d0       ??0?$MArray@UWindowInfo@@@@QAE@XZ 1000d7d0 f i ConEmuPlugin2800.obj
 0001:0000c810       ??1?$MArray@UWindowInfo@@@@QAE@XZ 1000d810 f i ConEmuPlugin2800.obj
 0001:0000c830       ??A?$MArray@UWindowInfo@@@@QBEABUWindowInfo@@H@Z 1000d830 f i ConEmuPlugin2800.obj
 0001:0000c850       ??A?$MArray@UWindowInfo@@@@QAEAAUWindowInfo@@H@Z 1000d850 f i ConEmuPlugin2800.obj
 0001:0000c870       ?push_back@?$MArray@UWindowInfo@@@@QAEHABUWindowInfo@@@Z 1000d870 f i ConEmuPlugin2800.obj
 0001:0000c900       ?insert@?$MArray@UWindowInfo@@@@QAEXHABUWindowInfo@@@Z 1000d900 f i ConEmuPlugin2800.obj
 0001:0000c9c0       ?erase@?$MArray@UWindowInfo@@@@QAEXH@Z 1000d9c0 f i ConEmuPlugin2800.obj
 0001:0000ca50       ?size@?$MArray@UWindowInfo@@@@QBEHXZ 1000da50 f i ConEmuPlugin2800.obj
 0001:0000ca70       ?clear@?$MArray@UWindowInfo@@@@QAEXXZ 1000da70 f i ConEmuPlugin2800.obj
 0001:0000cac0       ?addsize@?$MArray@UWindowInfo@@@@QAEXH@Z 1000dac0 f i ConEmuPlugin2800.obj
 0001:0000cbb0       ??0CPluginW995@@QAE@XZ     1000dbb0 f   ConEmuPlugin995.obj
 0001:0000ce40       ?Open@CPluginW995@@UAEPAXPBX@Z 1000de40 f i ConEmuPlugin995.obj
 0001:0000ce60       ?ProcessEditorEventPtr@CPluginW995@@UAEHPAX@Z 1000de60 f i ConEmuPlugin995.obj
 0001:0000ce70       ?ProcessSynchroEventPtr@CPluginW995@@UAEHPAX@Z 1000de70 f i ConEmuPlugin995.obj
 0001:0000ce80       ?ProcessViewerEventPtr@CPluginW995@@UAEHPAX@Z 1000de80 f i ConEmuPlugin995.obj
 0001:0000ce90       ??_GCPluginW995@@UAEPAXI@Z 1000de90 f i ConEmuPlugin995.obj
 0001:0000ce90       ??_ECPluginW995@@UAEPAXI@Z 1000de90 f i ConEmuPlugin995.obj
 0001:0000cec0       ??1CPluginW995@@UAE@XZ     1000dec0 f i ConEmuPlugin995.obj
 0001:0000cee0       ?GetPanelDir@CPluginW995@@UAEPA_WKPA_WH@Z 1000dee0 f   ConEmuPlugin995.obj
 0001:0000d010       ?GetPanelInfo@CPluginW995@@UAE_NKPAUCEPanelInfo@@@Z 1000e010 f   ConEmuPlugin995.obj
 0001:0000d2f0       ?GetPanelItemInfo@CPluginW995@@UAE_NABUCEPanelInfo@@_NHAAU_WIN32_FIND_DATAW@@PAPA_W@Z 1000e2f0 f   ConEmuPlugin995.obj
 0001:0000d500       ?PanelControlApi@CPluginW995@@UAEHPAXHH0@Z 1000e500 f   ConEmuPlugin995.obj
 0001:0000d550       ?GetPluginInfoPtr@CPluginW995@@UAEXPAX@Z 1000e550 f   ConEmuPlugin995.obj
 0001:0000d5f0       ?SetStartupInfoPtr@CPluginW995@@UAEXPAX@Z 1000e5f0 f   ConEmuPlugin995.obj
 0001:0000d7a0       ?GetEditorModifiedState@CPluginW995@@UAEKXZ 1000e7a0 f   ConEmuPlugin995.obj
 0001:0000d7e0       ?ProcessEditorInputPtr@CPluginW995@@UAEHPBX@Z 1000e7e0 f   ConEmuPlugin995.obj
 0001:0000d810       ?GetWindowCount@CPluginW995@@UAEHXZ 1000e810 f   ConEmuPlugin995.obj
 0001:0000d860       ?UpdateConEmuTabsApi@CPluginW995@@UAE_NH@Z 1000e860 f   ConEmuPlugin995.obj
 0001:0000db40       ?ExitFar@CPluginW995@@UAEXXZ 1000eb40 f   ConEmuPlugin995.obj
 0001:0000dbd0       ?ShowMessage@CPluginW995@@UAEHPB_WH_N@Z 1000ebd0 f   ConEmuPlugin995.obj
 0001:0000dc50       ?GetMsg@CPluginW995@@UAEPB_WHPA_WI@Z 1000ec50 f   ConEmuPlugin995.obj
 0001:0000dcd0       ?SetWindow@CPluginW995@@UAEXH@Z 1000ecd0 f   ConEmuPlugin995.obj
 0001:0000dd30       ?PostMacroApi@CPluginW995@@UAEXPB_WPAU_INPUT_RECORD@@_N@Z 1000ed30 f   ConEmuPlugin995.obj
 0001:0000de00       ?ShowPluginMenu@CPluginW995@@UAEHPAUConEmuPluginMenuItem@@HH@Z 1000ee00 f   ConEmuPlugin995.obj
 0001:0000df90       ?OpenEditor@CPluginW995@@UAE_NPB_W_N11HH@Z 1000ef90 f   ConEmuPlugin995.obj
 0001:0000e0b0       ?ExecuteSynchroApi@CPluginW995@@UAE_NXZ 1000f0b0 f   ConEmuPlugin995.obj
 0001:0000e0f0       ?WaitEndSynchro@CPluginW995@@UAEXXZ 1000f0f0 f   ConEmuPlugin995.obj
 0001:0000e2a0       ?StopWaitEndSynchro@CPluginW995@@UAEXXZ 1000f2a0 f   ConEmuPlugin995.obj
 0001:0000e2d0       ?IsMacroActive@CPluginW995@@UAE_NXZ 1000f2d0 f   ConEmuPlugin995.obj
 0001:0000e330       ?GetMacroArea@CPluginW995@@UAEHXZ 1000f330 f   ConEmuPlugin995.obj
 0001:0000e370       ?RedrawAll@CPluginW995@@UAEXXZ 1000f370 f   ConEmuPlugin995.obj
 0001:0000e3b0       ?InputBox@CPluginW995@@UAE_NPB_W000AAPA_W@Z 1000f3b0 f   ConEmuPlugin995.obj
 0001:0000e420       ?ShowUserScreen@CPluginW995@@UAEX_N@Z 1000f420 f   ConEmuPlugin995.obj
 0001:0000e470       ?LoadFarColors@CPluginW995@@UAEXAAY0BAA@E@Z 1000f470 f   ConEmuPlugin995.obj
 0001:0000e540       ?LoadFarSettings@CPluginW995@@UAEXPAUCEFarInterfaceSettings@@PAUCEFarPanelSettings@@@Z 1000f540 f   ConEmuPlugin995.obj
 0001:0000e5b0       ?GetFarRect@CPluginW995@@UAE_NAAU_SMALL_RECT@@@Z 1000f5b0 f   ConEmuPlugin995.obj
 0001:0000e620       ?CheckPanelExist@CPluginW995@@UAE_NXZ 1000f620 f   ConEmuPlugin995.obj
 0001:0000e670       ?GetActiveWindowType@CPluginW995@@UAEHXZ 1000f670 f   ConEmuPlugin995.obj
 0001:0000e740       ?GetWindowTypeName@CPluginW995@@UAEPB_WH@Z 1000f740 f   ConEmuPlugin995.obj
 0001:0000e7d0       ?GuiMacroDlg@CPluginW995@@UAEXXZ 1000f7d0 f   ConEmuPlugin995.obj
 0001:0000ed20       ??0CPluginAnsi@@QAE@XZ     1000fd20 f   ConEmuPluginA.obj
 0001:0000ef80       ?ExecuteSynchroApi@CPluginAnsi@@UAE_NXZ 1000ff80 f i ConEmuPluginA.obj
 0001:0000ef90       ?GetFarRect@CPluginAnsi@@UAE_NAAU_SMALL_RECT@@@Z 1000ff90 f i ConEmuPluginA.obj
 0001:0000efa0       ?Open@CPluginAnsi@@UAEPAXPBX@Z 1000ffa0 f i ConEmuPluginA.obj
 0001:0000efc0       ?ProcessEditorEventPtr@CPluginAnsi@@UAEHPAX@Z 1000ffc0 f i ConEmuPluginA.obj
 0001:0000efd0       ?ProcessEditorInputPtr@CPluginAnsi@@UAEHPBX@Z 1000ffd0 f i ConEmuPluginA.obj
 0001:0000efe0       ?ProcessSynchroEventPtr@CPluginAnsi@@UAEHPAX@Z 1000ffe0 f i ConEmuPluginA.obj
 0001:0000eff0       ?ProcessViewerEventPtr@CPluginAnsi@@UAEHPAX@Z 1000fff0 f i ConEmuPluginA.obj
 0001:0000f000       ?StopWaitEndSynchro@CPluginAnsi@@UAEXXZ 10010000 f i ConEmuPluginA.obj
 0001:0000f010       ?WaitEndSynchro@CPluginAnsi@@UAEXXZ 10010010 f i ConEmuPluginA.obj
 0001:0000f020       ??_GCPluginAnsi@@UAEPAXI@Z 10010020 f i ConEmuPluginA.obj
 0001:0000f020       ??_ECPluginAnsi@@UAEPAXI@Z 10010020 f i ConEmuPluginA.obj
 0001:0000f050       ??1CPluginAnsi@@UAE@XZ     10010050 f i ConEmuPluginA.obj
 0001:0000f070       ?GetPanelDir@CPluginAnsi@@UAEPA_WKPA_WH@Z 10010070 f   ConEmuPluginA.obj
 0001:0000f170       ?GetPanelInfo@CPluginAnsi@@UAE_NKPAUCEPanelInfo@@@Z 10010170 f   ConEmuPluginA.obj
 0001:0000f450       ?GetPanelItemInfo@CPluginAnsi@@UAE_NABUCEPanelInfo@@_NHAAU_WIN32_FIND_DATAW@@PAPA_W@Z 10010450 f   ConEmuPluginA.obj
 0001:0000f5d0       ?PanelControlApi@CPluginAnsi@@UAEHPAXHH0@Z 100105d0 f   ConEmuPluginA.obj
 0001:0000f620       ?SetStartupInfoPtr@CPluginAnsi@@UAEXPAX@Z 10010620 f   ConEmuPluginA.obj
 0001:0000f7e0       ?GetPluginInfoPtr@CPluginAnsi@@UAEXPAX@Z 100107e0 f   ConEmuPluginA.obj
 0001:0000f890       ?GetEditorModifiedState@CPluginAnsi@@UAEKXZ 10010890 f   ConEmuPluginA.obj
 0001:0000f8d0       ?GetWindowCount@CPluginAnsi@@UAEHXZ 100108d0 f   ConEmuPluginA.obj
 0001:0000f920       ?UpdateConEmuTabsApi@CPluginAnsi@@UAE_NH@Z 10010920 f   ConEmuPluginA.obj
 0001:0000fbe0       ?ExitFar@CPluginAnsi@@UAEXXZ 10010be0 f   ConEmuPluginA.obj
 0001:0000fc40       ?SetWindow@CPluginAnsi@@UAEXH@Z 10010c40 f   ConEmuPluginA.obj
 0001:0000fcb0       ?PostMacroApi@CPluginAnsi@@UAEXPB_WPAU_INPUT_RECORD@@_N@Z 10010cb0 f   ConEmuPluginA.obj
 0001:0000fda0       ?ShowPluginMenu@CPluginAnsi@@UAEHPAUConEmuPluginMenuItem@@HH@Z 10010da0 f   ConEmuPluginA.obj
 0001:0000ff90       ?OpenEditor@CPluginAnsi@@UAE_NPB_W_N11HH@Z 10010f90 f   ConEmuPluginA.obj
 0001:000100f0       ?ShowMessage@CPluginAnsi@@UAEHPB_WH_N@Z 100110f0 f   ConEmuPluginA.obj
 0001:000101c0       ?GetMsg@CPluginAnsi@@UAEPB_WHPA_WI@Z 100111c0 f   ConEmuPluginA.obj
 0001:00010280       ?IsMacroActive@CPluginAnsi@@UAE_NXZ 10011280 f   ConEmuPluginA.obj
 0001:000102f0       ?GetMacroArea@CPluginAnsi@@UAEHXZ 100112f0 f   ConEmuPluginA.obj
 0001:00010300       ?RedrawAll@CPluginAnsi@@UAEXXZ 10011300 f   ConEmuPluginA.obj
 0001:00010340       ?InputBox@CPluginAnsi@@UAE_NPB_W000AAPA_W@Z 10011340 f   ConEmuPluginA.obj
 0001:00010470       ?ShowUserScreen@CPluginAnsi@@UAEX_N@Z 10011470 f   ConEmuPluginA.obj
 0001:000104c0       ?LoadFarColors@CPluginAnsi@@UAEXAAY0BAA@E@Z 100114c0 f   ConEmuPluginA.obj
 0001:00010590       ?LoadFarSettings@CPluginAnsi@@UAEXPAUCEFarInterfaceSettings@@PAUCEFarPanelSettings@@@Z 10011590 f   ConEmuPluginA.obj
 0001:00010600       ?CheckPanelExist@CPluginAnsi@@UAE_NXZ 10011600 f   ConEmuPluginA.obj
 0001:00010650       ?GetActiveWindowType@CPluginAnsi@@UAEHXZ 10011650 f   ConEmuPluginA.obj
 0001:000106d0       ?GetWindowTypeName@CPluginAnsi@@UAEPB_WH@Z 100116d0 f   ConEmuPluginA.obj
 0001:00010760       ?GuiMacroDlg@CPluginAnsi@@UAEXXZ 10011760 f   ConEmuPluginA.obj
 0001:00010db0       ?Plugin@@YIPAVCPluginBase@@XZ 10011db0 f   ConEmuPluginBase.obj
 0001:00010ee0       ??0CPluginBase@@QAE@XZ     10011ee0 f   ConEmuPluginBase.obj
 0001:00011190       ??_GCPluginBase@@UAEPAXI@Z 10012190 f i ConEmuPluginBase.obj
 0001:00011190       ??_ECPluginBase@@UAEPAXI@Z 10012190 f i ConEmuPluginBase.obj
 0001:000111c0       ??1CPluginBase@@UAE@XZ     100121c0 f   ConEmuPluginBase.obj
 0001:000111e0       ?DllMain_ProcessAttach@CPluginBase@@KIXPAUHINSTANCE__@@@Z 100121e0 f   ConEmuPluginBase.obj
 0001:00011360       ?DllMain_ProcessDetach@CPluginBase@@KIXXZ 10012360 f   ConEmuPluginBase.obj
 0001:00011510       ??_GMSection@@QAEPAXI@Z    10012510 f i ConEmuPluginBase.obj
 0001:00011540       ??_GMSectionSimple@@QAEPAXI@Z 10012540 f i ConEmuPluginBase.obj
 0001:00011570       ??_GCPluginBackground@@QAEPAXI@Z 10012570 f i ConEmuPluginBase.obj
 0001:000115a0       ?LoadFarVersion@CPluginBase@@SI_NXZ 100125a0 f   ConEmuPluginBase.obj
 0001:00011930       ?ShowMessageGui@CPluginBase@@QAEHHH@Z 10012930 f   ConEmuPluginBase.obj
 0001:000119e0       ?BackgroundMacroError@CPluginBase@@SGKPAX@Z 100129e0 f   ConEmuPluginBase.obj
 0001:00011a30       ?PostMacro@CPluginBase@@QAEXPB_WPAU_INPUT_RECORD@@_N@Z 10012a30 f   ConEmuPluginBase.obj
 0001:00011b00       ?isMacroActive@CPluginBase@@QAE_NAAH@Z 10012b00 f   ConEmuPluginBase.obj
 0001:00011b50       ?CheckBufferEnabled@CPluginBase@@QAE_NXZ 10012b50 f   ConEmuPluginBase.obj
 0001:00011be0       ?PanelControl@CPluginBase@@QAEHPAXHH0@Z 10012be0 f   ConEmuPluginBase.obj
 0001:00011c90       ?GetPanelInfo@CPluginBase@@QAE_NKPAUBkPanelInfo@@@Z 10012c90 f   ConEmuPluginBase.obj
 0001:00011d30       ?FillUpdateBackground@CPluginBase@@QAEXPAUPaintBackgroundArg@@@Z 10012d30 f   ConEmuPluginBase.obj
 0001:00011f00       ?StorePanelDirs@CPluginBase@@QAE_NPB_W0@Z 10012f00 f   ConEmuPluginBase.obj
 0001:00012030       ?UpdatePanelDirs@CPluginBase@@QAEXXZ 10013030 f   ConEmuPluginBase.obj
 0001:00012230       ?IsFarLua@FarVersion@@QBE_NXZ 10013230 f i ConEmuPluginBase.obj
 0001:00012280       ?RunExternalProgram@CPluginBase@@QAE_NPA_W@Z 10013280 f   ConEmuPluginBase.obj
 0001:00012470       ?ProcessCommandLine@CPluginBase@@QAE_NPA_W@Z 10013470 f   ConEmuPluginBase.obj
 0001:000124b0       ?ShowPluginMenu@CPluginBase@@QAEXW4PluginCallCommands@@@Z 100134b0 f   ConEmuPluginBase.obj
 0001:00012760       ?ShowTabsList@CPluginBase@@QAEXXZ 10013760 f   ConEmuPluginBase.obj
 0001:00012b30       ?ShowPanelsList@CPluginBase@@QAEXXZ 10013b30 f   ConEmuPluginBase.obj
 0001:00012cb0       ?DataSize@CESERVER_REQ@@QAEKXZ 10013cb0 f i ConEmuPluginBase.obj
 0001:00012cf0       ?EditViewConsoleOutput@CPluginBase@@QAEX_N@Z 10013cf0 f   ConEmuPluginBase.obj
 0001:00012db0       ?SwitchTabCommand@CPluginBase@@QAEXW4PluginMenuCommands@@@Z 10013db0 f   ConEmuPluginBase.obj
 0001:00012e70       ?ProcessSynchroEvent@CPluginBase@@QAEHHPAX@Z 10013e70 f   ConEmuPluginBase.obj
 0001:00012f20       ?ProcessEditorInputInternal@CPluginBase@@QAEXABU_INPUT_RECORD@@@Z 10013f20 f   ConEmuPluginBase.obj
 0001:00012f80       ?ProcessEditorViewerEvent@CPluginBase@@QAEHHH@Z 10013f80 f   ConEmuPluginBase.obj
 0001:00013090       ?isModalEditorViewer@CPluginBase@@QAE_NXZ 10014090 f   ConEmuPluginBase.obj
 0001:000130e0       ?GetMainThreadId@CPluginBase@@SIKXZ 100140e0 f   ConEmuPluginBase.obj
 0001:00013180       ?ShowConsoleInfo@CPluginBase@@QAEXXZ 10014180 f   ConEmuPluginBase.obj
 0001:00013300       ?RunExternalProgramW@CPluginBase@@SI_NPA_W0_N@Z 10014300 f   ConEmuPluginBase.obj
 0001:00013530       ?StartDebugger@CPluginBase@@QAE_NXZ 10014530 f   ConEmuPluginBase.obj
 0001:00013860       ?Attach2Gui@CPluginBase@@QAE_NXZ 10014860 f   ConEmuPluginBase.obj
 0001:00013d20       ?FindServerCmd@CPluginBase@@QAE_NKAAK_N@Z 10014d20 f   ConEmuPluginBase.obj
 0001:00013e10       ?ShowMessage@CPluginBase@@QAEHHH@Z 10014e10 f   ConEmuPluginBase.obj
 0001:00013e90       ?OutDataAlloc@CPluginBase@@SI_NK@Z 10014e90 f   ConEmuPluginBase.obj
 0001:00013f00       ?OutDataRealloc@CPluginBase@@SI_NK@Z 10014f00 f   ConEmuPluginBase.obj
 0001:00013fe0       ?OutDataWrite@CPluginBase@@SI_NPAXK@Z 10014fe0 f   ConEmuPluginBase.obj
 0001:000140b0       ?CreateTabs@CPluginBase@@SI_NH@Z 100150b0 f   ConEmuPluginBase.obj
 0001:00014180       ?AddTab@CPluginBase@@QAE_NAAHH_N1HPB_W2HHHH@Z 10015180 f   ConEmuPluginBase.obj
 0001:00014590       _wmemcmp                   10015590 f i ConEmuPluginBase.obj
 0001:000145f0       ?SendTabs@CPluginBase@@SIXH_N@Z 100155f0 f   ConEmuPluginBase.obj
 0001:000147d0       ?CloseTabs@CPluginBase@@SIXXZ 100157d0 f   ConEmuPluginBase.obj
 0001:00014850       ?UpdateConEmuTabs@CPluginBase@@QAE_N_N@Z 10015850 f   ConEmuPluginBase.obj
 0001:00014b50       ?CheckResources@CPluginBase@@QAEX_N@Z 10015b50 f   ConEmuPluginBase.obj
 0001:00014cc0       ?InitResources@CPluginBase@@QAEXXZ 10015cc0 f   ConEmuPluginBase.obj
 0001:00014f20       ?CloseMapHeader@CPluginBase@@SIXXZ 10015f20 f   ConEmuPluginBase.obj
 0001:00014f50       ?OpenMapHeader@CPluginBase@@SIHXZ 10015f50 f   ConEmuPluginBase.obj
 0001:00015070       ?InitRootRegKey@CPluginBase@@IAEXXZ 10016070 f   ConEmuPluginBase.obj
 0001:00015190       ?SetRootRegKey@CPluginBase@@IAEXPA_W@Z 10016190 f   ConEmuPluginBase.obj
 0001:00015290       ?LoadPanelTabsFromRegistry@CPluginBase@@IAEXXZ 10016290 f   ConEmuPluginBase.obj
 0001:00015390       ?InitHWND@CPluginBase@@SIXXZ 10016390 f   ConEmuPluginBase.obj
 0001:00015630       ?CheckConEmuDetached@CPluginBase@@SIXXZ 10016630 f   ConEmuPluginBase.obj
 0001:000156d0       ?EmergencyShow@CPluginBase@@KIXXZ 100166d0 f   ConEmuPluginBase.obj
 0001:00015730       ?MonitorThreadProcW@CPluginBase@@SGKPAX@Z 10016730 f   ConEmuPluginBase.obj
 0001:00015be0       ?OpenPluginCommon@CPluginBase@@QAEPAXHH_N@Z 10016be0 f   ConEmuPluginBase.obj
 0001:00015f60       ?ExitFarCommon@CPluginBase@@QAEXXZ 10016f60 f   ConEmuPluginBase.obj
 0001:00015fb0       ?OnMainThreadActivated@CPluginBase@@QAEXXZ 10016fb0 f   ConEmuPluginBase.obj
 0001:00016180       ?ProcessSetWindowCommand@CPluginBase@@QAEXXZ 10017180 f   ConEmuPluginBase.obj
 0001:000162c0       ?CommonPluginStartup@CPluginBase@@QAEXXZ 100172c0 f   ConEmuPluginBase.obj
 0001:000163e0       ?StopThread@CPluginBase@@QAEXXZ 100173e0 f   ConEmuPluginBase.obj
 0001:00016750       ??_G?$MFileMapping@UCESERVER_CONSOLE_MAPPING_HDR@@@@QAEPAXI@Z 10017750 f i ConEmuPluginBase.obj
 0001:00016780       ?ShutdownPluginStep@CPluginBase@@SIXPB_WHHHH@Z 10017780 f   ConEmuPluginBase.obj
 0001:000167a0       ?ExecuteSynchro@CPluginBase@@QAEXXZ 100177a0 f   ConEmuPluginBase.obj
 0001:00016860       ?WaitPluginActivation@CPluginBase@@SIKKPAPAXHK@Z 10017860 f   ConEmuPluginBase.obj
 0001:000169c0       ?ActivatePlugin@CPluginBase@@QAE_NKPAXK@Z 100179c0 f   ConEmuPluginBase.obj
 0001:00016c50       ?cmd_OpenEditorLine@CPluginBase@@QAE_NPAUCESERVER_REQ_FAREDITOR@@@Z 10017c50 f   ConEmuPluginBase.obj
 0001:00016d40       ?cmd_RedrawFarCall@CPluginBase@@QAE_NAAPAUCESERVER_REQ@@PAPAU2@@Z 10017d40 f   ConEmuPluginBase.obj
 0001:00016df0       ?cmd_SetWindow@CPluginBase@@QAE_NPAX_N@Z 10017df0 f   ConEmuPluginBase.obj
 0001:00016eb0       ?cmd_LeftClickSync@CPluginBase@@QAEXPAX@Z 10017eb0 f   ConEmuPluginBase.obj
 0001:00016ff0       ?cmd_CloseQSearch@CPluginBase@@QAEXXZ 10017ff0 f   ConEmuPluginBase.obj
 0001:00017030       ?cmd_EMenu@CPluginBase@@QAEXPAX@Z 10018030 f   ConEmuPluginBase.obj
 0001:00017100       ?cmd_ExternalCallback@CPluginBase@@QAE_NPAX@Z 10018100 f   ConEmuPluginBase.obj
 0001:00017180       ?cmd_ConSetFont@CPluginBase@@QAEXPAX@Z 10018180 f   ConEmuPluginBase.obj
 0001:000171d0       ?cmd_GuiChanged@CPluginBase@@QAEXPAX@Z 100181d0 f   ConEmuPluginBase.obj
 0001:000172b0       ?ProcessCommand@CPluginBase@@QAE_NKHPAXPAPAUCESERVER_REQ@@_N@Z 100182b0 f   ConEmuPluginBase.obj
 0001:000177e0       ?FarSetConsoleSize@CPluginBase@@SI_NFF@Z 100187e0 f   ConEmuPluginBase.obj
 0001:00017900       ?ReloadFarInfoApi@CPluginBase@@IAE_NXZ 10018900 f   ConEmuPluginBase.obj
 0001:00017b40       ?ReloadFarInfo@CPluginBase@@QAE_N_N@Z 10018b40 f   ConEmuPluginBase.obj
 0001:00017df0       ?pcc_Selected@CPluginBase@@SI_NW4PluginMenuCommands@@@Z 10018df0 f   ConEmuPluginBase.obj
 0001:00017e60       ?pcc_Disabled@CPluginBase@@SI_NW4PluginMenuCommands@@@Z 10018e60 f   ConEmuPluginBase.obj
 0001:00017f10       ?TouchReadPeekConsoleInputs@CPluginBase@@SIXH@Z 10018f10 f   ConEmuPluginBase.obj
 0001:00017f70       ?OnConsolePeekReadInput@CPluginBase@@SIX_N@Z 10018f70 f   ConEmuPluginBase.obj
 0001:00018170       ?ActiveServerPID@CESERVER_CONSOLE_MAPPING_HDR@@QBEKXZ 10019170 f i ConEmuPluginBase.obj
 0001:000181b0       ?UngetDummyMouseEvent@CPluginBase@@SI_N_NPAUHookCallbackArg@@@Z 100191b0 f   ConEmuPluginBase.obj
 0001:000183e0       ??4HANDLE2@@QAEAAU0@PAX@Z  100193e0 f i ConEmuPluginBase.obj
 0001:00018400       ?FillLoadedParm@CPluginBase@@SIXPAUConEmuLoadedArg@@PAUHINSTANCE__@@H@Z 10019400 f   ConEmuPluginBase.obj
 0001:000184e0       ?NotifyConEmuUnloaded@CPluginBase@@SIXXZ 100194e0 f   ConEmuPluginBase.obj
 0001:00018620       ?OnPanelViewCallbacks@CPluginBase@@SI_NPAUHookCallbackArg@@P6GHPAXPAU_INPUT_RECORD@@KPAKPAH@Z5@Z 10019620 f   ConEmuPluginBase.obj
 0001:00018700       ?OnShellExecuteExW_Except@CPluginBase@@SGXPAUHookCallbackArg@@@Z 10019700 f   ConEmuPluginBase.obj
 0001:00018740       ?OnGetNumberOfConsoleInputEventsPost@CPluginBase@@SGXPAUHookCallbackArg@@@Z 10019740 f   ConEmuPluginBase.obj
 0001:00018780       ?OnConsolePeekInput@CPluginBase@@SGHPAUHookCallbackArg@@@Z 10019780 f   ConEmuPluginBase.obj
 0001:00018800       ?OnConsolePeekInputPost@CPluginBase@@SGXPAUHookCallbackArg@@@Z 10019800 f   ConEmuPluginBase.obj
 0001:00018840       ?OnConsoleReadInputWork@CPluginBase@@SIHPAUHookCallbackArg@@@Z 10019840 f   ConEmuPluginBase.obj
 0001:000188e0       ?OnConsoleReadInput@CPluginBase@@SGHPAUHookCallbackArg@@@Z 100198e0 f   ConEmuPluginBase.obj
 0001:000188f0       ?OnConsoleReadInputPost@CPluginBase@@SGXPAUHookCallbackArg@@@Z 100198f0 f   ConEmuPluginBase.obj
 0001:00018b30       ?OnWriteConsoleOutput@CPluginBase@@SGHPAUHookCallbackArg@@@Z 10019b30 f   ConEmuPluginBase.obj
 0001:00018c10       ?OnConsoleDetaching@CPluginBase@@SGHPAUHookCallbackArg@@@Z 10019c10 f   ConEmuPluginBase.obj
 0001:00018d40       ?OnConsoleWasAttached@CPluginBase@@SGXPAUHookCallbackArg@@@Z 10019d40 f   ConEmuPluginBase.obj
 0001:00018db0       ?OnCurDirChanged@CPluginBase@@SGXXZ 10019db0 f   ConEmuPluginBase.obj
 0001:00018e30       ?OnLibraryLoaded@CPluginBase@@SGXPAUHINSTANCE__@@@Z 10019e30 f   ConEmuPluginBase.obj
 0001:00018eb0       ?ToUnicode@CPluginBase@@SIPA_WPBD@Z 10019eb0 f   ConEmuPluginBase.obj
 0001:00018f30       ?ToOem@CPluginBase@@SIXPB_WPADH@Z 10019f30 f   ConEmuPluginBase.obj
 0001:00018f80       ?ToOem@CPluginBase@@SIPADPB_W@Z 10019f80 f   ConEmuPluginBase.obj
 0001:00018fe0       ?ProcessDragFrom@CPluginBase@@QAEXXZ 10019fe0 f   ConEmuPluginBase.obj
 0001:000195d0       ?ProcessDragTo@CPluginBase@@QAEXXZ 1001a5d0 f   ConEmuPluginBase.obj
 0001:000199d0       ?IsCurrentTabModal@CPluginBase@@QAE_NXZ 1001a9d0 f   ConEmuPluginBase.obj
 0001:00019a90       ?PrintText@CPluginBase@@QAE_NPB_W@Z 1001aa90 f   ConEmuPluginBase.obj
 0001:00019d80       ?Ptr@?$MFileMapping@UCESERVER_CONSOLE_MAPPING_HDR@@@@QAEPAUCESERVER_CONSOLE_MAPPING_HDR@@XZ 1001ad80 f i ConEmuPluginBase.obj
 0001:00019da0       ??$wcscpy_c@$0BBE@@@YIHAAY0BBE@_WPB_W@Z 1001ada0 f i ConEmuPluginBase.obj
 0001:00019dd0       ??$wcscat_c@$0BBE@@@YIHAAY0BBE@_WPB_W@Z 1001add0 f i ConEmuPluginBase.obj
 0001:00019e00       ??$wcscat_c@$0CAE@@@YIHAAY0CAE@_WPB_W@Z 1001ae00 f i ConEmuPluginBase.obj
 0001:00019e30       ?EvaluateDefaultFontWidth@@YIHHPB_W@Z 1001ae30 f   EmergencyShow.obj
 0001:00019f90       ?SetUserFriendlyFont@@YIXPAUHWND__@@HH@Z 1001af90 f   EmergencyShow.obj
 0001:0001a480       ?CorrectConsolePos@@YIXPAUHWND__@@@Z 1001b480 f   EmergencyShow.obj
 0001:0001a5c0       ?EmergencyShow@@YIXPAUHWND__@@HH@Z 1001b5c0 f   EmergencyShow.obj
 0001:0001a710       ?IsFileBatch@@YI_NPB_W@Z   1001b710 f   Execute.obj
 0001:0001a790       ?GetImageSubsystem@@YI_NPB_WAAK11@Z 1001b790 f   Execute.obj
 0001:0001aab0       ?GetImageSubsystem@@YI_NAAK0@Z 1001bab0 f   Execute.obj
 0001:0001ab60       ?GetImageSubsystem@@YI_NU_PROCESS_INFORMATION@@AAK1@Z 1001bb60 f   Execute.obj
 0001:0001ad50       ?GetEnclosingSectionHeader@@YIPAU_IMAGE_SECTION_HEADER@@KPAUIMAGE_MAPPING@@@Z 1001bd50 f   Execute.obj
 0001:0001ade0       ?GetPtrFromRVA@@YIPAXKPAUIMAGE_MAPPING@@@Z 1001bde0 f   Execute.obj
 0001:0001ae40       ?FindImageSubsystem@@YI_NPB_WAAK1PAK@Z 1001be40 f   Execute.obj
 0001:0001b820       ?HeapInitialize@@YI_NXZ    1001c820 f   Memory.obj
 0001:0001b850       ?HeapDeinitialize@@YIXXZ   1001c850 f   Memory.obj
 0001:0001b880       ?xf_malloc@@YAPAXI@Z       1001c880 f   Memory.obj
 0001:0001b8b0       ?xf_calloc@@YAPAXII@Z      1001c8b0 f   Memory.obj
 0001:0001b8e0       ?xf_realloc@@YAPAXPAXI@Z   1001c8e0 f   Memory.obj
 0001:0001b910       ?xf_free@@YAXPAX@Z         1001c910 f   Memory.obj
 0001:0001b940       ?xf_validate@@YA_NPAX@Z    1001c940 f   Memory.obj
 0001:0001b970       ??2@YAPAXI@Z               1001c970 f   Memory.obj
 0001:0001b990       ??_U@YAPAXI@Z              1001c990 f   Memory.obj
 0001:0001b9b0       ??3@YAXPAX@Z               1001c9b0 f   Memory.obj
 0001:0001b9d0       ??_V@YAXPAX@Z              1001c9d0 f   Memory.obj
 0001:0001b9f0       ?lstrdup@@YIPADPBD@Z       1001c9f0 f   Memory.obj
 0001:0001ba60       ?StringCchCopyA@@YGJPADIPBD@Z 1001ca60 f i Memory.obj
 0001:0001bb80       ?lstrdup@@YIPA_WPB_WI@Z    1001cb80 f   Memory.obj
 0001:0001bce0       ?lstrdupW@@YIPA_WPBDI@Z    1001cce0 f   Memory.obj
 0001:0001bd60       ?lstrmerge@@YIPA_WPB_W0000@Z 1001cd60 f   Memory.obj
 0001:0001be90       ?lstrmerge@@YI_NPAPA_WPB_W111@Z 1001ce90 f   Memory.obj
 0001:0001bef0       ?FindMonitorsWorkspace@@YGHPAUHMONITOR__@@PAUHDC__@@PAUtagRECT@@J@Z 1001cef0 f   Monitors.obj
 0001:0001bf70       ?GetAllMonitorsWorkspace@@YI?AUtagRECT@@XZ 1001cf70 f   Monitors.obj
 0001:0001bff0       ?FindPrimaryMonitor@@YGHPAUHMONITOR__@@PAUHDC__@@PAUtagRECT@@J@Z 1001cff0 f   Monitors.obj
 0001:0001c070       ?GetMonitorInfoSafe@@YI_NPAUHMONITOR__@@AAUtagMONITORINFO@@@Z 1001d070 f   Monitors.obj
 0001:0001c0c0       ?GetPrimaryMonitorInfo@@YIPAUHMONITOR__@@PAUtagMONITORINFO@@@Z 1001d0c0 f   Monitors.obj
 0001:0001c170       ?GetNearestMonitorInfo@@YIPAUHMONITOR__@@PAUtagMONITORINFO@@PAU1@PBUtagRECT@@PAUHWND__@@@Z 1001d170 f   Monitors.obj
 0001:0001c260       ?EnumAllMonitors@@YGHPAUHMONITOR__@@PAUHDC__@@PAUtagRECT@@J@Z 1001d260 f   Monitors.obj
 0001:0001c2d0       ?MonitorSortCallback@@YIHAAU_FindAllMonitorsItem@@0@Z 1001d2d0 f   Monitors.obj
 0001:0001c340       ?GetNextMonitorInfo@@YIPAUHMONITOR__@@PAUtagMONITORINFO@@PBUtagRECT@@_N@Z 1001d340 f   Monitors.obj
 0001:0001c510       ??0_FindAllMonitors@@QAE@XZ 1001d510 f i Monitors.obj
 0001:0001c530       ??1_FindAllMonitors@@QAE@XZ 1001d530 f i Monitors.obj
 0001:0001c550       ??0?$MArray@U_FindAllMonitorsItem@@@@QAE@XZ 1001d550 f i Monitors.obj
 0001:0001c590       ??1?$MArray@U_FindAllMonitorsItem@@@@QAE@XZ 1001d590 f i Monitors.obj
 0001:0001c5b0       ??A?$MArray@U_FindAllMonitorsItem@@@@QAEAAU_FindAllMonitorsItem@@H@Z 1001d5b0 f i Monitors.obj
 0001:0001c5d0       ?push_back@?$MArray@U_FindAllMonitorsItem@@@@QAEHABU_FindAllMonitorsItem@@@Z 1001d5d0 f i Monitors.obj
 0001:0001c660       ?size@?$MArray@U_FindAllMonitorsItem@@@@QBEHXZ 1001d660 f i Monitors.obj
 0001:0001c680       ?sort@?$MArray@U_FindAllMonitorsItem@@@@QAEXP6IHAAU_FindAllMonitorsItem@@0@Z@Z 1001d680 f i Monitors.obj
 0001:0001c770       ?clear@?$MArray@U_FindAllMonitorsItem@@@@QAEXXZ 1001d770 f i Monitors.obj
 0001:0001c7c0       ?addsize@?$MArray@U_FindAllMonitorsItem@@@@QAEXH@Z 1001d7c0 f i Monitors.obj
 0001:0001c8b0       ??0MSection@@QAE@XZ        1001d8b0 f   MSection.obj
 0001:0001c960       ??1MSection@@QAE@XZ        1001d960 f   MSection.obj
 0001:0001ca00       ?Process_Lock@MSection@@IAEXXZ 1001da00 f   MSection.obj
 0001:0001ca20       ?Process_Unlock@MSection@@IAEXXZ 1001da20 f   MSection.obj
 0001:0001ca40       ?ThreadTerminated@MSection@@QAEXK@Z 1001da40 f   MSection.obj
 0001:0001ca90       ?AddRef@MSection@@IAEXK@Z  1001da90 f   MSection.obj
 0001:0001cb80       ?ReleaseRef@MSection@@IAEHK@Z 1001db80 f   MSection.obj
 0001:0001cc50       ?WaitUnlocked@MSection@@IAEXKK@Z 1001dc50 f   MSection.obj
 0001:0001ccf0       ?MyEnterCriticalSection@MSection@@IAE_NK@Z 1001dcf0 f   MSection.obj
 0001:0001ce60       ?Lock@MSection@@IAEHHK@Z   1001de60 f   MSection.obj
 0001:0001cfb0       ?Unlock@MSection@@IAEXH@Z  1001dfb0 f   MSection.obj
 0001:0001d020       ?isLockedExclusive@MSection@@QAE_NXZ 1001e020 f   MSection.obj
 0001:0001d070       ??0MSectionThread@@QAE@PAVMSection@@@Z 1001e070 f   MSection.obj
 0001:0001d0a0       ??1MSectionThread@@QAE@XZ  1001e0a0 f   MSection.obj
 0001:0001d0d0       ??0MSectionLock@@QAE@XZ    1001e0d0 f   MSection.obj
 0001:0001d100       ??1MSectionLock@@QAE@XZ    1001e100 f   MSection.obj
 0001:0001d130       ?Lock@MSectionLock@@QAEHPAVMSection@@HK@Z 1001e130 f   MSection.obj
 0001:0001d1b0       ?RelockExclusive@MSectionLock@@QAEHK@Z 1001e1b0 f   MSection.obj
 0001:0001d220       ?Unlock@MSectionLock@@QAEXXZ 1001e220 f   MSection.obj
 0001:0001d260       ?isLocked@MSectionLock@@QAEHH@Z 1001e260 f   MSection.obj
 0001:0001d2b0       ??0MSectionSimple@@QAE@_N@Z 1001e2b0 f   MSectionSimple.obj
 0001:0001d300       ??1MSectionSimple@@QAE@XZ  1001e300 f   MSectionSimple.obj
 0001:0001d320       ?IsInitialized@MSectionSimple@@QAE_NXZ 1001e320 f   MSectionSimple.obj
 0001:0001d360       ?Init@MSectionSimple@@QAEXXZ 1001e360 f   MSectionSimple.obj
 0001:0001d390       ?Close@MSectionSimple@@QAEXXZ 1001e390 f   MSectionSimple.obj
 0001:0001d3c0       ?Enter@MSectionSimple@@QAEXXZ 1001e3c0 f   MSectionSimple.obj
 0001:0001d3e0       ?Leave@MSectionSimple@@QAEXXZ 1001e3e0 f   MSectionSimple.obj
 0001:0001d400       ?TryEnter@MSectionSimple@@QAE_NXZ 1001e400 f   MSectionSimple.obj
 0001:0001d440       ?RecreateAndLock@MSectionSimple@@QAE_NXZ 1001e440 f   MSectionSimple.obj
 0001:0001d4d0       ??0MSectionLockSimple@@QAE@XZ 1001e4d0 f   MSectionSimple.obj
 0001:0001d4f0       ??1MSectionLockSimple@@QAE@XZ 1001e4f0 f   MSectionSimple.obj
 0001:0001d510       ?Lock@MSectionLockSimple@@QAEHPAUMSectionSimple@@K@Z 1001e510 f   MSectionSimple.obj
 0001:0001d5c0       ?Unlock@MSectionLockSimple@@QAEXXZ 1001e5c0 f   MSectionSimple.obj
 0001:0001d5f0       ?isLocked@MSectionLockSimple@@QAEHXZ 1001e5f0 f   MSectionSimple.obj
 0001:0001d610       ?NullSecurity@@YIPAU_SECURITY_ATTRIBUTES@@XZ 1001e610 f   MSecurity.obj
 0001:0001d660       ??0MNullDesc@@QAE@XZ       1001e660 f i MSecurity.obj
 0001:0001d6c0       ?NullSecurity@MNullDesc@@QAEPAU_SECURITY_ATTRIBUTES@@XZ 1001e6c0 f i MSecurity.obj
 0001:0001d7c0       ?LoadAdvApi@MNullDesc@@IAEHXZ 1001e7c0 f i MSecurity.obj
 0001:0001da10       ?UnloadAdvApi@MNullDesc@@IAEXXZ 1001ea10 f i MSecurity.obj
 0001:0001da40       ?LocalSecurity@@YIPAU_SECURITY_ATTRIBUTES@@XZ 1001ea40 f   MSecurity.obj
 0001:0001da90       ?LocalSecurity@MNullDesc@@QAEPAU_SECURITY_ATTRIBUTES@@XZ 1001ea90 f i MSecurity.obj
 0001:0001dcb0       ?ShutdownSecurity@@YIXXZ   1001ecb0 f   MSecurity.obj
 0001:0001dd00       ??_GMNullDesc@@QAEPAXI@Z   1001ed00 f i MSecurity.obj
 0001:0001dd30       ??1MNullDesc@@QAE@XZ       1001ed30 f i MSecurity.obj
 0001:0001dd90       ??0MSetter@@QAE@PAJ@Z      1001ed90 f   MSetter.obj
 0001:0001ddd0       ??0MSetter@@QAE@PA_N@Z     1001edd0 f   MSetter.obj
 0001:0001de10       ??0MSetter@@QAE@PAKK@Z     1001ee10 f   MSetter.obj
 0001:0001de50       ??1MSetter@@QAE@XZ         1001ee50 f   MSetter.obj
 0001:0001de70       ?Unlock@MSetter@@QAEXXZ    1001ee70 f   MSetter.obj
 0001:0001dee0       ?msprintf@@YAPB_WPA_WIPB_WZZ 1001eee0 f   MStrSafe.obj
 0001:0001e500       ?msprintf@@YAPBDPADIPBDZZ  1001f500 f   MStrSafe.obj
 0001:0001e960       ?lstrcmpni@@YIHPB_W0H@Z    1001f960 f   MStrSafe.obj
 0001:0001ea00       ?startswith@@YIHPB_W0_N@Z  1001fa00 f   MStrSafe.obj
 0001:0001ea90       ??0CPluginBackground@@QAE@XZ 1001fa90 f   PluginBackground.obj
 0001:0001ecd0       ??1CPluginBackground@@QAE@XZ 1001fcd0 f   PluginBackground.obj
 0001:0001ef20       ?RegisterSubplugin@CPluginBackground@@QAEHPAURegisterBackgroundArg@@@Z 1001ff20 f   PluginBackground.obj
 0001:0001f210       ?ReallocItems@CPluginBackground@@IAEXH@Z 10020210 f   PluginBackground.obj
 0001:0001f290       ?OnMainThreadActivated@CPluginBackground@@QAEXHH@Z 10020290 f   PluginBackground.obj
 0001:0001f3b0       ?SetForceCheck@CPluginBackground@@QAEXXZ 100203b0 f   PluginBackground.obj
 0001:0001f3e0       ?SetForceUpdate@CPluginBackground@@QAEX_N@Z 100203e0 f   PluginBackground.obj
 0001:0001f420       ?SetForceThLoad@CPluginBackground@@QAEXXZ 10020420 f   PluginBackground.obj
 0001:0001f460       ?IsParmChanged@CPluginBackground@@IAE_NPAUPaintBackgroundArg@@0@Z 10020460 f   PluginBackground.obj
 0001:0001f740       ?CheckPanelFolders@CPluginBackground@@IAEXH@Z 10020740 f   PluginBackground.obj
 0001:0001f840       ?SetDcPanelRect@CPluginBackground@@IAEXPAUtagRECT@@PAUBkPanelInfo@@PAUPaintBackgroundArg@@@Z 10020840 f   PluginBackground.obj
 0001:0001f980       ?UpdateBackground_Exec@CPluginBackground@@KIXPAURegisterBackgroundArg@@PAUPaintBackgroundArg@@@Z 10020980 f   PluginBackground.obj
 0001:0001f9d0       ?UpdateBackground@CPluginBackground@@IAEXXZ 100209d0 f   PluginBackground.obj
 0001:00020840       ?LoadThSet@CPluginBackground@@IAEHH@Z 10021840 f   PluginBackground.obj
 0001:00020a60       ?MonitorBackground@CPluginBackground@@QAEXXZ 10021a60 f   PluginBackground.obj
 0001:00020b10       ?GetTo@?$MFileMapping@UPanelViewSetMapping@@@@QAE_NPAUPanelViewSetMapping@@H@Z 10021b10 f i PluginBackground.obj
 0001:00020b60       ?InitName@?$MFileMapping@UPanelViewSetMapping@@@@QAEPB_WPB_WKK@Z 10021b60 f i PluginBackground.obj
 0001:00020bb0       ?CloseMap@?$MFileMapping@UPanelViewSetMapping@@@@QAEXXZ 10021bb0 f i PluginBackground.obj
 0001:00020c20       ?Open@?$MFileMapping@UPanelViewSetMapping@@@@QAEPAUPanelViewSetMapping@@HH@Z 10021c20 f i PluginBackground.obj
 0001:00020c40       ??0?$MFileMapping@UPanelViewSetMapping@@@@QAE@XZ 10021c40 f i PluginBackground.obj
 0001:00020ca0       ??1?$MFileMapping@UPanelViewSetMapping@@@@QAE@XZ 10021ca0 f i PluginBackground.obj
 0001:00020cc0       ?IsValid@?$MFileMapping@UPanelViewSetMapping@@@@QAE_NXZ 10021cc0 f i PluginBackground.obj
 0001:00020ce0       ?ClosePtr@?$MFileMapping@UPanelViewSetMapping@@@@QAEXXZ 10021ce0 f i PluginBackground.obj
 0001:00020d10       ?InternalOpenCreate@?$MFileMapping@UPanelViewSetMapping@@@@IAEPAUPanelViewSetMapping@@HHH@Z 10021d10 f i PluginBackground.obj
 0001:00020fe0       ?PlugServerInit@@YIXXZ     10021fe0 f   PluginSrv.obj
 0001:00020ff0       ?PlugServerStart@@YI_NXZ   10021ff0 f   PluginSrv.obj
 0001:000210e0       ?PlugServerStop@@YIX_N@Z   100220e0 f   PluginSrv.obj
 0001:00021130       ?cmd_FarSetChanged@@YIXPAUFAR_REQ_FARSETCHANGED@@@Z 10022130 f   PluginSrv.obj
 0001:000211a0       ?PlugServerCommand@@YGHPAXPAUCESERVER_REQ@@AAPAU1@AAK3J@Z 100221a0 f   PluginSrv.obj
 0001:00021920       ?PlugServerFree@@YGXPAUCESERVER_REQ@@J@Z 10022920 f   PluginSrv.obj
 0001:00021930       ?SetOverlapped@?$PipeServer@UCESERVER_REQ@@@@QAEX_N@Z 10022930 f i PluginSrv.obj
 0001:00021950       ?SetLoopCommands@?$PipeServer@UCESERVER_REQ@@@@QAEX_N@Z 10022950 f i PluginSrv.obj
 0001:00021970       ?SetDummyAnswerSize@?$PipeServer@UCESERVER_REQ@@@@QAEXH@Z 10022970 f i PluginSrv.obj
 0001:00021990       ?SetMaxCount@?$PipeServer@UCESERVER_REQ@@@@QAEXH@Z 10022990 f i PluginSrv.obj
 0001:000219d0       ?StartPipeServer@?$PipeServer@UCESERVER_REQ@@@@QAE_N_NPB_WJPAU_SECURITY_ATTRIBUTES@@P6GHPAXPAUCESERVER_REQ@@AAPAU3@AAK6J@ZP6GX4J@ZP6GH3J@Z99@Z 100229d0 f i PluginSrv.obj
 0001:00021bb0       ?StopPipeServer@?$PipeServer@UCESERVER_REQ@@@@QAEX_N@Z 10022bb0 f i PluginSrv.obj
 0001:000220f0       ?BreakConnection@?$PipeServer@UCESERVER_REQ@@@@QAEXPAX@Z 100230f0 f i PluginSrv.obj
 0001:00022110       ?DumpError@?$PipeServer@UCESERVER_REQ@@@@IAEXPAUPipeInst@1@PB_WH@Z 10023110 f i PluginSrv.obj
 0001:00022200       ?_Disconnect@?$PipeServer@UCESERVER_REQ@@@@IAEXPAUPipeInst@1@_N11@Z 10023200 f i PluginSrv.obj
 0001:00022280       ?StartPipeInstance@?$PipeServer@UCESERVER_REQ@@@@IAE_NPAUPipeInst@1@@Z 10023280 f i PluginSrv.obj
 0001:00022390       ?TerminatePipeThread@?$PipeServer@UCESERVER_REQ@@@@KIXPAXABUPipeInst@1@@Z 10023390 f i PluginSrv.obj
 0001:000223b0       ?_PipeServerThread@?$PipeServer@UCESERVER_REQ@@@@KGKPAX@Z 100233b0 f i PluginSrv.obj
 0001:00022430       ?PipeServerThread@?$PipeServer@UCESERVER_REQ@@@@IAEKPAUPipeInst@1@@Z 10023430 f i PluginSrv.obj
 0001:000227c0       ?PipeServerRead@?$PipeServer@UCESERVER_REQ@@@@IAEHPAUPipeInst@1@@Z 100237c0 f i PluginSrv.obj
 0001:00022b50       ?PipeServerWrite@?$PipeServer@UCESERVER_REQ@@@@IAEHPAUPipeInst@1@PBXKPAKH@Z 10023b50 f i PluginSrv.obj
 0001:00022cf0       ?WaitForClient@?$PipeServer@UCESERVER_REQ@@@@IAE_NPAUPipeInst@1@AAH1@Z 10023cf0 f i PluginSrv.obj
 0001:000230d0       ?WriteDummyAnswer@?$PipeServer@UCESERVER_REQ@@@@IAEHPAUPipeInst@1@@Z 100240d0 f i PluginSrv.obj
 0001:00023150       ?WaitOverlapped@?$PipeServer@UCESERVER_REQ@@@@IAEHPAUPipeInst@1@PAK@Z 10024150 f i PluginSrv.obj
 0001:00023380       ?AllocRequestBuf@PipeInst@?$PipeServer@UCESERVER_REQ@@@@QAEPAUCESERVER_REQ@@K@Z 10024380 f i PluginSrv.obj
 0001:00023400       ??$wcscpy_c@$0BAE@@@YIHAAY0BAE@_WPB_W@Z 10024400 f i PluginSrv.obj
 0001:00023510       ?SetConEmuEnvHWND@@YIXPB_WPAUHWND__@@@Z 10024510 f   SetEnvVar.obj
 0001:00023560       ?SetConEmuEnvVar@@YIXPAUHWND__@@@Z 10024560 f   SetEnvVar.obj
 0001:000235d0       ?SetConEmuEnvVarChild@@YIXPAUHWND__@@0@Z 100245d0 f   SetEnvVar.obj
 0001:00023600       ?SetConEmuWorkEnvVar@@YIXPAUHINSTANCE__@@@Z 10024600 f   SetEnvVar.obj
 0001:00023780       ?ShutdownConsole@@YGXXZ    10024780 f   WConsole.obj
 0001:000237d0       ?SetConsoleInfo@@YIHPAUHWND__@@PAU_CONSOLE_INFO@@@Z 100247d0 f   WConsole.obj
 0001:00023ab0       ?ChangeScreenBufferSize@@YIXAAU_CONSOLE_SCREEN_BUFFER_INFO@@FFFF@Z 10024ab0 f   WConsole.obj
 0001:00023bc0       ?GetConWindowSize@@YIHABU_CONSOLE_SCREEN_BUFFER_INFO@@HHKPAH1PAK@Z 10024bc0 f   WConsole.obj
 0001:00023d10       ?GetConsoleSizeInfo@@YIXPAU_CONSOLE_INFO@@@Z 10024d10 f   WConsole.obj
 0001:00023dc0       ?apiGetConsoleScreenBufferInfoEx@@YIHPAXPAUMY_CONSOLE_SCREEN_BUFFER_INFOEX@@@Z 10024dc0 f   WConsole.obj
 0001:00023e30       ?apiSetConsoleScreenBufferInfoEx@@YIHPAXPAUMY_CONSOLE_SCREEN_BUFFER_INFOEX@@@Z 10024e30 f   WConsole.obj
 0001:00023eb0       ?apiGetConsoleFontSize@@YIHPAXAAH1AAY0CA@_W@Z 10024eb0 f   WConsole.obj
 0001:00023f50       ?apiSetConsoleFontSize@@YIHPAXHHPB_W@Z 10024f50 f   WConsole.obj
 0001:00024000       ?apiFixFontSizeForBufferSize@@YIHPAXU_COORD@@PADH@Z 10025000 f   WConsole.obj
 0001:00024510       ?SetConsoleFontSizeTo@@YIXPAUHWND__@@HHPB_WGG@Z 10025510 f   WConsole.obj
 0001:00024a90       ?MyGetLargestConsoleWindowSize@@YI?AU_COORD@@PAX@Z 10025a90 f   WConsole.obj
 0001:00024b70       ?SearchAppPaths@@YI_NPB_WAAUCmdArg@@_NPAU1@@Z 10025b70 f   WFiles.obj
 0001:000250a0       ?GetFullPathNameEx@@YIPA_WPB_W@Z 100260a0 f   WFiles.obj
 0001:00025180       ?FindFileName@@YI_NPB_WAAUCmdArg@@@Z 10026180 f   WFiles.obj
 0001:00025370       ?MakePathProperCase@@YI_NAAUCmdArg@@@Z 10026370 f   WFiles.obj
 0001:000255a0       ?ReadTextFile@@YIHPB_WKAAPA_WAAK2K@Z 100265a0 f   WFiles.obj
 0001:000259d0       ?WriteTextFile@@YIHPB_W0HK_NPAK@Z 100269d0 f   WFiles.obj
 0001:00025c50       ?FilesExists@@YI_NPB_W0_NH@Z 10026c50 f   WFiles.obj
 0001:00025d90       ?IsDotsName@@YI_NPB_W@Z    10026d90 f   WFiles.obj
 0001:00025df0       ?FileExistSubDir@@YI_NPB_W0HAAUCmdArg@@@Z 10026df0 f   WFiles.obj
 0001:00025ff0       ?DirectoryExists@@YI_NPB_W@Z 10026ff0 f   WFiles.obj
 0001:00026150       ?MyCreateDirectory@@YI_NPA_W@Z 10027150 f   WFiles.obj
 0001:00026260       ?FileCompare@@YI_NPB_W0@Z  10027260 f   WFiles.obj
 0001:00026480       ?getWindowInfo@@YIXPAUHWND__@@AAY0EAA@_W_NPAK@Z 10027480 f   WObjects.obj
 0001:00026630       ?FileExists@@YI_NPB_WPAK@Z 10027630 f   WObjects.obj
 0001:00026810       ?FileSearchInDir@@YI_NPB_WAAUCmdArg@@@Z 10027810 f   WObjects.obj
 0001:000269d0       ?FileExistsSearch@@YI_NPB_WAAUCmdArg@@_N2@Z 100279d0 f   WObjects.obj
 0001:00026ad0       ?GetShortFileName@@YI_NPB_WHPA_WH@Z 10027ad0 f   WObjects.obj
 0001:00026ce0       ?GetShortFileNameEx@@YIPA_WPB_WH@Z 10027ce0 f   WObjects.obj
 0001:000270f0       ?IsWine@@YI_NXZ            100280f0 f   WObjects.obj
 0001:00027210       ?IsWinPE@@YI_NXZ           10028210 f   WObjects.obj
 0001:00027280       ?IsWin10@@YI_NXZ           10028280 f   WObjects.obj
 0001:00027320       ?IsDbcs@@YI_NXZ            10028320 f   WObjects.obj
 0001:00027340       ?IsWindows64@@YI_NXZ       10028340 f   WObjects.obj
 0001:000273d0       ?IsHwFullScreenAvailable@@YI_NXZ 100283d0 f   WObjects.obj
 0001:00027470       ?IsVsNetHostExe@@YI_NPB_W@Z 10028470 f   WObjects.obj
 0001:000274f0       ?GetProcessBits@@YIHKPAX@Z 100284f0 f   WObjects.obj
 0001:000275f0       ?GetProcessInfo@@YI_NKPAUtagPROCESSENTRY32W@@@Z 100285f0 f   WObjects.obj
 0001:000276e0       ?isTerminalMode@@YI_NXZ    100286e0 f   WObjects.obj
 0001:00027a00       ?IsModuleValid@@YI_NPAUHINSTANCE__@@H@Z 10028a00 f   WObjects.obj
 0001:00027b40       ?CheckCallbackPtr@@YI_NPAUHINSTANCE__@@IPAP6GHXZHHH@Z 10028b40 f   WObjects.obj
 0001:00027c90       ?ExpandMacroValues@@YIPA_WPB_WPAPB_WI@Z 10028c90 f   WObjects.obj
 0001:00027e50       ?ExpandEnvStr@@YIPA_WPB_W@Z 10028e50 f   WObjects.obj
 0001:00027f30       ?GetEnvVar@@YIPA_WPB_W@Z   10028f30 f   WObjects.obj
 0001:00028000       ?GetComspecFromEnvVar@@YIPB_WPA_WKW4ComSpecBits@@@Z 10029000 f   WObjects.obj
 0001:00028280       ?GetComspec@@YIPA_WPBUConEmuComspec@@@Z 10029280 f   WObjects.obj
 0001:000284c0       ?IsExportEnvVarAllowed@@YI_NPB_W@Z 100294c0 f   WObjects.obj
 0001:00028530       ?ApplyExportEnvVar@@YIXPB_W@Z 10029530 f   WObjects.obj
 0001:000285b0       ?CoordInSmallRect@@YI_NABU_COORD@@ABU_SMALL_RECT@@@Z 100295b0 f   WObjects.obj
 0001:00028620       ??$wcscpy_c@$0EAA@@@YIHAAY0EAA@_WPB_W@Z 10029620 f i WObjects.obj
 0001:00028650       ??$wcscpy_c@$0BAA@@@YIHAAY0BAA@_WPB_W@Z 10029650 f i WObjects.obj
 0001:00028680       ?apiSetForegroundWindow@@YI_NPAUHWND__@@@Z 10029680 f   WUser.obj
 0001:000286b0       ?apiShowWindow@@YI_NPAUHWND__@@H@Z 100296b0 f   WUser.obj
 0001:000286e0       ?apiShowWindowAsync@@YI_NPAUHWND__@@H@Z 100296e0 f   WUser.obj
 0001:00028710       ?IsUserAdmin@@YI_NXZ       10029710 f   WUser.obj
 0001:00028800       ?GetLogonSID@@YI_NPAXPAPA_W@Z 10029800 f   WUser.obj
 0001:00028920       ?RemoveOldComSpecC@@YIXXZ  10029920 f   WUser.obj
 0001:00028a50       ?DuplicateProcessHandle@@YIPAXK@Z 10029a50 f   WUser.obj
 0001:00028ac0       ?FindComspec@@YIXPAUConEmuComspec@@_N@Z 10029ac0 f   WUser.obj
 0001:00029420       ?UpdateComspec@@YIXPAUConEmuComspec@@_N@Z 1002a420 f   WUser.obj
 0001:00029760       ?SetEnvVarExpanded@@YIXPB_W0@Z 1002a760 f   WUser.obj
 0001:00029934       _SetEnvironmentVariableW@8 1002a934 f   kernel32:KERNEL32.dll
 0001:0002993a       _lstrlenW@4                1002a93a f   kernel32:KERNEL32.dll
 0001:00029940       _lstrcpynW@12              1002a940 f   kernel32:KERNEL32.dll
 0001:00029946       _lstrcmpiW@8               1002a946 f   kernel32:KERNEL32.dll
 0001:0002994c       _lstrcmpW@8                1002a94c f   kernel32:KERNEL32.dll
 0001:00029952       _GetCurrentDirectoryW@8    1002a952 f   kernel32:KERNEL32.dll
 0001:00029958       _SearchPathW@24            1002a958 f   kernel32:KERNEL32.dll
 0001:0002995e       _GetProcAddress@8          1002a95e f   kernel32:KERNEL32.dll
 0001:00029964       _GetModuleHandleW@4        1002a964 f   kernel32:KERNEL32.dll
 0001:0002996a       _GetModuleFileNameW@12     1002a96a f   kernel32:KERNEL32.dll
 0001:00029970       _SetNamedPipeHandleState@16 1002a970 f   kernel32:KERNEL32.dll
 0001:00029976       _GetCurrentProcessId@0     1002a976 f   kernel32:KERNEL32.dll
 0001:0002997c       _Sleep@4                   1002a97c f   kernel32:KERNEL32.dll
 0001:00029982       _SetLastError@4            1002a982 f   kernel32:KERNEL32.dll
 0001:00029988       _WaitNamedPipeW@8          1002a988 f   kernel32:KERNEL32.dll
 0001:0002998e       _WaitForSingleObject@8     1002a98e f   kernel32:KERNEL32.dll
 0001:00029994       _GetLastError@0            1002a994 f   kernel32:KERNEL32.dll
 0001:0002999a       _CreateFileW@28            1002a99a f   kernel32:KERNEL32.dll
 0001:000299a0       _GetTickCount@0            1002a9a0 f   kernel32:KERNEL32.dll
 0001:000299a6       _IsDebuggerPresent@0       1002a9a6 f   kernel32:KERNEL32.dll
 0001:000299ac       _GetCurrentThreadId@0      1002a9ac f   kernel32:KERNEL32.dll
 0001:000299b2       _ReadFile@20               1002a9b2 f   kernel32:KERNEL32.dll
 0001:000299b8       _CloseHandle@4             1002a9b8 f   kernel32:KERNEL32.dll
 0001:000299be       _TransactNamedPipe@28      1002a9be f   kernel32:KERNEL32.dll
 0001:000299c4       _WriteFile@20              1002a9c4 f   kernel32:KERNEL32.dll
 0001:000299ca       _GetConsoleWindow@0        1002a9ca f   kernel32:KERNEL32.dll
 0001:000299d0       _UnmapViewOfFile@4         1002a9d0 f   kernel32:KERNEL32.dll
 0001:000299d6       _MapViewOfFile@20          1002a9d6 f   kernel32:KERNEL32.dll
 0001:000299dc       _OpenFileMappingW@12       1002a9dc f   kernel32:KERNEL32.dll
 0001:000299e2       _LoadLibraryW@4            1002a9e2 f   kernel32:KERNEL32.dll
 0001:000299e8       _CreateFileMappingW@24     1002a9e8 f   kernel32:KERNEL32.dll
 0001:000299ee       _VirtualProtect@16         1002a9ee f   kernel32:KERNEL32.dll
 0001:000299f4       _CreateThread@24           1002a9f4 f   kernel32:KERNEL32.dll
 0001:000299fa       _lstrcpyW@8                1002a9fa f   kernel32:KERNEL32.dll
 0001:00029a00       _MultiByteToWideChar@24    1002aa00 f   kernel32:KERNEL32.dll
 0001:00029a06       _lstrcpynA@12              1002aa06 f   kernel32:KERNEL32.dll
 0001:00029a0c       _lstrlenA@4                1002aa0c f   kernel32:KERNEL32.dll
 0001:00029a12       _WideCharToMultiByte@32    1002aa12 f   kernel32:KERNEL32.dll
 0001:00029a18       _lstrcpyA@8                1002aa18 f   kernel32:KERNEL32.dll
 0001:00029a1e       _lstrcatW@8                1002aa1e f   kernel32:KERNEL32.dll
 0001:00029a24       _GetConsoleCursorInfo@8    1002aa24 f   kernel32:KERNEL32.dll
 0001:00029a2a       _GetConsoleScreenBufferInfo@8 1002aa2a f   kernel32:KERNEL32.dll
 0001:00029a30       _GetStdHandle@4            1002aa30 f   kernel32:KERNEL32.dll
 0001:00029a36       _GetConsoleTitleW@8        1002aa36 f   kernel32:KERNEL32.dll
 0001:00029a3c       _DeleteFileW@4             1002aa3c f   kernel32:KERNEL32.dll
 0001:00029a42       _Thread32Next@8            1002aa42 f   kernel32:KERNEL32.dll
 0001:00029a48       _Thread32First@8           1002aa48 f   kernel32:KERNEL32.dll
 0001:00029a4e       _CreateToolhelp32Snapshot@8 1002aa4e f   kernel32:KERNEL32.dll
 0001:00029a54       _GetConsoleMode@8          1002aa54 f   kernel32:KERNEL32.dll
 0001:00029a5a       _GetExitCodeProcess@8      1002aa5a f   kernel32:KERNEL32.dll
 0001:00029a60       _CreateProcessW@40         1002aa60 f   kernel32:KERNEL32.dll
 0001:00029a66       _SetConsoleMode@8          1002aa66 f   kernel32:KERNEL32.dll
 0001:00029a6c       _GetEnvironmentVariableW@12 1002aa6c f   kernel32:KERNEL32.dll
 0001:00029a72       _WaitForMultipleObjects@16 1002aa72 f   kernel32:KERNEL32.dll
 0001:00029a78       _CreateEventW@16           1002aa78 f   kernel32:KERNEL32.dll
 0001:00029a7e       _SetConsoleTitleW@4        1002aa7e f   kernel32:KERNEL32.dll
 0001:00029a84       _CreateSemaphoreW@16       1002aa84 f   kernel32:KERNEL32.dll
 0001:00029a8a       _ResetEvent@4              1002aa8a f   kernel32:KERNEL32.dll
 0001:00029a90       _TerminateProcess@8        1002aa90 f   kernel32:KERNEL32.dll
 0001:00029a96       _GetCurrentProcess@0       1002aa96 f   kernel32:KERNEL32.dll
 0001:00029a9c       _SetEvent@4                1002aa9c f   kernel32:KERNEL32.dll
 0001:00029aa2       _IsBadStringPtrW@8         1002aaa2 f   kernel32:KERNEL32.dll
 0001:00029aa8       _Module32NextW@8           1002aaa8 f   kernel32:KERNEL32.dll
 0001:00029aae       _Module32FirstW@8          1002aaae f   kernel32:KERNEL32.dll
 0001:00029ab4       _TerminateThread@8         1002aab4 f   kernel32:KERNEL32.dll
 0001:00029aba       _InterlockedDecrement@4    1002aaba f   kernel32:KERNEL32.dll
 0001:00029ac0       _InterlockedIncrement@4    1002aac0 f   kernel32:KERNEL32.dll
 0001:00029ac6       _ReleaseSemaphore@12       1002aac6 f   kernel32:KERNEL32.dll
 0001:00029acc       _WriteConsoleInputW@16     1002aacc f   kernel32:KERNEL32.dll
 0001:00029ad2       _GetNumberOfConsoleInputEvents@8 1002aad2 f   kernel32:KERNEL32.dll
 0001:00029ad8       _ReadConsoleInputW@16      1002aad8 f   kernel32:KERNEL32.dll
 0001:00029ade       _PeekConsoleInputW@16      1002aade f   kernel32:KERNEL32.dll
 0001:00029ae4       _SuspendThread@4           1002aae4 f   kernel32:KERNEL32.dll
 0001:00029aea       _ResumeThread@4            1002aaea f   kernel32:KERNEL32.dll
 0001:00029af0       _VerifyVersionInfoW@16     1002aaf0 f   kernel32:KERNEL32.dll
 0001:00029af6       _VerSetConditionMask@16    1002aaf6 f   kernel32:KERNEL32.dll
 0001:00029afc       _ReleaseMutex@4            1002aafc f   kernel32:KERNEL32.dll
 0001:00029b02       _CreateMutexW@12           1002ab02 f   kernel32:KERNEL32.dll
 0001:00029b08       _SetFilePointer@16         1002ab08 f   kernel32:KERNEL32.dll
 0001:00029b0e       _GetFileInformationByHandle@8 1002ab0e f   kernel32:KERNEL32.dll
 0001:00029b14       _ReadProcessMemory@20      1002ab14 f   kernel32:KERNEL32.dll
 0001:00029b1a       _FreeLibrary@4             1002ab1a f   kernel32:KERNEL32.dll
 0001:00029b20       _ExpandEnvironmentStringsW@12 1002ab20 f   kernel32:KERNEL32.dll
 0001:00029b26       _DebugBreak@0              1002ab26 f   kernel32:KERNEL32.dll
 0001:00029b2c       _HeapCreate@12             1002ab2c f   kernel32:KERNEL32.dll
 0001:00029b32       _HeapDestroy@4             1002ab32 f   kernel32:KERNEL32.dll
 0001:00029b38       _HeapAlloc@12              1002ab38 f   kernel32:KERNEL32.dll
 0001:00029b3e       _HeapReAlloc@16            1002ab3e f   kernel32:KERNEL32.dll
 0001:00029b44       _HeapFree@12               1002ab44 f   kernel32:KERNEL32.dll
 0001:00029b4a       _HeapValidate@12           1002ab4a f   kernel32:KERNEL32.dll
 0001:00029b50       _OpenThread@12             1002ab50 f   kernel32:KERNEL32.dll
 0001:00029b56       _InitializeCriticalSection@4 1002ab56 f   kernel32:KERNEL32.dll
 0001:00029b5c       _DeleteCriticalSection@4   1002ab5c f   kernel32:KERNEL32.dll
 0001:00029b62       _EnterCriticalSection@4    1002ab62 f   kernel32:KERNEL32.dll
 0001:00029b68       _LeaveCriticalSection@4    1002ab68 f   kernel32:KERNEL32.dll
 0001:00029b6e       _TryEnterCriticalSection@4 1002ab6e f   kernel32:KERNEL32.dll
 0001:00029b74       _LocalFree@4               1002ab74 f   kernel32:KERNEL32.dll
 0001:00029b7a       _LocalAlloc@8              1002ab7a f   kernel32:KERNEL32.dll
 0001:00029b80       _DisconnectNamedPipe@4     1002ab80 f   kernel32:KERNEL32.dll
 0001:00029b86       _SetThreadPriority@8       1002ab86 f   kernel32:KERNEL32.dll
 0001:00029b8c       _FlushFileBuffers@4        1002ab8c f   kernel32:KERNEL32.dll
 0001:00029b92       _GetOverlappedResult@16    1002ab92 f   kernel32:KERNEL32.dll
 0001:00029b98       _ConnectNamedPipe@8        1002ab98 f   kernel32:KERNEL32.dll
 0001:00029b9e       _CreateNamedPipeW@32       1002ab9e f   kernel32:KERNEL32.dll
 0001:00029ba4       _SetConsoleWindowInfo@12   1002aba4 f   kernel32:KERNEL32.dll
 0001:00029baa       _GetConsoleOutputCP@0      1002abaa f   kernel32:KERNEL32.dll
 0001:00029bb0       _GetLargestConsoleWindowSize@4 1002abb0 f   kernel32:KERNEL32.dll
 0001:00029bb6       _GetFullPathNameW@16       1002abb6 f   kernel32:KERNEL32.dll
 0001:00029bbc       _FindClose@4               1002abbc f   kernel32:KERNEL32.dll
 0001:00029bc2       _FindFirstFileW@8          1002abc2 f   kernel32:KERNEL32.dll
 0001:00029bc8       _GetFileSize@8             1002abc8 f   kernel32:KERNEL32.dll
 0001:00029bce       _FindNextFileW@8           1002abce f   kernel32:KERNEL32.dll
 0001:00029bd4       _CreateDirectoryW@8        1002abd4 f   kernel32:KERNEL32.dll
 0001:00029bda       _GetFileSizeEx@8           1002abda f   kernel32:KERNEL32.dll
 0001:00029be0       _OpenProcess@12            1002abe0 f   kernel32:KERNEL32.dll
 0001:00029be6       _Process32NextW@8          1002abe6 f   kernel32:KERNEL32.dll
 0001:00029bec       _Process32FirstW@8         1002abec f   kernel32:KERNEL32.dll
 0001:00029bf2       _IsBadReadPtr@8            1002abf2 f   kernel32:KERNEL32.dll
 0001:00029bf8       _VirtualFree@12            1002abf8 f   kernel32:KERNEL32.dll
 0001:00029bfe       _VirtualAlloc@16           1002abfe f   kernel32:KERNEL32.dll
 0001:00029c04       _GetSystemInfo@4           1002ac04 f   kernel32:KERNEL32.dll
 0001:00029c0a       _GetWindowsDirectoryW@8    1002ac0a f   kernel32:KERNEL32.dll
 0001:00029c10       _DuplicateHandle@28        1002ac10 f   kernel32:KERNEL32.dll
 0001:00029c16       _CharUpperBuffW@8          1002ac16 f   user32:USER32.dll
 0001:00029c1c       _MapVirtualKeyW@8          1002ac1c f   user32:USER32.dll
 0001:00029c22       _VkKeyScanW@4              1002ac22 f   user32:USER32.dll
 0001:00029c28       _IsWindow@4                1002ac28 f   user32:USER32.dll
 0001:00029c2e       _GetWindowThreadProcessId@8 1002ac2e f   user32:USER32.dll
 0001:00029c34       _FindWindowW@8             1002ac34 f   user32:USER32.dll
 0001:00029c3a       _MessageBoxW@16            1002ac3a f   user32:USER32.dll
 0001:00029c40       _wsprintfW                 1002ac40 f   user32:USER32.dll
 0001:00029c46       _GetWindowLongW@8          1002ac46 f   user32:USER32.dll
 0001:00029c4c       _GetParent@4               1002ac4c f   user32:USER32.dll
 0001:00029c52       _RegisterWindowMessageW@4  1002ac52 f   user32:USER32.dll
 0001:00029c58       _IsWindowVisible@4         1002ac58 f   user32:USER32.dll
 0001:00029c5e       _PostMessageW@16           1002ac5e f   user32:USER32.dll
 0001:00029c64       _GetSystemMetrics@4        1002ac64 f   user32:USER32.dll
 0001:00029c6a       _GetMonitorInfoW@8         1002ac6a f   user32:USER32.dll
 0001:00029c70       _MonitorFromWindow@8       1002ac70 f   user32:USER32.dll
 0001:00029c76       _SetWindowPos@28           1002ac76 f   user32:USER32.dll
 0001:00029c7c       _GetWindowRect@8           1002ac7c f   user32:USER32.dll
 0001:00029c82       _EnableWindow@8            1002ac82 f   user32:USER32.dll
 0001:00029c88       _IsWindowEnabled@4         1002ac88 f   user32:USER32.dll
 0001:00029c8e       _IsRectEmpty@4             1002ac8e f   user32:USER32.dll
 0001:00029c94       _EnumDisplayMonitors@16    1002ac94 f   user32:USER32.dll
 0001:00029c9a       _SystemParametersInfoW@16  1002ac9a f   user32:USER32.dll
 0001:00029ca0       _MonitorFromRect@8         1002aca0 f   user32:USER32.dll
 0001:00029ca6       _FillRect@12               1002aca6 f   user32:USER32.dll
 0001:00029cac       _ReleaseDC@8               1002acac f   user32:USER32.dll
 0001:00029cb2       _GetDC@4                   1002acb2 f   user32:USER32.dll
 0001:00029cb8       _ActivateKeyboardLayout@8  1002acb8 f   user32:USER32.dll
 0001:00029cbe       _LoadKeyboardLayoutW@8     1002acbe f   user32:USER32.dll
 0001:00029cc4       _ShowWindow@8              1002acc4 f   user32:USER32.dll
 0001:00029cca       _SendMessageW@16           1002acca f   user32:USER32.dll
 0001:00029cd0       _GetWindowTextW@12         1002acd0 f   user32:USER32.dll
 0001:00029cd6       _GetClassNameW@12          1002acd6 f   user32:USER32.dll
 0001:00029cdc       _SetForegroundWindow@4     1002acdc f   user32:USER32.dll
 0001:00029ce2       _ShowWindowAsync@8         1002ace2 f   user32:USER32.dll
 0001:00029ce8       _DeleteObject@4            1002ace8 f   gdi32:GDI32.dll
 0001:00029cee       _DeleteDC@4                1002acee f   gdi32:GDI32.dll
 0001:00029cf4       _GetTextMetricsW@8         1002acf4 f   gdi32:GDI32.dll
 0001:00029cfa       _SelectObject@8            1002acfa f   gdi32:GDI32.dll
 0001:00029d00       _CreateCompatibleDC@4      1002ad00 f   gdi32:GDI32.dll
 0001:00029d06       _CreateFontIndirectW@4     1002ad06 f   gdi32:GDI32.dll
 0001:00029d0c       _DeleteEnhMetaFile@4       1002ad0c f   gdi32:GDI32.dll
 0001:00029d12       _GetEnhMetaFileBits@12     1002ad12 f   gdi32:GDI32.dll
 0001:00029d18       _CloseEnhMetaFile@4        1002ad18 f   gdi32:GDI32.dll
 0001:00029d1e       _GdiFlush@0                1002ad1e f   gdi32:GDI32.dll
 0001:00029d24       _CreateSolidBrush@4        1002ad24 f   gdi32:GDI32.dll
 0001:00029d2a       _CreateDIBSection@24       1002ad2a f   gdi32:GDI32.dll
 0001:00029d30       _CreateEnhMetaFileW@16     1002ad30 f   gdi32:GDI32.dll
 0001:00029d36       _GetDeviceCaps@8           1002ad36 f   gdi32:GDI32.dll
 0001:00029d3c       _RegCloseKey@4             1002ad3c f   advapi32:ADVAPI32.dll
 0001:00029d42       _RegQueryValueExW@24       1002ad42 f   advapi32:ADVAPI32.dll
 0001:00029d48       _RegOpenKeyExW@20          1002ad48 f   advapi32:ADVAPI32.dll
 0001:00029d4e       _RegCreateKeyExW@36        1002ad4e f   advapi32:ADVAPI32.dll
 0001:00029d54       _FreeSid@4                 1002ad54 f   advapi32:ADVAPI32.dll
 0001:00029d5a       _CheckTokenMembership@12   1002ad5a f   advapi32:ADVAPI32.dll
 0001:00029d60       _AllocateAndInitializeSid@44 1002ad60 f   advapi32:ADVAPI32.dll
 0001:00029d66       _ConvertSidToStringSidW@8  1002ad66 f   advapi32:ADVAPI32.dll
 0001:00029d6c       _GetTokenInformation@20    1002ad6c f   advapi32:ADVAPI32.dll
 0001:00029d72       _OpenProcessToken@12       1002ad72 f   advapi32:ADVAPI32.dll
 0001:00029d78       _RegEnumKeyExW@32          1002ad78 f   advapi32:ADVAPI32.dll
 0001:00029d7e       _VerQueryValueW@16         1002ad7e f   version:VERSION.dll
 0001:00029d84       _GetFileVersionInfoW@16    1002ad84 f   version:VERSION.dll
 0001:00029d8a       _GetFileVersionInfoSizeW@8 1002ad8a f   version:VERSION.dll
 0001:00029d90       _wcsrchr                   1002ad90 f   LIBCMT:wcsrchr.obj
 0001:00029dbc       _wcschr                    1002adbc f   LIBCMT:wcschr.obj
 0001:00029de2       _wcspbrk                   1002ade2 f   LIBCMT:wcspbrk.obj
 0001:00029e25       _wcsncmp                   1002ae25 f   LIBCMT:wcsncmp.obj
 0001:00029e60       _strrchr                   1002ae60 f   LIBCMT:strrchr.obj
 0001:00029e90       _memset                    1002ae90 f   LIBCMT:memset.obj
 0001:00029f10       _memmove                   1002af10 f   LIBCMT:memmove.obj
 0001:0002a280       __alloca_probe             1002b280     LIBCMT:chkstk.obj
 0001:0002a280       __chkstk                   1002b280 f   LIBCMT:chkstk.obj
 0001:0002a2b0       __aullshr                  1002b2b0 f   LIBCMT:ullshr.obj
 0001:0002a2cf       _wcsstr                    1002b2cf f   LIBCMT:wcsstr.obj
 0001:0002a330       __ftol2_sse                1002b330 f   LIBCMT:ftol2.obj
 0001:0002a339       __ftol2_pentium4           1002b339 f   LIBCMT:ftol2.obj
 0001:0002a34c       __ftol2_sse_excpt          1002b34c f   LIBCMT:ftol2.obj
 0001:0002a366       __ftol2                    1002b366 f   LIBCMT:ftol2.obj
 0001:0002a3db       __purecall                 1002b3db f   LIBCMT:purevirt.obj
 0001:0002a405       __set_purecall_handler     1002b405 f   LIBCMT:purevirt.obj
 0001:0002a42c       __get_purecall_handler     1002b42c f   LIBCMT:purevirt.obj
 0001:0002a440       _memcpy                    1002b440 f   LIBCMT:memcpy.obj
 0001:0002bd1b       _memcmp                    1002cd1b f   LIBCMT:memcmp.obj
 0001:0002d39b       __CRT_INIT@12              1002e39b f   LIBCMT:dllcrt0.obj
 0001:0002d5c6       __DllMainCRTStartup@12     1002e5c6 f   LIBCMT:dllcrt0.obj
 0001:0002d640       __VEC_memzero              1002e640 f   LIBCMT:p4_memset.obj
 0001:0002d71f       __get_sse2_info            1002e71f f   LIBCMT:cpu_disp.obj
 0001:0002d781       ___sse2_available_init     1002e781 f   LIBCMT:cpu_disp.obj
 0001:0002d815       __VEC_memcpy               1002e815 f   LIBCMT:p4_memcpy.obj
 0001:0002d8f8       _abort                     1002e8f8 f   LIBCMT:abort.obj
 0001:0002da0f       __set_abort_behavior       1002ea0f f   LIBCMT:abort.obj
 0001:0002da30       __invoke_watson_if_error   1002ea30 f i LIBCMT:crt0msg.obj
 0001:0002da54       __NMSG_WRITE               1002ea54 f   LIBCMT:crt0msg.obj
 0001:0002dbff       __GET_RTERRMSG             1002ebff f   LIBCMT:crt0msg.obj
 0001:0002dc25       __FF_MSGBANNER             1002ec25 f   LIBCMT:crt0msg.obj
 0001:0002dc5e       __crt_wait_module_handle   1002ec5e f i LIBCMT:tidtable.obj
 0001:0002dc78       __encode_pointer           1002ec78 f   LIBCMT:tidtable.obj
[...]
 0003:000029e8       ?ghSetWndSendTabsEvent@@3PAXA 100469e8     ConEmuPluginBase.obj
 0003:000029ec       ?gFarVersion@@3UFarVersion@@A 100469ec     ConEmuPluginBase.obj
 0003:000029f4       ?maxTabCount@@3HA          100469f4     ConEmuPluginBase.obj
 0003:000029f8       ?lastWindowCount@@3HA      100469f8     ConEmuPluginBase.obj
 0003:000029fc       ?gnCurTabCount@@3HA        100469fc     ConEmuPluginBase.obj
 0003:00002a00       ?gpTabs@@3PAUCESERVER_REQ@@A 10046a00     ConEmuPluginBase.obj
 0003:00002a04       ?gbForceSendTabs@@3HA      10046a04     ConEmuPluginBase.obj
 0003:00002a08       ?gnCurrentWindowType@@3HA  10046a08     ConEmuPluginBase.obj
 0003:00002a0c       ?gbIgnoreUpdateTabs@@3HA   10046a0c     ConEmuPluginBase.obj
 0003:00002a10       ?gbRequestUpdateTabs@@3HA  10046a10     ConEmuPluginBase.obj
 0003:00002a14       ?gPanelDirs@@3UCurPanelDirs@@A 10046a14     ConEmuPluginBase.obj
 0003:00002a20       ?gbClosingModalViewerEditor@@3HA 10046a20     ConEmuPluginBase.obj
 0003:00002a24       ?gLastMouseReadEvent@@3U_MOUSE_EVENT_RECORD@@A 10046a24     ConEmuPluginBase.obj
 0003:00002a34       ?gbUngetDummyMouseEvent@@3HA 10046a34     ConEmuPluginBase.obj
 0003:00002a38       ?gnAllowDummyMouseEvent@@3JA 10046a38     ConEmuPluginBase.obj
 0003:00002a3c       ?gnDummyMouseEventFromMacro@@3JA 10046a3c     ConEmuPluginBase.obj
 0003:00002a40       ?csData@@3PAVMSection@@A   10046a40     ConEmuPluginBase.obj
 0003:00002a44       ?gpCmdRet@@3PAUCESERVER_REQ@@A 10046a44     ConEmuPluginBase.obj
 0003:00002a48       ?gpData@@3PAEA             10046a48     ConEmuPluginBase.obj
 0003:00002a4c       ?gpCursor@@3PAEA           10046a4c     ConEmuPluginBase.obj
 0003:00002a50       ?gnDataSize@@3KA           10046a50     ConEmuPluginBase.obj
 0003:00002a54       ?gpReqCommandData@@3PAXA   10046a54     ConEmuPluginBase.obj
 0003:00002a58       ?ghReqCommandEvent@@3PAXA  10046a58     ConEmuPluginBase.obj
 0003:00002a5c       ?gbReqCommandWaiting@@3HA  10046a5c     ConEmuPluginBase.obj
 0003:00002a60       ?gnMsgTabChanged@@3IA      10046a60     ConEmuPluginBase.obj
 0003:00002a64       ?csTabs@@3PAVMSection@@A   10046a64     ConEmuPluginBase.obj
 0003:00002a68       ?gbPlugKeyChanged@@3HA     10046a68     ConEmuPluginBase.obj
 0003:00002a6c       ?ghRegMonitorKey@@3PAUHKEY__@@A 10046a6c     ConEmuPluginBase.obj
 0003:00002a70       ?ghRegMonitorEvt@@3PAXA    10046a70     ConEmuPluginBase.obj
 0003:00002a74       ?ghPluginSemaphore@@3PAXA  10046a74     ConEmuPluginBase.obj
 0003:00002a78       ?gsFarLang@@3PA_WA         10046a78     ConEmuPluginBase.obj
 0003:00002af8       ?gbNeedPostTabSend@@3HA    10046af8     ConEmuPluginBase.obj
 0003:00002afc       ?gbNeedPostEditCheck@@3HA  10046afc     ConEmuPluginBase.obj
 0003:00002b00       ?gbNeedPostReloadFarInfo@@3HA 10046b00     ConEmuPluginBase.obj
 0003:00002b04       ?gnNeedPostTabSendTick@@3KA 10046b04     ConEmuPluginBase.obj
 0003:00002b08       ?gpConMapInfo@@3PBUCESERVER_CONSOLE_MAPPING_HDR@@B 10046b08     ConEmuPluginBase.obj
 0003:00002b0c       ?gbStartedUnderConsole2@@3HA 10046b0c     ConEmuPluginBase.obj
 0003:00002b10       ?gnSelfPID@@3KA            10046b10     ConEmuPluginBase.obj
 0003:00002b14       ?ghFarInfoMapping@@3PAXA   10046b14     ConEmuPluginBase.obj
 0003:00002b18       ?gpFarInfo@@3PAUCEFAR_INFO_MAPPING@@A 10046b18     ConEmuPluginBase.obj
 0003:00002b1c       ?gpFarInfoMapping@@3PAUCEFAR_INFO_MAPPING@@A 10046b1c     ConEmuPluginBase.obj
 0003:00002b20       ?ghFarAliveEvent@@3PAXA    10046b20     ConEmuPluginBase.obj
 0003:00002b24       ?gPanelRegLeft@@3UPanelViewRegInfo@@A 10046b24     ConEmuPluginBase.obj
 0003:00002b3c       ?gPanelRegRight@@3UPanelViewRegInfo@@A 10046b3c     ConEmuPluginBase.obj
 0003:00002b54       ?ghConEmuCtrlPressed@@3PAXA 10046b54     ConEmuPluginBase.obj
 0003:00002b58       ?ghConEmuShiftPressed@@3PAXA 10046b58     ConEmuPluginBase.obj
 0003:00002b5c       ?gbWaitConsoleInputEmpty@@3HA 10046b5c     ConEmuPluginBase.obj
 0003:00002b60       ?gbWaitConsoleWrite@@3HA   10046b60     ConEmuPluginBase.obj
 0003:00002b64       ?ghConsoleInputEmpty@@3PAXA 10046b64     ConEmuPluginBase.obj
 0003:00002b68       ?ghConsoleWrite@@3PAXA     10046b68     ConEmuPluginBase.obj
 0003:00002b6c       ?gnSynchroCount@@3HA       10046b6c     ConEmuPluginBase.obj
 0003:00002b84       ?AssertMsgBox@@3P6IHPB_WI0PAUHWND__@@_N@ZA 10046b84     MAssert.obj
 0003:00002b88       ?ghHeap@@3PAXA             10046b88     Memory.obj
 0003:00002b8c       ?gNullDesc@@3PAVMNullDesc@@A 10046b8c     MSecurity.obj
 0003:00002b90       ?gbNeedBgActivate@@3HA     10046b90     PluginBackground.obj
 0003:00002b94       ?gbBgPluginsAllowed@@3HA   10046b94     PluginBackground.obj
 0003:00002b98       ?gpBgPlugin@@3PAVCPluginBackground@@A 10046b98     PluginBackground.obj
 0003:00002ba0       ?gszPluginServerPipe@@3PA_WA 10046ba0     PluginSrv.obj
 0003:00002da8       ?gpPlugServer@@3PAU?$PipeServer@UCESERVER_REQ@@@@A 10046da8     PluginSrv.obj
 0003:00002dac       ?ghServerTerminateEvent@@3PAXA 10046dac     PluginSrv.obj
 0003:00002db0       ?gpConsoleInfoStr@@3PAU_CONSOLE_INFO@@A 10046db0     WConsole.obj
 0003:00002db4       ?ghConsoleSection@@3PAXA   10046db4     WConsole.obj
 0003:00002e0c       __aenvptr                  10046e0c     LIBCMT:dllcrt0.obj
 0003:00002e10       __wenvptr                  10046e10     LIBCMT:dllcrt0.obj
 0003:00002e14       ___error_mode              10046e14     LIBCMT:dllcrt0.obj
 0003:00002e18       ___app_type                10046e18     LIBCMT:dllcrt0.obj
 0003:00003134       _gpFlsAlloc                10047134     LIBCMT:tidtable.obj
 0003:00003138       _gpFlsGetValue             10047138     LIBCMT:tidtable.obj
 0003:0000313c       _gpFlsSetValue             1004713c     LIBCMT:tidtable.obj
 0003:00003140       _gpFlsFree                 10047140     LIBCMT:tidtable.obj
 0003:0000314c       ___pPurecall               1004714c     LIBCMT:inithelp.obj
 0003:00003150       __maxwait                  10047150     LIBCMT:crtheap.obj
 0003:00003154       __umaskval                 10047154     LIBCMT:crt0dat.obj
 0003:00003158       ___argc                    10047158     LIBCMT:crt0dat.obj
 0003:0000315c       ___argv                    1004715c     LIBCMT:crt0dat.obj
 0003:00003160       ___wargv                   10047160     LIBCMT:crt0dat.obj
 0003:00003164       __environ                  10047164     LIBCMT:crt0dat.obj
 0003:00003168       ___initenv                 10047168     LIBCMT:crt0dat.obj
 0003:0000316c       __wenviron                 1004716c     LIBCMT:crt0dat.obj
 0003:00003170       ___winitenv                10047170     LIBCMT:crt0dat.obj
 0003:00003174       __pgmptr                   10047174     LIBCMT:crt0dat.obj
 0003:00003178       __wpgmptr                  10047178     LIBCMT:crt0dat.obj
 0003:0000317c       __exitflag                 1004717c     LIBCMT:crt0dat.obj
 0003:00003180       __C_Termination_Done       10047180     LIBCMT:crt0dat.obj
 0003:00003184       __C_Exit_Done              10047184     LIBCMT:crt0dat.obj
 0003:00003294       __crtheap                  10047294     LIBCMT:heapinit.obj
 0003:000032ac       ___pInvalidArgHandler      100472ac     LIBCMT:invarg.obj
 0003:00003418       ___locale_changed          10047418     LIBCMT:setlocal.obj
 0003:0000341c       ___lc_handle               1004741c     LIBCMT:nlsdata2.obj
 0003:00003434       ___lc_codepage             10047434     LIBCMT:nlsdata2.obj
 0003:00003438       ___lc_collate_cp           10047438     LIBCMT:nlsdata2.obj
 0003:00003440       ___mbulinfo                10047440     LIBCMT:mbctype.obj
 0003:0000344c       ___mbcodepage              1004744c     LIBCMT:mbctype.obj
 0003:00003450       ___ismbcodepage            10047450     LIBCMT:mbctype.obj
 0003:00003454       ___mblcid                  10047454     LIBCMT:mbctype.obj
 0003:0000345c       ___sbh_pHeaderDefer        1004745c     LIBCMT:sbheap.obj
 0003:00003460       ?__pInconsistency@@3P6AXXZA 10047460     LIBCMT:hooks.obj
 0003:0000346c       ?_pnhHeap@@3P6AHI@ZA       1004746c     LIBCMT:handler.obj
 0003:00003794       ___lconv_static_null       10047794     LIBCMT:lconv.obj
 0003:000037a0       __newmode                  100477a0     LIBCMT:_newmode.obj
 0003:00003864       __debugger_hook_dummy      10047864     <common>
 0003:00003868       ___sbh_initialized         10047868     <common>
 0003:0000386c       ___sbh_cntHeaderList       1004786c     <common>
 0003:00003870       ___sbh_pHeaderList         10047870     <common>
 0003:00003874       ___sbh_threshold           10047874     <common>
 0003:00003878       ___sbh_pHeaderScan         10047878     <common>
 0003:0000387c       ___sbh_sizeHeaderList      1004787c     <common>
 0003:00003880       ___sbh_indGroupDefer       10047880     <common>
 0003:00003884       ___setlc_active            10047884     <common>
 0003:00003888       ___unguarded_readlc_active 10047888     <common>
 0003:0000388c       __pDestructExceptionObject 1004788c     <common>
 0003:00003890       ___active_heap             10047890     <common>
 0003:00003894       __nhandle                  10047894     <common>
 0003:000038a0       ___pioinfo                 100478a0     <common>
 0003:000039a0       ___env_initialized         100479a0     <common>
 0003:000039a4       ___onexitend               100479a4     <common>
 0003:000039a8       ___onexitbegin             100479a8     <common>
 0003:000039ac       ___mbctype_initialized     100479ac     <common>
 0003:000039b0       __FPinit                   100479b0     <common>
 0003:000039b4       ___dyn_tls_init_callback   100479b4     <common>
 0003:000039b8       ___sse2_available          100479b8     <common>
 0003:000039bc       __acmdln                   100479bc     <common>

 entry point at        0001:0002d5c6

 Static symbols

 0001:00000400       ?StringValidateDestW@@YGJPB_WII@Z 10001400 f   CmdArg.obj
 0001:00000430       ?StringCopyWorkerW@@YGJPA_WIPAIPB_WI@Z 10001430 f   CmdArg.obj
 0001:00003220       ?StringValidateDestW@@YGJPB_WII@Z 10004220 f   ConEmuCheck.obj
 0001:00003250       ?StringCopyWorkerW@@YGJPA_WIPAIPB_WI@Z 10004250 f   ConEmuCheck.obj
 0001:00004c10       ?StringValidateDestW@@YGJPB_WII@Z 10005c10 f   ConEmuCheckEx.obj
 0001:00004c40       ?StringCopyWorkerW@@YGJPA_WIPAIPB_WI@Z 10005c40 f   ConEmuCheckEx.obj
 0001:00004dd0       ?StringValidateDestAndLengthW@@YGJPB_WIPAII@Z 10005dd0 f   ConEmuCheckEx.obj
 0001:00004e20       ?StringLengthWorkerW@@YGJPB_WIPAI@Z 10005e20 f   ConEmuCheckEx.obj
 0001:00005440       ?StringValidateDestW@@YGJPB_WII@Z 10006440 f   ConEmuInjects.obj
 0001:00005470       ?StringCopyWorkerW@@YGJPA_WIPAIPB_WI@Z 10006470 f   ConEmuInjects.obj
 0001:00005ec0       ?ChangeExports@@YI_NPBUExportFunc@@PAUHINSTANCE__@@@Z 10006ec0 f   ConEmuPlugin.obj
 0001:00008c00       ?GetFarSetting@@YIHPAXIPB_W@Z 10009c00 f   ConEmuPlugin1900.obj
 0001:00008ea0       ?CallGuiMacroProc@@YIXXZ   10009ea0 f   ConEmuPlugin1900.obj
 0001:00009270       ?CallGuiMacroDlg@@YGHPAXHH0@Z 1000a270 f   ConEmuPlugin1900.obj
 0001:00009790       ?MAKEFARVERSION@@YI?AUVersionInfo@@KKKKW4VERSION_STAGE@@@Z 1000a790 f   ConEmuPlugin2800.obj
 0001:0000aec0       ?WExists@@YIHABUWindowInfo@@ABV?$MArray@UWindowInfo@@@@@Z 1000bec0 f   ConEmuPlugin2800.obj
 0001:0000bd50       ?GetFarSetting@@YIHPAXIPB_W@Z 1000cd50 f   ConEmuPlugin2800.obj
 0001:0000c000       ?CallGuiMacroProc@@YIXXZ   1000d000 f   ConEmuPlugin2800.obj
 0001:0000c360       ?CallGuiMacroDlg@@YGHPAXHH0@Z 1000d360 f   ConEmuPlugin2800.obj
 0001:0000c7b0       ?FreeMacroResult@@YGXPAXPAUFarMacroValue@@I@Z 1000d7b0 f   ConEmuPlugin2800.obj
 0001:0000e7e0       ?CallGuiMacroProc@@YIXXZ   1000f7e0 f   ConEmuPlugin995.obj
 0001:0000eb40       ?CallGuiMacroDlg@@YGJPAXHHJ@Z 1000fb40 f   ConEmuPlugin995.obj
 0001:00010770       ?CallGuiMacroProc@@YIXXZ   10011770 f   ConEmuPluginA.obj
 0001:00010b20       ?CallGuiMacroDlg@@YGJPAXHHJ@Z 10011b20 f   ConEmuPluginA.obj
 0001:00011640       ?LoadFarVersion@@YI_NAAUFarVersion@@AAY0CAA@_W@Z 10012640 f   ConEmuPluginBase.obj
 0001:00019be0       ?StringValidateDestW@@YGJPB_WII@Z 1001abe0 f   ConEmuPluginBase.obj
 0001:00019c10       ?StringValidateDestAndLengthW@@YGJPB_WIPAII@Z 1001ac10 f   ConEmuPluginBase.obj
 0001:00019c60       ?StringLengthWorkerW@@YGJPB_WIPAI@Z 1001ac60 f   ConEmuPluginBase.obj
 0001:00019cd0       ?StringCopyWorkerW@@YGJPA_WIPAIPB_WI@Z 1001acd0 f   ConEmuPluginBase.obj
 0001:0001b740       ?StringValidateDestW@@YGJPB_WII@Z 1001c740 f   Execute.obj
 0001:0001b770       ?StringCopyWorkerW@@YGJPA_WIPAIPB_WI@Z 1001c770 f   Execute.obj
 0001:0001bab0       ?StringValidateDestA@@YGJPBDII@Z 1001cab0 f   Memory.obj
 0001:0001bae0       ?StringCopyWorkerA@@YGJPADIPAIPBDI@Z 1001cae0 f   Memory.obj
 0001:0001bc00       ?StringValidateDestW@@YGJPB_WII@Z 1001cc00 f   Memory.obj
 0001:0001bc30       ?StringCopyWorkerW@@YGJPA_WIPAIPB_WI@Z 1001cc30 f   Memory.obj
 0001:00020f00       ?StringValidateDestW@@YGJPB_WII@Z 10021f00 f   PluginBackground.obj
 0001:00020f30       ?StringCopyWorkerW@@YGJPA_WIPAIPB_WI@Z 10021f30 f   PluginBackground.obj
 0001:00023430       ?StringValidateDestW@@YGJPB_WII@Z 10024430 f   PluginSrv.obj
 0001:00023460       ?StringCopyWorkerW@@YGJPA_WIPAIPB_WI@Z 10024460 f   PluginSrv.obj
 0001:00026c00       ?StringValidateDestW@@YGJPB_WII@Z 10027c00 f   WObjects.obj
 0001:00026c30       ?StringCopyWorkerW@@YGJPA_WIPAIPB_WI@Z 10027c30 f   WObjects.obj
 0001:00027160       ?CheckRegKeyExist@@YI_NPAURegKeyExistArg@@@Z 10028160 f   WObjects.obj
 0001:000281c0       ?StringValidateDestAndLengthW@@YGJPB_WIPAII@Z 100291c0 f   WObjects.obj
 0001:00028210       ?StringLengthWorkerW@@YGJPB_WIPAI@Z 10029210 f   WObjects.obj
 0001:00029860       ?StringValidateDestW@@YGJPB_WII@Z 1002a860 f   WUser.obj
 0001:00029890       ?StringCopyWorkerW@@YGJPA_WIPAIPB_WI@Z 1002a890 f   WUser.obj
 0001:0002a7a5       _cmpResult                 1002b7a5 f   LIBCMT:memcmp.obj
 0001:0002a7b7       _cmpBYTE                   1002b7b7 f   LIBCMT:memcmp.obj
 0001:0002a7cf       _cmpWORD                   1002b7cf f   LIBCMT:memcmp.obj
 0001:0002a80f       _cmpDWORD                  1002b80f f   LIBCMT:memcmp.obj
 0001:0002a887       _unaligned_memcmp          1002b887 f   LIBCMT:memcmp.obj
 0001:0002d4d0       ___DllMainCRTStartup       1002e4d0 f   LIBCMT:dllcrt0.obj
 0001:0002d5e9       _fastzero_I                1002e5e9 f   LIBCMT:p4_memset.obj
 0001:0002d6cf       _has_osfxsr_set            1002e6cf f   LIBCMT:cpu_disp.obj
 0001:0002d78e       _fastcopy_I                1002e78e f   LIBCMT:p4_memcpy.obj
 0001:0002e702       __initterm                 1002f702 f   LIBCMT:crt0dat.obj
 0001:0002e840       _doexit                    1002f840 f   LIBCMT:crt0dat.obj
 0001:0002ed93       _parse_cmdline             1002fd93 f   LIBCMT:stdargv.obj
 0001:0002f21a       _xcptlookup                1003021a f   LIBCMT:winxfltr.obj
 0001:0002f430       _ValidateLocalCookies      10030430 f   LIBCMT:chandler4.obj
 0001:0002f6a0       _ctrlevent_capture@4       100306a0 f   LIBCMT:winsig.obj
 0001:0002f73b       _siglookup                 1003073b f   LIBCMT:winsig.obj
 0001:00030577       __copytlocinfo_nolock      10031577 f   LIBCMT:setlocal.obj
 0001:0003059d       __updatetlocinfoEx_nolock  1003159d f   LIBCMT:setlocal.obj
 0001:000306bb       _sync_legacy_variables_lk  100316bb f   LIBCMT:setlocal.obj
 0001:00030a68       __setlocale_get_all        10031a68 f   LIBCMT:setlocal.obj
 0001:00030e16       __setlocale_set_cat        10031e16 f   LIBCMT:setlocal.obj
 0001:00031118       __setlocale_nolock         10032118 f   LIBCMT:setlocal.obj
 0001:000315b4       ?CPtoLCID@@YAHH@Z          100325b4 f   LIBCMT:mbctype.obj
 0001:000315e3       ?setSBCS@@YAXPAUthreadmbcinfostruct@@@Z 100325e3 f   LIBCMT:mbctype.obj
 0001:00031647       ?setSBUpLow@@YAXPAUthreadmbcinfostruct@@@Z 10032647 f   LIBCMT:mbctype.obj
 0001:00031905       ?getSystemCP@@YAHH@Z       10032905 f   LIBCMT:mbctype.obj
 0001:00032399       ?__crtGetLocaleInfoW_stat@@YAHPAUlocaleinfo_struct@@KKPA_WHH@Z 10033399 f   LIBCMT:w_loc.obj
 0001:0003241c       ?__crtGetLocaleInfoA_stat@@YAHPAUlocaleinfo_struct@@KKPADHH@Z 1003341c f   LIBCMT:a_loc.obj
 0001:00033c2b       __onexit_nolock            10034c2b f   LIBCMT:onexit.obj
 0001:0003417b       ?x_ismbbtype_l@@YAHPAUlocaleinfo_struct@@IHH@Z 1003517b f   LIBCMT:ismbbyte.obj
 0001:000344c8       __unwind_handler4          100354c8 f   LIBCMT:exsup4.obj
 0001:000346c8       __get_lc_time              100356c8 f   LIBCMT:inittime.obj
 0001:00034cf1       _fix_grouping              10035cf1 f   LIBCMT:initnum.obj
 0001:00034f33       _fix_grouping              10035f33 f   LIBCMT:initmon.obj
 0001:00035c88       ?_store_str@@YAXPADPAPADPAI@Z 10036c88 f   LIBCMT:strftime.obj
 0001:00035ca8       ?_store_number@@YAXHPAPADPAI@Z 10036ca8 f   LIBCMT:strftime.obj
 0001:00035cde       ?_store_num@@YAXHHPAPADPAII@Z 10036cde f   LIBCMT:strftime.obj
 0001:00035d59       ?_expandtime@@YAHPAUlocaleinfo_struct@@DPBUtm@@PAPADPAIPAU__lc_time_data@@I@Z 10036d59 f   LIBCMT:strftime.obj
 0001:00036141       ?_store_winword@@YAHPAUlocaleinfo_struct@@HPBUtm@@PAPADPAIPAU__lc_time_data@@@Z 10037141 f   LIBCMT:strftime.obj
 0001:000368a8       _TranslateName             100378a8 f   LIBCMT:getqloc.obj
 0001:0003690a       _GetLcidFromDefault        1003790a f   LIBCMT:getqloc.obj
 0001:0003691e       _ProcessCodePage           1003791e f   LIBCMT:getqloc.obj
 0001:000369c2       _TestDefaultCountry        100379c2 f   LIBCMT:getqloc.obj
 0001:000369e6       _LcidFromHexString         100379e6 f   LIBCMT:getqloc.obj
 0001:00036a1a       _GetPrimaryLen             10037a1a f   LIBCMT:getqloc.obj
 0001:00036a35       _CountryEnumProc@4         10037a35 f   LIBCMT:getqloc.obj
 0001:00036acd       _TestDefaultLanguage       10037acd f   LIBCMT:getqloc.obj
 0001:00036b41       _LangCountryEnumProc@4     10037b41 f   LIBCMT:getqloc.obj
 0001:00036d13       _LanguageEnumProc@4        10037d13 f   LIBCMT:getqloc.obj
 0001:00036dd4       _GetLcidFromCountry        10037dd4 f   LIBCMT:getqloc.obj
 0001:00036e00       _GetLcidFromLangCountry    10037e00 f   LIBCMT:getqloc.obj
 0001:00036e67       _GetLcidFromLanguage       10037e67 f   LIBCMT:getqloc.obj
 0001:00037094       ?__crtGetStringTypeA_stat@@YAHPAUlocaleinfo_struct@@KPBDHPAGHHH@Z 10038094 f   LIBCMT:a_str.obj
 0001:00037390       ?strncnt@@YAHPBDH@Z        10038390 f   LIBCMT:a_map.obj
 0001:000373ae       ?__crtLCMapStringA_stat@@YAHPAUlocaleinfo_struct@@KKPBDHPADHHH@Z 100383ae f   LIBCMT:a_map.obj
 0001:00037988       __unwind_handler           10038988 f   LIBCMT:exsup.obj
 0001:00037c39       __tzset_nolock             10038c39 f   LIBCMT:tzset.obj
 0001:00037f7f       _cvtdate                   10038f7f f   LIBCMT:tzset.obj
 0001:00038176       __isindst_nolock           10039176 f   LIBCMT:tzset.obj
 0001:00038a25       _xtoa_s@20                 10039a25 f   LIBCMT:xtoas.obj
 0001:00038b6d       @x64toa_s@24               10039b6d f   LIBCMT:xtoas.obj
 0001:00038f3d       __getenv_s_helper          10039f3d f   LIBCMT:getenv.obj
 0001:00038fd2       __dupenv_s_helper          10039fd2 f   LIBCMT:getenv.obj
 0001:00039510       ?strtoxl@@YAKPAUlocaleinfo_struct@@PBDPAPBDHH@Z 1003a510 f   LIBCMT:strtol.obj
 0001:000397d0       ?strtoxq@@YA_KPAUlocaleinfo_struct@@PBDPAPBDHH@Z 1003a7d0 f   LIBCMT:strtoq.obj
 0001:00039e01       ?__crtGetStringTypeW_stat@@YAHPAUlocaleinfo_struct@@KPB_WHPAGHH@Z 1003ae01 f   LIBCMT:w_str.obj
 0001:00039ea4       ?strncnt@@YAHPBDH@Z        1003aea4 f   LIBCMT:a_cmp.obj
 0001:00039ec2       ?__crtCompareStringA_stat@@YAHPAUlocaleinfo_struct@@KKPBDH1HH@Z 1003aec2 f   LIBCMT:a_cmp.obj
 0001:0003a397       _findenv                   1003b397 f   LIBCMT:setenv.obj
 0001:0003a3e9       _copy_environ              1003b3e9 f   LIBCMT:setenv.obj
