 ConEmu.x64

 Timestamp is 547638c2 (Wed Nov 26 23:32:02 2014)

 Preferred load address is 0000000180000000

 Start         Length     Name                   Class
 0001:00000000 00045588H .text                   CODE
 0001:00045590 0000005eH .text$00                CODE
 0001:000455f0 00000332H .text$x                 CODE
 0002:00000000 00000780H .idata$5                DATA
 0002:00000780 00000008H .CRT$XCA                DATA
 0002:00000788 00000008H .CRT$XCZ                DATA
 0002:00000790 00000008H .CRT$XIA                DATA
 0002:00000798 00000010H .CRT$XIC                DATA
 0002:000007a8 00000008H .CRT$XIZ                DATA
 0002:000007b0 00000008H .CRT$XPA                DATA
 0002:000007b8 00000008H .CRT$XPZ                DATA
 0002:000007c0 00000008H .CRT$XTA                DATA
 0002:000007c8 00000008H .CRT$XTZ                DATA
 0002:000007d0 000061abH .rdata                  DATA
 0002:0000697c 00000073H .rdata$debug            DATA
 0002:000069f0 00000008H .rtc$IAA                DATA
 0002:000069f8 00000008H .rtc$IZZ                DATA
 0002:00006a00 00000008H .rtc$TAA                DATA
 0002:00006a08 00000008H .rtc$TZZ                DATA
 0002:00006a10 0000275cH .xdata                  DATA
 0002:0000916c 00000064H .idata$2                DATA
 0002:000091d0 00000014H .idata$3                DATA
 0002:000091e8 00000780H .idata$4                DATA
 0002:00009968 00001140H .idata$6                DATA
 0002:0000aab0 000002e1H .edata                  DATA
 0003:00000000 0000129cH .data                   DATA
 0003:000012a0 00003218H .bss                    DATA
 0004:00000000 00002b2cH .pdata                  DATA
 0005:00000000 00000058H .rsrc$01                DATA
 0005:00000060 000002d8H .rsrc$02                DATA

  Address         Publics by Value              Rva+Base               Lib:Object

 0000:00000000       ___safe_se_handler_table   0000000000000000     <absolute>
 0000:00000000       ___safe_se_handler_count   0000000000000000     <absolute>
 0000:00000000       __ImageBase                0000000180000000     <linker-defined>
 0001:00000000       ??0CmdArg@@QEAA@XZ         0000000180001000 f   CmdArg.obj
 0001:00000050       ??0CmdArg@@QEAA@PEA_W@Z    0000000180001050 f   CmdArg.obj
 0001:000000b0       ??4CmdArg@@QEAAAEAU0@PEA_W@Z 00000001800010b0 f   CmdArg.obj
 0001:000000e0       ??1CmdArg@@QEAA@XZ         00000001800010e0 f   CmdArg.obj
 0001:00000160       ?GetBuffer@CmdArg@@QEAAPEA_W_J@Z 0000000180001160 f   CmdArg.obj
 0001:00000260       ?Detach@CmdArg@@QEAAPEA_WXZ 0000000180001260 f   CmdArg.obj
 0001:000002a0       ?Attach@CmdArg@@QEAAPEB_WPEA_W@Z 00000001800012a0 f   CmdArg.obj
 0001:000002d0       ?AttachInt@CmdArg@@AEAAPEB_WAEAPEA_W@Z 00000001800012d0 f   CmdArg.obj
 0001:00000360       ?Empty@CmdArg@@QEAAXXZ     0000000180001360 f   CmdArg.obj
 0001:000003c0       ?IsEmpty@CmdArg@@QEAA_NXZ  00000001800013c0 f   CmdArg.obj
 0001:00000400       ?Set@CmdArg@@QEAAPEB_WPEB_W_J@Z 0000000180001400 f   CmdArg.obj
 0001:000004d0       ?StringCchCopyNW@@YAJPEA_W_KPEB_W1@Z 00000001800014d0 f i CmdArg.obj
 0001:00000690       ?SavePathVar@CmdArg@@QEAAXPEB_W@Z 0000000180001690 f   CmdArg.obj
 0001:000006f0       ?SaveEnvVar@CmdArg@@QEAAXPEB_W0@Z 00000001800016f0 f   CmdArg.obj
 0001:000007a0       ?SetAt@CmdArg@@QEAAX_J_W@Z 00000001800017a0 f   CmdArg.obj
 0001:000007f0       ?GetPosFrom@CmdArg@@QEAAXAEBU1@@Z 00000001800017f0 f   CmdArg.obj
 0001:00000830       ?IsNeedDequote@@YA_NPEB_W_NPEAPEB_W@Z 0000000180001830 f   CmdLine.obj
 0001:00000ae0       ??BCmdArg@@QEBAPEB_WXZ     0000000180001ae0 f i CmdLine.obj
 0001:00000af0       ?NextArg@@YAHPEAPEB_WAEAUCmdArg@@0@Z 0000000180001af0 f   CmdLine.obj
 0001:00001050       ?AddEndSlash@@YAHPEA_WH@Z  0000000180002050 f   CmdLine.obj
 0001:000010e0       ?SkipNonPrintable@@YAPEB_WPEB_W@Z 00000001800020e0 f   CmdLine.obj
 0001:00001150       ?CompareFileMask@@YA_NPEB_W0@Z 0000000180002150 f   CmdLine.obj
 0001:00001370       ?wcschr@@YAPEA_WPEA_W_W@Z  0000000180002370 f i CmdLine.obj
 0001:000013a0       ?GetDrive@@YAPEB_WPEB_WPEA_WH@Z 00000001800023a0 f   CmdLine.obj
 0001:00001650       ?GetDirectory@@YAHAEAUCmdArg@@@Z 0000000180002650 f   CmdLine.obj
 0001:000016f0       ?IsNeedCmd@@YA_NHPEB_WAEAUCmdArg@@PEAPEB_WPEAH333@Z 00000001800026f0 f   CmdLine.obj
 0001:00002160       ?Disable@MWow64Disable@@QEAAXXZ 0000000180003160 f i CmdLine.obj
 0001:000021a0       ??0MWow64Disable@@QEAA@XZ  00000001800031a0 f i CmdLine.obj
 0001:00002240       ??1MWow64Disable@@QEAA@XZ  0000000180003240 f i CmdLine.obj
 0001:00002260       ?Restore@MWow64Disable@@QEAAXXZ 0000000180003260 f i CmdLine.obj
 0001:000022b0       ?IsExecutable@@YA_NPEB_WPEAPEA_W@Z 00000001800032b0 f   CmdLine.obj
 0001:000023d0       ?IsFarExe@@YA_NPEB_W@Z     00000001800033d0 f   CmdLine.obj
 0001:00002460       ?IsQuotationNeeded@@YA_NPEB_W@Z 0000000180003460 f   CmdLine.obj
 0001:000024b0       ?MergeCmdLine@@YAPEA_WPEB_W0@Z 00000001800034b0 f   CmdLine.obj
 0001:00002590       ?JoinPath@@YAPEA_WPEB_W00@Z 0000000180003590 f   CmdLine.obj
 0001:000027c0       ?IsFilePath@@YA_NPEB_W_N@Z 00000001800037c0 f   CmdLine.obj
 0001:000029c0       ?PointToName@@YAPEB_WPEB_W@Z 00000001800039c0 f   CmdLine.obj
 0001:00002a70       ?PointToName@@YAPEBDPEBD@Z 0000000180003a70 f   CmdLine.obj
 0001:00002b20       ?PointToExt@@YAPEB_WPEB_W@Z 0000000180003b20 f   CmdLine.obj
 0001:00002b70       ?Unquote@@YAPEB_WPEA_W_N@Z 0000000180003b70 f   CmdLine.obj
 0001:00002c20       ?wcsrchr@@YAPEA_WPEA_W_W@Z 0000000180003c20 f i CmdLine.obj
 0001:00002c50       ?PackInputRecord@@YAHPEBU_INPUT_RECORD@@PEAUMsgStr@MSG64@@@Z 0000000180003c50 f   Common.obj
 0001:00002f00       ?UnpackInputRecord@@YAHPEBUMsgStr@MSG64@@PEAU_INPUT_RECORD@@@Z 0000000180003f00 f   Common.obj
 0001:000031f0       ?TranslateKeyPress@@YAXGK_WHPEAU_INPUT_RECORD@@1@Z 00000001800041f0 f   Common.obj
 0001:00003380       ?CommonShutdown@@YAXXZ     0000000180004380 f   Common.obj
 0001:000033b0       ?ModuleName@@YAPEB_WPEB_W@Z 00000001800043b0 f   ConEmuCheck.obj
 0001:000034a0       ?ExecuteOpenPipe@@YAPEAXPEB_WAEAY0CAI@_W0KKHPEAX@Z 00000001800044a0 f   ConEmuCheck.obj
 0001:000037a0       ?ExecutePrepareCmd@@YAXPEAUCESERVER_REQ@@K_K@Z 00000001800047a0 f   ConEmuCheck.obj
 0001:00003800       ?ExecutePrepareCmd@@YAXPEAUCESERVER_REQ_HDR@@K_K@Z 0000000180004800 f   ConEmuCheck.obj
 0001:000038d0       ?ExecuteNewCmd@@YAPEAUCESERVER_REQ@@K_K@Z 00000001800048d0 f   ConEmuCheck.obj
 0001:00003940       ?ExecuteNewCmd@@YA_NAEAPEAUCESERVER_REQ@@AEAKK_K@Z 0000000180004940 f   ConEmuCheck.obj
 0001:00003a10       ?LoadSrvMapping@@YAHPEAUHWND__@@AEAUCESERVER_CONSOLE_MAPPING_HDR@@@Z 0000000180004a10 f   ConEmuCheck.obj
 0001:00003b70       ?LoadGuiMapping@@YAHKAEAUConEmuGuiMapping@@@Z 0000000180004b70 f   ConEmuCheck.obj
 0001:00003cd0       ?ExecuteNewCmdOnCreate@@YAPEAUCESERVER_REQ@@PEAUCESERVER_CONSOLE_MAPPING_HDR@@PEAUHWND__@@W4CmdOnCreateType@@PEB_W33PEAK444HHPEAX55@Z 0000000180004cd0 f   ConEmuCheck.obj
 0001:000041c0       ?StringCchCopyW@@YAJPEA_W_KPEB_W@Z 00000001800051c0 f i ConEmuCheck.obj
 0001:00004350       ?ExecuteGuiCmd@@YAPEAUCESERVER_REQ@@PEAUHWND__@@PEAU1@0H@Z 0000000180005350 f   ConEmuCheck.obj
 0001:00004400       ?ExecuteSrvCmd@@YAPEAUCESERVER_REQ@@KPEAU1@PEAUHWND__@@HK@Z 0000000180005400 f   ConEmuCheck.obj
 0001:000044c0       ?ExecuteHkCmd@@YAPEAUCESERVER_REQ@@KPEAU1@PEAUHWND__@@H@Z 00000001800054c0 f   ConEmuCheck.obj
 0001:00004580       ?ExecuteCmd@@YAPEAUCESERVER_REQ@@PEB_WPEAU1@KPEAUHWND__@@HK@Z 0000000180005580 f   ConEmuCheck.obj
 0001:00004970       ?ExecuteFreeResult@@YAXAEAPEAUCESERVER_REQ@@@Z 0000000180005970 f   ConEmuCheck.obj
 0001:000049b0       ?AllocateSendCurrentDirectory@@YA_NAEAPEAUCESERVER_REQ@@AEAKPEB_W2@Z 00000001800059b0 f   ConEmuCheck.obj
 0001:00004b00       ?SendCurrentDirectory@@YAXPEAUHWND__@@PEB_W1@Z 0000000180005b00 f   ConEmuCheck.obj
 0001:00004b80       ?myGetConsoleWindow@@YAPEAUHWND__@@XZ 0000000180005b80 f   ConEmuCheck.obj
 0001:00004c20       ?GetConEmuHWND@@YAPEAUHWND__@@H@Z 0000000180005c20 f   ConEmuCheck.obj
 0001:00004e30       ??BHWND2@@QEBAPEAUHWND__@@XZ 0000000180005e30 f i ConEmuCheck.obj
 0001:00004e40       ??BHWND2@@QEBAKXZ          0000000180005e40 f i ConEmuCheck.obj
 0001:00004e50       ?ConEmuCheck@@YAHPEAPEAUHWND__@@@Z 0000000180005e50 f   ConEmuCheck.obj
 0001:00004ea0       ?GuiMessageBox@@YAHPEAUHWND__@@PEB_W1H@Z 0000000180005ea0 f   ConEmuCheck.obj
 0001:000050c0       ?InitName@?$MFileMapping@UCESERVER_CONSOLE_MAPPING_HDR@@@@QEAAPEB_WPEB_WKK@Z 00000001800060c0 f i ConEmuCheck.obj
 0001:00005120       ?CloseMap@?$MFileMapping@UCESERVER_CONSOLE_MAPPING_HDR@@@@QEAAXXZ 0000000180006120 f i ConEmuCheck.obj
 0001:000051b0       ?Open@?$MFileMapping@UCESERVER_CONSOLE_MAPPING_HDR@@@@QEAAPEAUCESERVER_CONSOLE_MAPPING_HDR@@HH@Z 00000001800061b0 f i ConEmuCheck.obj
 0001:000051e0       ??0?$MFileMapping@UCESERVER_CONSOLE_MAPPING_HDR@@@@QEAA@XZ 00000001800061e0 f i ConEmuCheck.obj
 0001:00005250       ??1?$MFileMapping@UCESERVER_CONSOLE_MAPPING_HDR@@@@QEAA@XZ 0000000180006250 f i ConEmuCheck.obj
 0001:00005280       ?InitName@?$MFileMapping@UConEmuGuiMapping@@@@QEAAPEB_WPEB_WKK@Z 0000000180006280 f i ConEmuCheck.obj
 0001:000052e0       ?CloseMap@?$MFileMapping@UConEmuGuiMapping@@@@QEAAXXZ 00000001800062e0 f i ConEmuCheck.obj
 0001:00005370       ?Open@?$MFileMapping@UConEmuGuiMapping@@@@QEAAPEAUConEmuGuiMapping@@HH@Z 0000000180006370 f i ConEmuCheck.obj
 0001:000053a0       ??0?$MFileMapping@UConEmuGuiMapping@@@@QEAA@XZ 00000001800063a0 f i ConEmuCheck.obj
 0001:00005410       ??1?$MFileMapping@UConEmuGuiMapping@@@@QEAA@XZ 0000000180006410 f i ConEmuCheck.obj
 0001:00005440       ?ClosePtr@?$MFileMapping@UCESERVER_CONSOLE_MAPPING_HDR@@@@QEAAXXZ 0000000180006440 f i ConEmuCheck.obj
 0001:00005480       ?InternalOpenCreate@?$MFileMapping@UCESERVER_CONSOLE_MAPPING_HDR@@@@IEAAPEAUCESERVER_CONSOLE_MAPPING_HDR@@HHH@Z 0000000180006480 f i ConEmuCheck.obj
 0001:00005730       ?ClosePtr@?$MFileMapping@UConEmuGuiMapping@@@@QEAAXXZ 0000000180006730 f i ConEmuCheck.obj
 0001:00005770       ?InternalOpenCreate@?$MFileMapping@UConEmuGuiMapping@@@@IEAAPEAUConEmuGuiMapping@@HHH@Z 0000000180006770 f i ConEmuCheck.obj
 0001:00005a20       ??$wcscpy_c@$0CA@@@YAHAEAY0CA@_WPEB_W@Z 0000000180006a20 f i ConEmuCheck.obj
 0001:00005a50       ??$wcscpy_c@$0CAI@@@YAHAEAY0CAI@_WPEB_W@Z 0000000180006a50 f i ConEmuCheck.obj
 0001:00005a80       ?LoadGuiMapping@@YAHPEAUHWND__@@AEAUConEmuGuiMapping@@@Z 0000000180006a80 f   ConEmuCheckEx.obj
 0001:00005ad0       ?IsConEmuExeExist@@YAHPEB_WAEAY0BAF@_W@Z 0000000180006ad0 f   ConEmuCheckEx.obj
 0001:00005bb0       ?FindConEmuBaseDir@@YAHAEAY0BAF@_W0PEAUHINSTANCE__@@@Z 0000000180006bb0 f   ConEmuCheckEx.obj
 0001:00006220       ??$wcscpy_c@$0BAF@@@YAHAEAY0BAF@_WPEB_W@Z 0000000180007220 f i ConEmuCheckEx.obj
 0001:00006380       ??$wcscpy_add@$0BAF@@@YAHPEA_WAEAY0BAF@_WPEB_W@Z 0000000180007380 f i ConEmuCheckEx.obj
 0001:000063f0       ??$wcscat_c@$0BAF@@@YAHAEAY0BAF@_WPEB_W@Z 00000001800073f0 f i ConEmuCheckEx.obj
 0001:00006420       ?StringCchCatW@@YAJPEA_W_KPEB_W@Z 0000000180007420 f i ConEmuCheckEx.obj
 0001:000065b0       ?StartupHooks@@YA_NPEAUHINSTANCE__@@@Z 00000001800075b0 f   ConEmuInjects.obj
 0001:00006ab0       ?ShutdownHooks@@YAXXZ      0000000180007ab0 f   ConEmuInjects.obj
 0001:00006d40       ??$wcscpy_c@$0EA@@@YAHAEAY0EA@_WPEB_W@Z 0000000180007d40 f i ConEmuInjects.obj
 0001:00006ea0       DllMain                    0000000180007ea0 f   ConEmuPlugin.obj
 0001:00006ef0       ?GetPluginInfo@@YAXPEAX@Z  0000000180007ef0 f   ConEmuPlugin.obj
 0001:00006f60       ?GetPluginInfoW@@YAXPEAX@Z 0000000180007f60 f   ConEmuPlugin.obj
 0001:00006f90       ?IsConsoleActive@@YAHXZ    0000000180007f90 f   ConEmuPlugin.obj
 0001:00007010       ?GetFarHWND2@@YAPEAUHWND__@@H@Z 0000000180008010 f   ConEmuPlugin.obj
 0001:000070a0       ?GetFarHWND@@YAPEAUHWND__@@XZ 00000001800080a0 f   ConEmuPlugin.obj
 0001:000070b0       ?IsTerminalMode@@YAHXZ     00000001800080b0 f   ConEmuPlugin.obj
 0001:000070c0       ?GetFarVersion@@YAXPEAUFarVersion@@@Z 00000001800080c0 f   ConEmuPlugin.obj
 0001:000070e0       ?RegisterPanelView@@YAHPEAUPanelViewInit@@@Z 00000001800080e0 f   ConEmuPlugin.obj
 0001:000073b0       ?RegisterBackground@@YAHPEAURegisterBackgroundArg@@@Z 00000001800083b0 f   ConEmuPlugin.obj
 0001:00007450       ?SyncExecute@@YAHPEAUHINSTANCE__@@P6AX_J@Z1@Z 0000000180008450 f   ConEmuPlugin.obj
 0001:000074d0       ?ActivateConsole@@YAHXZ    00000001800084d0 f   ConEmuPlugin.obj
 0001:00007590       ??4HWND2@@QEAAAEAU0@PEAUHWND__@@@Z 0000000180008590 f i ConEmuPlugin.obj
 0001:000075b0       ?SetStartupInfo@@YAXPEAX@Z 00000001800085b0 f   ConEmuPlugin.obj
 0001:00007630       SetStartupInfoW            0000000180008630 f   ConEmuPlugin.obj
 0001:00007670       ?GetMinFarVersion@@YAHXZ   0000000180008670 f   ConEmuPlugin.obj
 0001:000076e0       GetMinFarVersionW          00000001800086e0 f   ConEmuPlugin.obj
 0001:000076f0       ProcessSynchroEventW       00000001800086f0 f   ConEmuPlugin.obj
 0001:00007720       ?ProcessSynchroEventW3@@YA_JPEAX@Z 0000000180008720 f   ConEmuPlugin.obj
 0001:00007760       ?ProcessEditorEvent@@YAHHPEAX@Z 0000000180008760 f   ConEmuPlugin.obj
 0001:00007790       ProcessEditorEventW        0000000180008790 f   ConEmuPlugin.obj
 0001:000077c0       ?ProcessEditorEventW3@@YA_JPEAX@Z 00000001800087c0 f   ConEmuPlugin.obj
 0001:00007800       ?ProcessViewerEvent@@YAHHPEAX@Z 0000000180008800 f   ConEmuPlugin.obj
 0001:00007830       ProcessViewerEventW        0000000180008830 f   ConEmuPlugin.obj
 0001:00007860       ?ProcessViewerEventW3@@YA_JPEAX@Z 0000000180008860 f   ConEmuPlugin.obj
 0001:000078a0       ?ProcessEditorInput@@YAHPEBU_INPUT_RECORD@@@Z 00000001800088a0 f   ConEmuPlugin.obj
 0001:000078d0       ProcessEditorInputW        00000001800088d0 f   ConEmuPlugin.obj
 0001:00007900       ?OpenPlugin@@YAPEAXH_J@Z   0000000180008900 f   ConEmuPlugin.obj
 0001:00007930       OpenPluginW                0000000180008930 f   ConEmuPlugin.obj
 0001:00007990       ?OpenW@@YAPEAXPEBX@Z       0000000180008990 f   ConEmuPlugin.obj
 0001:000079c0       ?ExitFAR@@YAXXZ            00000001800089c0 f   ConEmuPlugin.obj
 0001:00007a30       ExitFARW                   0000000180008a30 f   ConEmuPlugin.obj
 0001:00007aa0       ?ExitFARW3@@YAXPEAX@Z      0000000180008aa0 f   ConEmuPlugin.obj
 0001:00007b10       ?SetupExportsFar3@@YAXXZ   0000000180008b10 f   ConEmuPlugin.obj
 0001:00007e10       ?_calloc@@YAPEAX_K0@Z      0000000180008e10 f   ConEmuPlugin.obj
 0001:00007e40       ?_malloc@@YAPEAX_K@Z       0000000180008e40 f   ConEmuPlugin.obj
 0001:00007e60       ?_free@@YAXPEAX@Z          0000000180008e60 f   ConEmuPlugin.obj
 0001:00007e80       ??0CPluginW1900@@QEAA@XZ   0000000180008e80 f   ConEmuPlugin1900.obj
 0001:00008180       ??_GCPluginW1900@@UEAAPEAXI@Z 0000000180009180 f i ConEmuPlugin1900.obj
 0001:00008180       ??_ECPluginW1900@@UEAAPEAXI@Z 0000000180009180 f i ConEmuPlugin1900.obj
 0001:000081c0       ??1CPluginW1900@@UEAA@XZ   00000001800091c0 f i ConEmuPlugin1900.obj
 0001:000081f0       ?ProcessEditorEventPtr@CPluginW1900@@UEAAHPEAX@Z 00000001800091f0 f   ConEmuPlugin1900.obj
 0001:00008230       ?ProcessViewerEventPtr@CPluginW1900@@UEAAHPEAX@Z 0000000180009230 f   ConEmuPlugin1900.obj
 0001:00008270       ?ProcessSynchroEventPtr@CPluginW1900@@UEAAHPEAX@Z 0000000180009270 f   ConEmuPlugin1900.obj
 0001:000082b0       ?GetPanelDir@CPluginW1900@@UEAAPEA_WKPEA_WH@Z 00000001800092b0 f   ConEmuPlugin1900.obj
 0001:000084e0       ?GetPanelInfo@CPluginW1900@@UEAA_NKPEAUCEPanelInfo@@@Z 00000001800094e0 f   ConEmuPlugin1900.obj
 0001:00008a90       ?GetPanelItemInfo@CPluginW1900@@UEAA_NAEBUCEPanelInfo@@_N_JAEAU_WIN32_FIND_DATAW@@PEAPEA_W@Z 0000000180009a90 f   ConEmuPlugin1900.obj
 0001:00008dc0       ?PanelControlApi@CPluginW1900@@UEAA_JPEAXH_J0@Z 0000000180009dc0 f   ConEmuPlugin1900.obj
 0001:00008e30       ?GetPluginInfoPtr@CPluginW1900@@UEAAXPEAX@Z 0000000180009e30 f   ConEmuPlugin1900.obj
 0001:00008ed0       ?SetStartupInfoPtr@CPluginW1900@@UEAAXPEAX@Z 0000000180009ed0 f   ConEmuPlugin1900.obj
 0001:000090a0       ?GetEditorModifiedState@CPluginW1900@@UEAAKXZ 000000018000a0a0 f   ConEmuPlugin1900.obj
 0001:00009110       ?ProcessEditorInputPtr@CPluginW1900@@UEAAHPEBX@Z 000000018000a110 f   ConEmuPlugin1900.obj
 0001:00009150       ?GetWindowCount@CPluginW1900@@UEAAHXZ 000000018000a150 f   ConEmuPlugin1900.obj
 0001:000091b0       ?UpdateConEmuTabsApi@CPluginW1900@@UEAA_NH@Z 000000018000a1b0 f   ConEmuPlugin1900.obj
 0001:00009850       ?ExitFar@CPluginW1900@@UEAAXXZ 000000018000a850 f   ConEmuPlugin1900.obj
 0001:00009900       ?ShowMessage@CPluginW1900@@UEAAHPEB_WH_N@Z 000000018000a900 f   ConEmuPlugin1900.obj
 0001:000099c0       ?GetMsg@CPluginW1900@@UEAAPEB_WHPEA_W_K@Z 000000018000a9c0 f   ConEmuPlugin1900.obj
 0001:00009a60       ?SetWindow@CPluginW1900@@UEAAXH@Z 000000018000aa60 f   ConEmuPlugin1900.obj
 0001:00009ae0       ?PostMacroApi@CPluginW1900@@UEAAXPEB_WPEAU_INPUT_RECORD@@_N@Z 000000018000aae0 f   ConEmuPlugin1900.obj
 0001:0000a730       ?wcsstr@@YAPEA_WPEA_WPEB_W@Z 000000018000b730 f i ConEmuPlugin1900.obj
 0001:0000a760       ?ShowPluginMenu@CPluginW1900@@UEAAHPEAUConEmuPluginMenuItem@@HH@Z 000000018000b760 f   ConEmuPlugin1900.obj
 0001:0000aa40       ?OpenEditor@CPluginW1900@@UEAA_NPEB_W_N11HH@Z 000000018000ba40 f   ConEmuPlugin1900.obj
 0001:0000ac70       ?ExecuteSynchroApi@CPluginW1900@@UEAA_NXZ 000000018000bc70 f   ConEmuPlugin1900.obj
 0001:0000acc0       ?WaitEndSynchro@CPluginW1900@@UEAAXXZ 000000018000bcc0 f   ConEmuPlugin1900.obj
 0001:0000acd0       ?StopWaitEndSynchro@CPluginW1900@@UEAAXXZ 000000018000bcd0 f   ConEmuPlugin1900.obj
 0001:0000ace0       ?IsMacroActive@CPluginW1900@@UEAA_NXZ 000000018000bce0 f   ConEmuPlugin1900.obj
 0001:0000ad40       ?GetMacroArea@CPluginW1900@@UEAAHXZ 000000018000bd40 f   ConEmuPlugin1900.obj
 0001:0000ad80       ?RedrawAll@CPluginW1900@@UEAAXXZ 000000018000bd80 f   ConEmuPlugin1900.obj
 0001:0000add0       ?InputBox@CPluginW1900@@UEAA_NPEB_W000AEAPEA_W@Z 000000018000bdd0 f   ConEmuPlugin1900.obj
 0001:0000aea0       ?ShowUserScreen@CPluginW1900@@UEAAX_N@Z 000000018000bea0 f   ConEmuPlugin1900.obj
 0001:0000af10       ?LoadFarColors@CPluginW1900@@UEAAXAEAY0BAA@E@Z 000000018000bf10 f   ConEmuPlugin1900.obj
 0001:0000b140       ?FarColor_3_2@@YAEAEBUFarColor@@@Z 000000018000c140 f i ConEmuPlugin1900.obj
 0001:0000b270       ?Color2FgIndex@Far3Color@@SAXKAEAGPEBK@Z 000000018000c270 f i ConEmuPlugin1900.obj
 0001:0000b400       ?Max@Far3Color@@SAHHH@Z    000000018000c400 f i ConEmuPlugin1900.obj
 0001:0000b430       ?GetStdIndex@Far3Color@@SAHKPEBK@Z 000000018000c430 f i ConEmuPlugin1900.obj
 0001:0000b4b0       ?GetStdPalette@Far3Color@@SAPEBKXZ 000000018000c4b0 f i ConEmuPlugin1900.obj
 0001:0000b4c0       ?Color2BgIndex@Far3Color@@SAXKHAEAGPEBK@Z 000000018000c4c0 f i ConEmuPlugin1900.obj
 0001:0000b6a0       ?LoadFarSettings@CPluginW1900@@UEAAXPEAUCEFarInterfaceSettings@@PEAUCEFarPanelSettings@@@Z 000000018000c6a0 f   ConEmuPlugin1900.obj
 0001:0000b940       ?GetFarRect@CPluginW1900@@UEAA_NAEAU_SMALL_RECT@@@Z 000000018000c940 f   ConEmuPlugin1900.obj
 0001:0000b9d0       ?CheckPanelExist@CPluginW1900@@UEAA_NXZ 000000018000c9d0 f   ConEmuPlugin1900.obj
 0001:0000ba40       ?GetActiveWindowType@CPluginW1900@@UEAAHXZ 000000018000ca40 f   ConEmuPlugin1900.obj
 0001:0000bb40       ?GetWindowTypeName@CPluginW1900@@UEAAPEB_WH@Z 000000018000cb40 f   ConEmuPlugin1900.obj
 0001:0000bc00       ?GuiMacroDlg@CPluginW1900@@UEAAXXZ 000000018000cc00 f   ConEmuPlugin1900.obj
 0001:0000c350       ?Open@CPluginW1900@@UEAAPEAXPEBX@Z 000000018000d350 f   ConEmuPlugin1900.obj
 0001:0000c5b0       GetGlobalInfoW             000000018000d5b0 f   ConEmuPlugin2800.obj
 0001:0000c7d0       ??0CPluginW2800@@QEAA@XZ   000000018000d7d0 f   ConEmuPlugin2800.obj
 0001:0000cad0       ??_ECPluginW2800@@UEAAPEAXI@Z 000000018000dad0 f i ConEmuPlugin2800.obj
 0001:0000cad0       ??_GCPluginW2800@@UEAAPEAXI@Z 000000018000dad0 f i ConEmuPlugin2800.obj
 0001:0000cb10       ??1CPluginW2800@@UEAA@XZ   000000018000db10 f i ConEmuPlugin2800.obj
 0001:0000cb40       ?GetPanelDir@CPluginW2800@@UEAAPEA_WKPEA_WH@Z 000000018000db40 f   ConEmuPlugin2800.obj
 0001:0000cd70       ?GetPanelInfo@CPluginW2800@@UEAA_NKPEAUCEPanelInfo@@@Z 000000018000dd70 f   ConEmuPlugin2800.obj
 0001:0000d320       ?GetPanelItemInfo@CPluginW2800@@UEAA_NAEBUCEPanelInfo@@_N_JAEAU_WIN32_FIND_DATAW@@PEAPEA_W@Z 000000018000e320 f   ConEmuPlugin2800.obj
 0001:0000d650       ?PanelControlApi@CPluginW2800@@UEAA_JPEAXH_J0@Z 000000018000e650 f   ConEmuPlugin2800.obj
 0001:0000d6c0       ?GetPluginInfoPtr@CPluginW2800@@UEAAXPEAX@Z 000000018000e6c0 f   ConEmuPlugin2800.obj
 0001:0000d760       ?SetStartupInfoPtr@CPluginW2800@@UEAAXPEAX@Z 000000018000e760 f   ConEmuPlugin2800.obj
 0001:0000d930       ?GetEditorModifiedState@CPluginW2800@@UEAAKXZ 000000018000e930 f   ConEmuPlugin2800.obj
 0001:0000d9a0       ?ProcessEditorEventPtr@CPluginW2800@@UEAAHPEAX@Z 000000018000e9a0 f   ConEmuPlugin2800.obj
 0001:0000d9e0       ?ProcessViewerEventPtr@CPluginW2800@@UEAAHPEAX@Z 000000018000e9e0 f   ConEmuPlugin2800.obj
 0001:0000da20       ?ProcessSynchroEventPtr@CPluginW2800@@UEAAHPEAX@Z 000000018000ea20 f   ConEmuPlugin2800.obj
 0001:0000da60       ?ProcessEditorInputPtr@CPluginW2800@@UEAAHPEBX@Z 000000018000ea60 f   ConEmuPlugin2800.obj
 0001:0000daa0       ?GetWindowCount@CPluginW2800@@UEAAHXZ 000000018000eaa0 f   ConEmuPlugin2800.obj
 0001:0000db00       ?UpdateConEmuTabsApi@CPluginW2800@@UEAA_NH@Z 000000018000eb00 f   ConEmuPlugin2800.obj
 0001:0000e550       ?ExitFar@CPluginW2800@@UEAAXXZ 000000018000f550 f   ConEmuPlugin2800.obj
 0001:0000e600       ?ShowMessage@CPluginW2800@@UEAAHPEB_WH_N@Z 000000018000f600 f   ConEmuPlugin2800.obj
 0001:0000e6c0       ?GetMsg@CPluginW2800@@UEAAPEB_WHPEA_W_K@Z 000000018000f6c0 f   ConEmuPlugin2800.obj
 0001:0000e760       ?SetWindow@CPluginW2800@@UEAAXH@Z 000000018000f760 f   ConEmuPlugin2800.obj
 0001:0000e7e0       ?PostMacroApi@CPluginW2800@@UEAAXPEB_WPEAU_INPUT_RECORD@@_N@Z 000000018000f7e0 f   ConEmuPlugin2800.obj
 0001:0000ee00       ?ShowPluginMenu@CPluginW2800@@UEAAHPEAUConEmuPluginMenuItem@@HH@Z 000000018000fe00 f   ConEmuPlugin2800.obj
 0001:0000f0e0       ?OpenEditor@CPluginW2800@@UEAA_NPEB_W_N11HH@Z 00000001800100e0 f   ConEmuPlugin2800.obj
 0001:0000f320       ?ExecuteSynchroApi@CPluginW2800@@UEAA_NXZ 0000000180010320 f   ConEmuPlugin2800.obj
 0001:0000f370       ?WaitEndSynchro@CPluginW2800@@UEAAXXZ 0000000180010370 f   ConEmuPlugin2800.obj
 0001:0000f380       ?StopWaitEndSynchro@CPluginW2800@@UEAAXXZ 0000000180010380 f   ConEmuPlugin2800.obj
 0001:0000f390       ?IsMacroActive@CPluginW2800@@UEAA_NXZ 0000000180010390 f   ConEmuPlugin2800.obj
 0001:0000f3f0       ?GetMacroArea@CPluginW2800@@UEAAHXZ 00000001800103f0 f   ConEmuPlugin2800.obj
 0001:0000f430       ?RedrawAll@CPluginW2800@@UEAAXXZ 0000000180010430 f   ConEmuPlugin2800.obj
 0001:0000f480       ?InputBox@CPluginW2800@@UEAA_NPEB_W000AEAPEA_W@Z 0000000180010480 f   ConEmuPlugin2800.obj
 0001:0000f550       ?ShowUserScreen@CPluginW2800@@UEAAX_N@Z 0000000180010550 f   ConEmuPlugin2800.obj
 0001:0000f5c0       ?LoadFarColors@CPluginW2800@@UEAAXAEAY0BAA@E@Z 00000001800105c0 f   ConEmuPlugin2800.obj
 0001:0000f7f0       ?LoadFarSettings@CPluginW2800@@UEAAXPEAUCEFarInterfaceSettings@@PEAUCEFarPanelSettings@@@Z 00000001800107f0 f   ConEmuPlugin2800.obj
 0001:0000faa0       ?GetFarRect@CPluginW2800@@UEAA_NAEAU_SMALL_RECT@@@Z 0000000180010aa0 f   ConEmuPlugin2800.obj
 0001:0000fb30       ?CheckPanelExist@CPluginW2800@@UEAA_NXZ 0000000180010b30 f   ConEmuPlugin2800.obj
 0001:0000fba0       ?GetActiveWindowType@CPluginW2800@@UEAAHXZ 0000000180010ba0 f   ConEmuPlugin2800.obj
 0001:0000fcb0       ?GetWindowTypeName@CPluginW2800@@UEAAPEB_WH@Z 0000000180010cb0 f   ConEmuPlugin2800.obj
 0001:0000fd70       ?GuiMacroDlg@CPluginW2800@@UEAAXXZ 0000000180010d70 f   ConEmuPlugin2800.obj
 0001:000104d0       ?Open@CPluginW2800@@UEAAPEAXPEBX@Z 00000001800114d0 f   ConEmuPlugin2800.obj
 0001:000107d0       ??0FarMacroValue@@QEAA@XZ  00000001800117d0 f i ConEmuPlugin2800.obj
 0001:00010820       ??0?$MArray@UWindowInfo@@@@QEAA@XZ 0000000180011820 f i ConEmuPlugin2800.obj
 0001:00010880       ??1?$MArray@UWindowInfo@@@@QEAA@XZ 0000000180011880 f i ConEmuPlugin2800.obj
 0001:000108a0       ??A?$MArray@UWindowInfo@@@@QEBAAEBUWindowInfo@@_J@Z 00000001800118a0 f i ConEmuPlugin2800.obj
 0001:000108c0       ??A?$MArray@UWindowInfo@@@@QEAAAEAUWindowInfo@@_J@Z 00000001800118c0 f i ConEmuPlugin2800.obj
 0001:000108e0       ?push_back@?$MArray@UWindowInfo@@@@QEAA_JAEBUWindowInfo@@@Z 00000001800118e0 f i ConEmuPlugin2800.obj
 0001:000109b0       ?insert@?$MArray@UWindowInfo@@@@QEAAX_JAEBUWindowInfo@@@Z 00000001800119b0 f i ConEmuPlugin2800.obj
 0001:00010ac0       ?erase@?$MArray@UWindowInfo@@@@QEAAX_J@Z 0000000180011ac0 f i ConEmuPlugin2800.obj
 0001:00010b80       ?size@?$MArray@UWindowInfo@@@@QEBA_JXZ 0000000180011b80 f i ConEmuPlugin2800.obj
 0001:00010b90       ?clear@?$MArray@UWindowInfo@@@@QEAAXXZ 0000000180011b90 f i ConEmuPlugin2800.obj
 0001:00010be0       ?addsize@?$MArray@UWindowInfo@@@@QEAAX_J@Z 0000000180011be0 f i ConEmuPlugin2800.obj
 0001:00010d20       ??0CPluginW995@@QEAA@XZ    0000000180011d20 f   ConEmuPlugin995.obj
 0001:00011030       ?Open@CPluginW995@@UEAAPEAXPEBX@Z 0000000180012030 f i ConEmuPlugin995.obj
 0001:00011050       ?ProcessEditorEventPtr@CPluginW995@@UEAAHPEAX@Z 0000000180012050 f i ConEmuPlugin995.obj
 0001:00011060       ?ProcessSynchroEventPtr@CPluginW995@@UEAAHPEAX@Z 0000000180012060 f i ConEmuPlugin995.obj
 0001:00011070       ?ProcessViewerEventPtr@CPluginW995@@UEAAHPEAX@Z 0000000180012070 f i ConEmuPlugin995.obj
 0001:00011080       ??_GCPluginW995@@UEAAPEAXI@Z 0000000180012080 f i ConEmuPlugin995.obj
 0001:00011080       ??_ECPluginW995@@UEAAPEAXI@Z 0000000180012080 f i ConEmuPlugin995.obj
 0001:000110c0       ??1CPluginW995@@UEAA@XZ    00000001800120c0 f i ConEmuPlugin995.obj
 0001:000110f0       ?GetPanelDir@CPluginW995@@UEAAPEA_WKPEA_WH@Z 00000001800120f0 f   ConEmuPlugin995.obj
 0001:000112e0       ?GetPanelInfo@CPluginW995@@UEAA_NKPEAUCEPanelInfo@@@Z 00000001800122e0 f   ConEmuPlugin995.obj
 0001:000117a0       ?GetPanelItemInfo@CPluginW995@@UEAA_NAEBUCEPanelInfo@@_N_JAEAU_WIN32_FIND_DATAW@@PEAPEA_W@Z 00000001800127a0 f   ConEmuPlugin995.obj
 0001:00011ab0       ?PanelControlApi@CPluginW995@@UEAA_JPEAXH_J0@Z 0000000180012ab0 f   ConEmuPlugin995.obj
 0001:00011b20       ?GetPluginInfoPtr@CPluginW995@@UEAAXPEAX@Z 0000000180012b20 f   ConEmuPlugin995.obj
 0001:00011be0       ?SetStartupInfoPtr@CPluginW995@@UEAAXPEAX@Z 0000000180012be0 f   ConEmuPlugin995.obj
 0001:00011de0       ?GetEditorModifiedState@CPluginW995@@UEAAKXZ 0000000180012de0 f   ConEmuPlugin995.obj
 0001:00011e40       ?ProcessEditorInputPtr@CPluginW995@@UEAAHPEBX@Z 0000000180012e40 f   ConEmuPlugin995.obj
 0001:00011e80       ?GetWindowCount@CPluginW995@@UEAAHXZ 0000000180012e80 f   ConEmuPlugin995.obj
 0001:00011ee0       ?UpdateConEmuTabsApi@CPluginW995@@UEAA_NH@Z 0000000180012ee0 f   ConEmuPlugin995.obj
 0001:00012260       ?ExitFar@CPluginW995@@UEAAXXZ 0000000180013260 f   ConEmuPlugin995.obj
 0001:00012310       ?ShowMessage@CPluginW995@@UEAAHPEB_WH_N@Z 0000000180013310 f   ConEmuPlugin995.obj
 0001:000123d0       ?GetMsg@CPluginW995@@UEAAPEB_WHPEA_W_K@Z 00000001800133d0 f   ConEmuPlugin995.obj
 0001:00012470       ?SetWindow@CPluginW995@@UEAAXH@Z 0000000180013470 f   ConEmuPlugin995.obj
 0001:000124f0       ?PostMacroApi@CPluginW995@@UEAAXPEB_WPEAU_INPUT_RECORD@@_N@Z 00000001800134f0 f   ConEmuPlugin995.obj
 0001:000125f0       ?ShowPluginMenu@CPluginW995@@UEAAHPEAUConEmuPluginMenuItem@@HH@Z 00000001800135f0 f   ConEmuPlugin995.obj
 0001:00012870       ?OpenEditor@CPluginW995@@UEAA_NPEB_W_N11HH@Z 0000000180013870 f   ConEmuPlugin995.obj
 0001:00012a80       ?ExecuteSynchroApi@CPluginW995@@UEAA_NXZ 0000000180013a80 f   ConEmuPlugin995.obj
 0001:00012ad0       ?WaitEndSynchro@CPluginW995@@UEAAXXZ 0000000180013ad0 f   ConEmuPlugin995.obj
 0001:00012d40       ?StopWaitEndSynchro@CPluginW995@@UEAAXXZ 0000000180013d40 f   ConEmuPlugin995.obj
 0001:00012d80       ?IsMacroActive@CPluginW995@@UEAA_NXZ 0000000180013d80 f   ConEmuPlugin995.obj
 0001:00012e00       ?GetMacroArea@CPluginW995@@UEAAHXZ 0000000180013e00 f   ConEmuPlugin995.obj
 0001:00012e50       ?RedrawAll@CPluginW995@@UEAAXXZ 0000000180013e50 f   ConEmuPlugin995.obj
 0001:00012ea0       ?InputBox@CPluginW995@@UEAA_NPEB_W000AEAPEA_W@Z 0000000180013ea0 f   ConEmuPlugin995.obj
 0001:00012f50       ?ShowUserScreen@CPluginW995@@UEAAX_N@Z 0000000180013f50 f   ConEmuPlugin995.obj
 0001:00012fc0       ?LoadFarColors@CPluginW995@@UEAAXAEAY0BAA@E@Z 0000000180013fc0 f   ConEmuPlugin995.obj
 0001:000130d0       ?LoadFarSettings@CPluginW995@@UEAAXPEAUCEFarInterfaceSettings@@PEAUCEFarPanelSettings@@@Z 00000001800140d0 f   ConEmuPlugin995.obj
 0001:00013160       ?GetFarRect@CPluginW995@@UEAA_NAEAU_SMALL_RECT@@@Z 0000000180014160 f   ConEmuPlugin995.obj
 0001:000131f0       ?CheckPanelExist@CPluginW995@@UEAA_NXZ 00000001800141f0 f   ConEmuPlugin995.obj
 0001:00013260       ?GetActiveWindowType@CPluginW995@@UEAAHXZ 0000000180014260 f   ConEmuPlugin995.obj
 0001:00013380       ?GetWindowTypeName@CPluginW995@@UEAAPEB_WH@Z 0000000180014380 f   ConEmuPlugin995.obj
 0001:00013440       ?GuiMacroDlg@CPluginW995@@UEAAXXZ 0000000180014440 f   ConEmuPlugin995.obj
 0001:00013b20       ??0CPluginAnsi@@QEAA@XZ    0000000180014b20 f   ConEmuPluginA.obj
 0001:00013df0       ?ExecuteSynchroApi@CPluginAnsi@@UEAA_NXZ 0000000180014df0 f i ConEmuPluginA.obj
 0001:00013e00       ?GetFarRect@CPluginAnsi@@UEAA_NAEAU_SMALL_RECT@@@Z 0000000180014e00 f i ConEmuPluginA.obj
 0001:00013e10       ?Open@CPluginAnsi@@UEAAPEAXPEBX@Z 0000000180014e10 f i ConEmuPluginA.obj
 0001:00013e30       ?ProcessEditorEventPtr@CPluginAnsi@@UEAAHPEAX@Z 0000000180014e30 f i ConEmuPluginA.obj
 0001:00013e40       ?ProcessEditorInputPtr@CPluginAnsi@@UEAAHPEBX@Z 0000000180014e40 f i ConEmuPluginA.obj
 0001:00013e50       ?ProcessSynchroEventPtr@CPluginAnsi@@UEAAHPEAX@Z 0000000180014e50 f i ConEmuPluginA.obj
 0001:00013e60       ?ProcessViewerEventPtr@CPluginAnsi@@UEAAHPEAX@Z 0000000180014e60 f i ConEmuPluginA.obj
 0001:00013e70       ?StopWaitEndSynchro@CPluginAnsi@@UEAAXXZ 0000000180014e70 f i ConEmuPluginA.obj
 0001:00013e80       ?WaitEndSynchro@CPluginAnsi@@UEAAXXZ 0000000180014e80 f i ConEmuPluginA.obj
 0001:00013e90       ??_GCPluginAnsi@@UEAAPEAXI@Z 0000000180014e90 f i ConEmuPluginA.obj
 0001:00013e90       ??_ECPluginAnsi@@UEAAPEAXI@Z 0000000180014e90 f i ConEmuPluginA.obj
 0001:00013ed0       ??1CPluginAnsi@@UEAA@XZ    0000000180014ed0 f i ConEmuPluginA.obj
 0001:00013f00       ?GetPanelDir@CPluginAnsi@@UEAAPEA_WKPEA_WH@Z 0000000180014f00 f   ConEmuPluginA.obj
 0001:00014070       ?GetPanelInfo@CPluginAnsi@@UEAA_NKPEAUCEPanelInfo@@@Z 0000000180015070 f   ConEmuPluginA.obj
 0001:000144a0       ?GetPanelItemInfo@CPluginAnsi@@UEAA_NAEBUCEPanelInfo@@_N_JAEAU_WIN32_FIND_DATAW@@PEAPEA_W@Z 00000001800154a0 f   ConEmuPluginA.obj
 0001:000146d0       ?PanelControlApi@CPluginAnsi@@UEAA_JPEAXH_J0@Z 00000001800156d0 f   ConEmuPluginA.obj
 0001:00014740       ?SetStartupInfoPtr@CPluginAnsi@@UEAAXPEAX@Z 0000000180015740 f   ConEmuPluginA.obj
 0001:00014940       ?GetPluginInfoPtr@CPluginAnsi@@UEAAXPEAX@Z 0000000180015940 f   ConEmuPluginA.obj
 0001:00014a30       ?GetEditorModifiedState@CPluginAnsi@@UEAAKXZ 0000000180015a30 f   ConEmuPluginA.obj
 0001:00014aa0       ?GetWindowCount@CPluginAnsi@@UEAAHXZ 0000000180015aa0 f   ConEmuPluginA.obj
 0001:00014b00       ?UpdateConEmuTabsApi@CPluginAnsi@@UEAA_NH@Z 0000000180015b00 f   ConEmuPluginA.obj
 0001:00014e90       ?ExitFar@CPluginAnsi@@UEAAXXZ 0000000180015e90 f   ConEmuPluginA.obj
 0001:00014ef0       ?SetWindow@CPluginAnsi@@UEAAXH@Z 0000000180015ef0 f   ConEmuPluginA.obj
 0001:00014f70       ?PostMacroApi@CPluginAnsi@@UEAAXPEB_WPEAU_INPUT_RECORD@@_N@Z 0000000180015f70 f   ConEmuPluginA.obj
 0001:000150a0       ?ShowPluginMenu@CPluginAnsi@@UEAAHPEAUConEmuPluginMenuItem@@HH@Z 00000001800160a0 f   ConEmuPluginA.obj
 0001:000153a0       ?OpenEditor@CPluginAnsi@@UEAA_NPEB_W_N11HH@Z 00000001800163a0 f   ConEmuPluginA.obj
 0001:000155d0       ?ShowMessage@CPluginAnsi@@UEAAHPEB_WH_N@Z 00000001800165d0 f   ConEmuPluginA.obj
 0001:000156f0       ?GetMsg@CPluginAnsi@@UEAAPEB_WHPEA_W_K@Z 00000001800166f0 f   ConEmuPluginA.obj
 0001:000157f0       ?IsMacroActive@CPluginAnsi@@UEAA_NXZ 00000001800167f0 f   ConEmuPluginA.obj
 0001:00015870       ?GetMacroArea@CPluginAnsi@@UEAAHXZ 0000000180016870 f   ConEmuPluginA.obj
 0001:00015880       ?RedrawAll@CPluginAnsi@@UEAAXXZ 0000000180016880 f   ConEmuPluginA.obj
 0001:000158d0       ?InputBox@CPluginAnsi@@UEAA_NPEB_W000AEAPEA_W@Z 00000001800168d0 f   ConEmuPluginA.obj
 0001:00015a60       ?ShowUserScreen@CPluginAnsi@@UEAAX_N@Z 0000000180016a60 f   ConEmuPluginA.obj
 0001:00015ad0       ?LoadFarColors@CPluginAnsi@@UEAAXAEAY0BAA@E@Z 0000000180016ad0 f   ConEmuPluginA.obj
 0001:00015be0       ?LoadFarSettings@CPluginAnsi@@UEAAXPEAUCEFarInterfaceSettings@@PEAUCEFarPanelSettings@@@Z 0000000180016be0 f   ConEmuPluginA.obj
 0001:00015c70       ?CheckPanelExist@CPluginAnsi@@UEAA_NXZ 0000000180016c70 f   ConEmuPluginA.obj
 0001:00015ce0       ?GetActiveWindowType@CPluginAnsi@@UEAAHXZ 0000000180016ce0 f   ConEmuPluginA.obj
 0001:00015d60       ?GetWindowTypeName@CPluginAnsi@@UEAAPEB_WH@Z 0000000180016d60 f   ConEmuPluginA.obj
 0001:00015e20       ?GuiMacroDlg@CPluginAnsi@@UEAAXXZ 0000000180016e20 f   ConEmuPluginA.obj
 0001:00016620       ?Plugin@@YAPEAVCPluginBase@@XZ 0000000180017620 f   ConEmuPluginBase.obj
 0001:00016780       ??0CPluginBase@@QEAA@XZ    0000000180017780 f   ConEmuPluginBase.obj
 0001:00016ad0       ??_GCPluginBase@@UEAAPEAXI@Z 0000000180017ad0 f i ConEmuPluginBase.obj
 0001:00016ad0       ??_ECPluginBase@@UEAAPEAXI@Z 0000000180017ad0 f i ConEmuPluginBase.obj
 0001:00016b10       ??1CPluginBase@@UEAA@XZ    0000000180017b10 f   ConEmuPluginBase.obj
 0001:00016b30       ?DllMain_ProcessAttach@CPluginBase@@KAXPEAUHINSTANCE__@@@Z 0000000180017b30 f   ConEmuPluginBase.obj
 0001:00016d00       ?DllMain_ProcessDetach@CPluginBase@@KAXXZ 0000000180017d00 f   ConEmuPluginBase.obj
 0001:00016f40       ??_GMSection@@QEAAPEAXI@Z  0000000180017f40 f i ConEmuPluginBase.obj
 0001:00016f80       ??_GMSectionSimple@@QEAAPEAXI@Z 0000000180017f80 f i ConEmuPluginBase.obj
 0001:00016fc0       ??_GCPluginBackground@@QEAAPEAXI@Z 0000000180017fc0 f i ConEmuPluginBase.obj
 0001:00017000       ?LoadFarVersion@CPluginBase@@SA_NXZ 0000000180018000 f   ConEmuPluginBase.obj
 0001:000173e0       ?ShowMessageGui@CPluginBase@@QEAAHHH@Z 00000001800183e0 f   ConEmuPluginBase.obj
 0001:000174b0       ?BackgroundMacroError@CPluginBase@@SAKPEAX@Z 00000001800184b0 f   ConEmuPluginBase.obj
 0001:00017500       ?PostMacro@CPluginBase@@QEAAXPEB_WPEAU_INPUT_RECORD@@_N@Z 0000000180018500 f   ConEmuPluginBase.obj
 0001:000175e0       ?isMacroActive@CPluginBase@@QEAA_NAEAH@Z 00000001800185e0 f   ConEmuPluginBase.obj
 0001:00017670       ?CheckBufferEnabled@CPluginBase@@QEAA_NXZ 0000000180018670 f   ConEmuPluginBase.obj
 0001:00017720       ?PanelControl@CPluginBase@@QEAA_JPEAXH_J0@Z 0000000180018720 f   ConEmuPluginBase.obj
 0001:00017810       ?GetPanelInfo@CPluginBase@@QEAA_NKPEAUBkPanelInfo@@@Z 0000000180018810 f   ConEmuPluginBase.obj
 0001:00017900       ?FillUpdateBackground@CPluginBase@@QEAAXPEAUPaintBackgroundArg@@@Z 0000000180018900 f   ConEmuPluginBase.obj
 0001:00017b30       ?StorePanelDirs@CPluginBase@@QEAA_NPEB_W0@Z 0000000180018b30 f   ConEmuPluginBase.obj
 0001:00017cd0       ?UpdatePanelDirs@CPluginBase@@QEAAXXZ 0000000180018cd0 f   ConEmuPluginBase.obj
 0001:00017ef0       ?IsFarLua@FarVersion@@QEBA_NXZ 0000000180018ef0 f i ConEmuPluginBase.obj
 0001:00017f50       ?RunExternalProgram@CPluginBase@@QEAA_NPEA_W@Z 0000000180018f50 f   ConEmuPluginBase.obj
 0001:000181f0       ?ProcessCommandLine@CPluginBase@@QEAA_NPEA_W@Z 00000001800191f0 f   ConEmuPluginBase.obj
 0001:00018250       ?ShowPluginMenu@CPluginBase@@QEAAXW4PluginCallCommands@@@Z 0000000180019250 f   ConEmuPluginBase.obj
 0001:00018590       ?ShowTabsList@CPluginBase@@QEAAXXZ 0000000180019590 f   ConEmuPluginBase.obj
 0001:00018ac0       ?ShowPanelsList@CPluginBase@@QEAAXXZ 0000000180019ac0 f   ConEmuPluginBase.obj
 0001:00018cd0       ?DataSize@CESERVER_REQ@@QEAAKXZ 0000000180019cd0 f i ConEmuPluginBase.obj
 0001:00018d10       ?EditViewConsoleOutput@CPluginBase@@QEAAX_N@Z 0000000180019d10 f   ConEmuPluginBase.obj
 0001:00018e20       ?SwitchTabCommand@CPluginBase@@QEAAXW4PluginMenuCommands@@@Z 0000000180019e20 f   ConEmuPluginBase.obj
 0001:00018ef0       ?ProcessSynchroEvent@CPluginBase@@QEAAHHPEAX@Z 0000000180019ef0 f   ConEmuPluginBase.obj
 0001:00018fb0       ?ProcessEditorInputInternal@CPluginBase@@QEAAXAEBU_INPUT_RECORD@@@Z 0000000180019fb0 f   ConEmuPluginBase.obj
 0001:00019010       ?ProcessEditorViewerEvent@CPluginBase@@QEAAHHH@Z 000000018001a010 f   ConEmuPluginBase.obj
 0001:00019160       ?isModalEditorViewer@CPluginBase@@QEAA_NXZ 000000018001a160 f   ConEmuPluginBase.obj
 0001:000191b0       ?GetMainThreadId@CPluginBase@@SAKXZ 000000018001a1b0 f   ConEmuPluginBase.obj
 0001:00019260       ?ShowConsoleInfo@CPluginBase@@QEAAXXZ 000000018001a260 f   ConEmuPluginBase.obj
 0001:00019500       ?RunExternalProgramW@CPluginBase@@SA_NPEA_W0_N@Z 000000018001a500 f   ConEmuPluginBase.obj
 0001:000197e0       ?StartDebugger@CPluginBase@@QEAA_NXZ 000000018001a7e0 f   ConEmuPluginBase.obj
 0001:00019bb0       ?Attach2Gui@CPluginBase@@QEAA_NXZ 000000018001abb0 f   ConEmuPluginBase.obj
 0001:0001a170       ?FindServerCmd@CPluginBase@@QEAA_NKAEAK_N@Z 000000018001b170 f   ConEmuPluginBase.obj
 0001:0001a290       ?ShowMessage@CPluginBase@@QEAAHHH@Z 000000018001b290 f   ConEmuPluginBase.obj
 0001:0001a320       ?OutDataAlloc@CPluginBase@@SA_NK@Z 000000018001b320 f   ConEmuPluginBase.obj
 0001:0001a3a0       ?OutDataRealloc@CPluginBase@@SA_NK@Z 000000018001b3a0 f   ConEmuPluginBase.obj
 0001:0001a4a0       ?OutDataWrite@CPluginBase@@SA_NPEAXK@Z 000000018001b4a0 f   ConEmuPluginBase.obj
 0001:0001a590       ?CreateTabs@CPluginBase@@SA_NH@Z 000000018001b590 f   ConEmuPluginBase.obj
 0001:0001a690       ?AddTab@CPluginBase@@QEAA_NAEAHH_N1HPEB_W2HHHH@Z 000000018001b690 f   ConEmuPluginBase.obj
 0001:0001acd0       wmemcmp                    000000018001bcd0 f i ConEmuPluginBase.obj
 0001:0001ad60       ?SendTabs@CPluginBase@@SAXH_N@Z 000000018001bd60 f   ConEmuPluginBase.obj
 0001:0001afa0       ?CloseTabs@CPluginBase@@SAXXZ 000000018001bfa0 f   ConEmuPluginBase.obj
 0001:0001b030       ?UpdateConEmuTabs@CPluginBase@@QEAA_N_N@Z 000000018001c030 f   ConEmuPluginBase.obj
 0001:0001b440       ?CheckResources@CPluginBase@@QEAAX_N@Z 000000018001c440 f   ConEmuPluginBase.obj
 0001:0001b5d0       ?InitResources@CPluginBase@@QEAAXXZ 000000018001c5d0 f   ConEmuPluginBase.obj
 0001:0001b960       ?CloseMapHeader@CPluginBase@@SAXXZ 000000018001c960 f   ConEmuPluginBase.obj
 0001:0001b990       ?OpenMapHeader@CPluginBase@@SAHXZ 000000018001c990 f   ConEmuPluginBase.obj
 0001:0001bae0       ?InitRootRegKey@CPluginBase@@IEAAXXZ 000000018001cae0 f   ConEmuPluginBase.obj
 0001:0001bc40       ?SetRootRegKey@CPluginBase@@IEAAXPEA_W@Z 000000018001cc40 f   ConEmuPluginBase.obj
 0001:0001bd70       ?LoadPanelTabsFromRegistry@CPluginBase@@IEAAXXZ 000000018001cd70 f   ConEmuPluginBase.obj
 0001:0001bee0       ?InitHWND@CPluginBase@@SAXXZ 000000018001cee0 f   ConEmuPluginBase.obj
 0001:0001c220       ?CheckConEmuDetached@CPluginBase@@SAXXZ 000000018001d220 f   ConEmuPluginBase.obj
 0001:0001c2d0       ?EmergencyShow@CPluginBase@@KAXXZ 000000018001d2d0 f   ConEmuPluginBase.obj
 0001:0001c340       ?MonitorThreadProcW@CPluginBase@@SAKPEAX@Z 000000018001d340 f   ConEmuPluginBase.obj
 0001:0001c870       ?OpenPluginCommon@CPluginBase@@QEAAPEAXH_J_N@Z 000000018001d870 f   ConEmuPluginBase.obj
 0001:0001cd40       ?ExitFarCommon@CPluginBase@@QEAAXXZ 000000018001dd40 f   ConEmuPluginBase.obj
 0001:0001cdb0       ?OnMainThreadActivated@CPluginBase@@QEAAXXZ 000000018001ddb0 f   ConEmuPluginBase.obj
 0001:0001cfb0       ?ProcessSetWindowCommand@CPluginBase@@QEAAXXZ 000000018001dfb0 f   ConEmuPluginBase.obj
 0001:0001d120       ?CommonPluginStartup@CPluginBase@@QEAAXXZ 000000018001e120 f   ConEmuPluginBase.obj
 0001:0001d250       ?StopThread@CPluginBase@@QEAAXXZ 000000018001e250 f   ConEmuPluginBase.obj
 0001:0001d660       ??_G?$MFileMapping@UCESERVER_CONSOLE_MAPPING_HDR@@@@QEAAPEAXI@Z 000000018001e660 f i ConEmuPluginBase.obj
 0001:0001d6a0       ?ShutdownPluginStep@CPluginBase@@SAXPEB_WHHHH@Z 000000018001e6a0 f   ConEmuPluginBase.obj
 0001:0001d6c0       ?ExecuteSynchro@CPluginBase@@QEAAXXZ 000000018001e6c0 f   ConEmuPluginBase.obj
 0001:0001d7a0       ?WaitPluginActivation@CPluginBase@@SAKKPEAPEAXHK@Z 000000018001e7a0 f   ConEmuPluginBase.obj
 0001:0001d930       ?ActivatePlugin@CPluginBase@@QEAA_NKPEAXK@Z 000000018001e930 f   ConEmuPluginBase.obj
 0001:0001dc60       ?cmd_OpenEditorLine@CPluginBase@@QEAA_NPEAUCESERVER_REQ_FAREDITOR@@@Z 000000018001ec60 f   ConEmuPluginBase.obj
 0001:0001dd90       ?cmd_RedrawFarCall@CPluginBase@@QEAA_NAEAPEAUCESERVER_REQ@@PEAPEAU2@@Z 000000018001ed90 f   ConEmuPluginBase.obj
 0001:0001de80       ?cmd_SetWindow@CPluginBase@@QEAA_NPEAX_N@Z 000000018001ee80 f   ConEmuPluginBase.obj
 0001:0001df60       ?cmd_LeftClickSync@CPluginBase@@QEAAXPEAX@Z 000000018001ef60 f   ConEmuPluginBase.obj
 0001:0001e0f0       ?cmd_CloseQSearch@CPluginBase@@QEAAXXZ 000000018001f0f0 f   ConEmuPluginBase.obj
 0001:0001e150       ?cmd_EMenu@CPluginBase@@QEAAXPEAX@Z 000000018001f150 f   ConEmuPluginBase.obj
 0001:0001e260       ?cmd_ExternalCallback@CPluginBase@@QEAA_NPEAX@Z 000000018001f260 f   ConEmuPluginBase.obj
 0001:0001e300       ?cmd_ConSetFont@CPluginBase@@QEAAXPEAX@Z 000000018001f300 f   ConEmuPluginBase.obj
 0001:0001e380       ?cmd_GuiChanged@CPluginBase@@QEAAXPEAX@Z 000000018001f380 f   ConEmuPluginBase.obj
 0001:0001e490       ?ProcessCommand@CPluginBase@@QEAA_NKHPEAXPEAPEAUCESERVER_REQ@@_N@Z 000000018001f490 f   ConEmuPluginBase.obj
 0001:0001ebb0       ?FarSetConsoleSize@CPluginBase@@SA_NFF@Z 000000018001fbb0 f   ConEmuPluginBase.obj
 0001:0001ed10       ?ReloadFarInfoApi@CPluginBase@@IEAA_NXZ 000000018001fd10 f   ConEmuPluginBase.obj
 0001:0001efc0       ?ReloadFarInfo@CPluginBase@@QEAA_N_N@Z 000000018001ffc0 f   ConEmuPluginBase.obj
 0001:0001f2d0       ?pcc_Selected@CPluginBase@@SA_NW4PluginMenuCommands@@@Z 00000001800202d0 f   ConEmuPluginBase.obj
 0001:0001f350       ?pcc_Disabled@CPluginBase@@SA_NW4PluginMenuCommands@@@Z 0000000180020350 f   ConEmuPluginBase.obj
 0001:0001f430       ?TouchReadPeekConsoleInputs@CPluginBase@@SAXH@Z 0000000180020430 f   ConEmuPluginBase.obj
 0001:0001f490       ?OnConsolePeekReadInput@CPluginBase@@SAX_N@Z 0000000180020490 f   ConEmuPluginBase.obj
 0001:0001f700       ?ActiveServerPID@CESERVER_CONSOLE_MAPPING_HDR@@QEBAKXZ 0000000180020700 f i ConEmuPluginBase.obj
 0001:0001f740       ?UngetDummyMouseEvent@CPluginBase@@SA_N_NPEAUHookCallbackArg@@@Z 0000000180020740 f   ConEmuPluginBase.obj
 0001:0001f9b0       ??4HANDLE2@@QEAAAEAU0@PEAX@Z 00000001800209b0 f i ConEmuPluginBase.obj
 0001:0001f9d0       ?FillLoadedParm@CPluginBase@@SAXPEAUConEmuLoadedArg@@PEAUHINSTANCE__@@H@Z 00000001800209d0 f   ConEmuPluginBase.obj
 0001:0001fb10       ?NotifyConEmuUnloaded@CPluginBase@@SAXXZ 0000000180020b10 f   ConEmuPluginBase.obj
 0001:0001fc60       ?OnPanelViewCallbacks@CPluginBase@@SA_NPEAUHookCallbackArg@@P6AHPEAXPEAU_INPUT_RECORD@@KPEAKPEAH@Z5@Z 0000000180020c60 f   ConEmuPluginBase.obj
 0001:0001fdb0       ?OnShellExecuteExW_Except@CPluginBase@@SAXPEAUHookCallbackArg@@@Z 0000000180020db0 f   ConEmuPluginBase.obj
 0001:0001fe00       ?OnGetNumberOfConsoleInputEventsPost@CPluginBase@@SAXPEAUHookCallbackArg@@@Z 0000000180020e00 f   ConEmuPluginBase.obj
 0001:0001fe40       ?OnConsolePeekInput@CPluginBase@@SAHPEAUHookCallbackArg@@@Z 0000000180020e40 f   ConEmuPluginBase.obj
 0001:0001fed0       ?OnConsolePeekInputPost@CPluginBase@@SAXPEAUHookCallbackArg@@@Z 0000000180020ed0 f   ConEmuPluginBase.obj
 0001:0001ff20       ?OnConsoleReadInputWork@CPluginBase@@SAHPEAUHookCallbackArg@@@Z 0000000180020f20 f   ConEmuPluginBase.obj
 0001:0001ffd0       ?OnConsoleReadInput@CPluginBase@@SAHPEAUHookCallbackArg@@@Z 0000000180020fd0 f   ConEmuPluginBase.obj
 0001:0001fff0       ?OnConsoleReadInputPost@CPluginBase@@SAXPEAUHookCallbackArg@@@Z 0000000180020ff0 f   ConEmuPluginBase.obj
 0001:000202a0       ?OnWriteConsoleOutput@CPluginBase@@SAHPEAUHookCallbackArg@@@Z 00000001800212a0 f   ConEmuPluginBase.obj
 0001:000203c0       ?OnConsoleDetaching@CPluginBase@@SAHPEAUHookCallbackArg@@@Z 00000001800213c0 f   ConEmuPluginBase.obj
 0001:00020520       ?OnConsoleWasAttached@CPluginBase@@SAXPEAUHookCallbackArg@@@Z 0000000180021520 f   ConEmuPluginBase.obj
 0001:000205a0       ?OnCurDirChanged@CPluginBase@@SAXXZ 00000001800215a0 f   ConEmuPluginBase.obj
 0001:00020630       ?OnLibraryLoaded@CPluginBase@@SAXPEAUHINSTANCE__@@@Z 0000000180021630 f   ConEmuPluginBase.obj
 0001:000206e0       ?ToUnicode@CPluginBase@@SAPEA_WPEBD@Z 00000001800216e0 f   ConEmuPluginBase.obj
 0001:00020780       ?ToOem@CPluginBase@@SAXPEB_WPEAD_J@Z 0000000180021780 f   ConEmuPluginBase.obj
 0001:00020800       ?ToOem@CPluginBase@@SAPEADPEB_W@Z 0000000180021800 f   ConEmuPluginBase.obj
 0001:00020870       ?ProcessDragFrom@CPluginBase@@QEAAXXZ 0000000180021870 f   ConEmuPluginBase.obj
 0001:00021130       ?ProcessDragTo@CPluginBase@@QEAAXXZ 0000000180022130 f   ConEmuPluginBase.obj
 0001:000215f0       ?IsCurrentTabModal@CPluginBase@@QEAA_NXZ 00000001800225f0 f   ConEmuPluginBase.obj
 0001:000216f0       ?PrintText@CPluginBase@@QEAA_NPEB_W@Z 00000001800226f0 f   ConEmuPluginBase.obj
 0001:00021ad0       ?Ptr@?$MFileMapping@UCESERVER_CONSOLE_MAPPING_HDR@@@@QEAAPEAUCESERVER_CONSOLE_MAPPING_HDR@@XZ 0000000180022ad0 f i ConEmuPluginBase.obj
 0001:00021ae0       ??$wcscpy_c@$0BBE@@@YAHAEAY0BBE@_WPEB_W@Z 0000000180022ae0 f i ConEmuPluginBase.obj
 0001:00021b10       ??$wcscat_c@$0BBE@@@YAHAEAY0BBE@_WPEB_W@Z 0000000180022b10 f i ConEmuPluginBase.obj
 0001:00021b40       ??$wcscat_c@$0CAE@@@YAHAEAY0CAE@_WPEB_W@Z 0000000180022b40 f i ConEmuPluginBase.obj
 0001:00021b70       ?EvaluateDefaultFontWidth@@YAHHPEB_W@Z 0000000180022b70 f   EmergencyShow.obj
 0001:00021cf0       ?SetUserFriendlyFont@@YAXPEAUHWND__@@HH@Z 0000000180022cf0 f   EmergencyShow.obj
 0001:000222b0       ?CorrectConsolePos@@YAXPEAUHWND__@@@Z 00000001800232b0 f   EmergencyShow.obj
 0001:00022490       ?EmergencyShow@@YAXPEAUHWND__@@HH@Z 0000000180023490 f   EmergencyShow.obj
 0001:00022610       ?IsFileBatch@@YA_NPEB_W@Z  0000000180023610 f   Execute.obj
 0001:000226b0       ?GetImageSubsystem@@YA_NPEB_WAEAK11@Z 00000001800236b0 f   Execute.obj
 0001:00022ac0       ?GetImageSubsystem@@YA_NAEAK0@Z 0000000180023ac0 f   Execute.obj
 0001:00022ba0       ?GetImageSubsystem@@YA_NU_PROCESS_INFORMATION@@AEAK1@Z 0000000180023ba0 f   Execute.obj
 0001:00022ea0       ?GetEnclosingSectionHeader@@YAPEAU_IMAGE_SECTION_HEADER@@KPEAUIMAGE_MAPPING@@@Z 0000000180023ea0 f   Execute.obj
 0001:00022f50       ?GetPtrFromRVA@@YAPEAXKPEAUIMAGE_MAPPING@@@Z 0000000180023f50 f   Execute.obj
 0001:00022fe0       ?FindImageSubsystem@@YA_NPEB_WAEAK1PEAK@Z 0000000180023fe0 f   Execute.obj
 0001:00023e50       ?HeapInitialize@@YA_NXZ    0000000180024e50 f   Memory.obj
 0001:00023ea0       ?HeapDeinitialize@@YAXXZ   0000000180024ea0 f   Memory.obj
 0001:00023ed0       ?xf_malloc@@YAPEAX_K@Z     0000000180024ed0 f   Memory.obj
 0001:00023f00       ?xf_calloc@@YAPEAX_K0@Z    0000000180024f00 f   Memory.obj
 0001:00023f40       ?xf_realloc@@YAPEAXPEAX_K@Z 0000000180024f40 f   Memory.obj
 0001:00023f80       ?xf_free@@YAXPEAX@Z        0000000180024f80 f   Memory.obj
 0001:00023fc0       ?xf_validate@@YA_NPEAX@Z   0000000180024fc0 f   Memory.obj
 0001:00024010       ??2@YAPEAX_K@Z             0000000180025010 f   Memory.obj
 0001:00024040       ??_U@YAPEAX_K@Z            0000000180025040 f   Memory.obj
 0001:00024070       ??3@YAXPEAX@Z              0000000180025070 f   Memory.obj
 0001:00024090       ??_V@YAXPEAX@Z             0000000180025090 f   Memory.obj
 0001:000240b0       ?lstrdup@@YAPEADPEBD@Z     00000001800250b0 f   Memory.obj
 0001:00024130       ?StringCchCopyA@@YAJPEAD_KPEBD@Z 0000000180025130 f i Memory.obj
 0001:000242c0       ?lstrdup@@YAPEA_WPEB_W_K@Z 00000001800252c0 f   Memory.obj
 0001:00024480       ?lstrdupW@@YAPEA_WPEBDI@Z  0000000180025480 f   Memory.obj
 0001:00024520       ?lstrmerge@@YAPEA_WPEB_W0000@Z 0000000180025520 f   Memory.obj
 0001:00024720       ?lstrmerge@@YA_NPEAPEA_WPEB_W111@Z 0000000180025720 f   Memory.obj
 0001:000247a0       ?FindMonitorsWorkspace@@YAHPEAUHMONITOR__@@PEAUHDC__@@PEAUtagRECT@@_J@Z 00000001800257a0 f   Monitors.obj
 0001:00024850       ?GetAllMonitorsWorkspace@@YA?AUtagRECT@@XZ 0000000180025850 f   Monitors.obj
 0001:000248e0       ?FindPrimaryMonitor@@YAHPEAUHMONITOR__@@PEAUHDC__@@PEAUtagRECT@@_J@Z 00000001800258e0 f   Monitors.obj
 0001:00024970       ?GetMonitorInfoSafe@@YA_NPEAUHMONITOR__@@AEAUtagMONITORINFO@@@Z 0000000180025970 f   Monitors.obj
 0001:000249e0       ?GetPrimaryMonitorInfo@@YAPEAUHMONITOR__@@PEAUtagMONITORINFO@@@Z 00000001800259e0 f   Monitors.obj
 0001:00024aa0       ?GetNearestMonitorInfo@@YAPEAUHMONITOR__@@PEAUtagMONITORINFO@@PEAU1@PEBUtagRECT@@PEAUHWND__@@@Z 0000000180025aa0 f   Monitors.obj
 0001:00024bd0       ?EnumAllMonitors@@YAHPEAUHMONITOR__@@PEAUHDC__@@PEAUtagRECT@@_J@Z 0000000180025bd0 f   Monitors.obj
 0001:00024c80       ?MonitorSortCallback@@YAHAEAU_FindAllMonitorsItem@@0@Z 0000000180025c80 f   Monitors.obj
 0001:00024d00       ?GetNextMonitorInfo@@YAPEAUHMONITOR__@@PEAUtagMONITORINFO@@PEBUtagRECT@@_N@Z 0000000180025d00 f   Monitors.obj
 0001:00024f90       ??0_FindAllMonitors@@QEAA@XZ 0000000180025f90 f i Monitors.obj
 0001:00024fb0       ??1_FindAllMonitors@@QEAA@XZ 0000000180025fb0 f i Monitors.obj
 0001:00024fd0       ??0?$MArray@U_FindAllMonitorsItem@@@@QEAA@XZ 0000000180025fd0 f i Monitors.obj
 0001:00025030       ??1?$MArray@U_FindAllMonitorsItem@@@@QEAA@XZ 0000000180026030 f i Monitors.obj
 0001:00025050       ??A?$MArray@U_FindAllMonitorsItem@@@@QEAAAEAU_FindAllMonitorsItem@@_J@Z 0000000180026050 f i Monitors.obj
 0001:00025070       ?push_back@?$MArray@U_FindAllMonitorsItem@@@@QEAA_JAEBU_FindAllMonitorsItem@@@Z 0000000180026070 f i Monitors.obj
 0001:00025140       ?size@?$MArray@U_FindAllMonitorsItem@@@@QEBA_JXZ 0000000180026140 f i Monitors.obj
 0001:00025150       ?sort@?$MArray@U_FindAllMonitorsItem@@@@QEAAXP6AHAEAU_FindAllMonitorsItem@@0@Z@Z 0000000180026150 f i Monitors.obj
 0001:000252a0       ?clear@?$MArray@U_FindAllMonitorsItem@@@@QEAAXXZ 00000001800262a0 f i Monitors.obj
 0001:000252f0       ?addsize@?$MArray@U_FindAllMonitorsItem@@@@QEAAX_J@Z 00000001800262f0 f i Monitors.obj
 0001:00025430       ??0MSection@@QEAA@XZ       0000000180026430 f   MSection.obj
 0001:00025520       ??1MSection@@QEAA@XZ       0000000180026520 f   MSection.obj
 0001:000255f0       ?Process_Lock@MSection@@IEAAXXZ 00000001800265f0 f   MSection.obj
 0001:00025610       ?Process_Unlock@MSection@@IEAAXXZ 0000000180026610 f   MSection.obj
 0001:00025630       ?ThreadTerminated@MSection@@QEAAXK@Z 0000000180026630 f   MSection.obj
 0001:000256a0       ?AddRef@MSection@@IEAAXK@Z 00000001800266a0 f   MSection.obj
 0001:000257f0       ?ReleaseRef@MSection@@IEAAHK@Z 00000001800267f0 f   MSection.obj
 0001:00025910       ?WaitUnlocked@MSection@@IEAAXKK@Z 0000000180026910 f   MSection.obj
 0001:000259e0       ?MyEnterCriticalSection@MSection@@IEAA_NK@Z 00000001800269e0 f   MSection.obj
 0001:00025bb0       ?Lock@MSection@@IEAAHHK@Z  0000000180026bb0 f   MSection.obj
 0001:00025d60       ?Unlock@MSection@@IEAAXH@Z 0000000180026d60 f   MSection.obj
 0001:00025df0       ?isLockedExclusive@MSection@@QEAA_NXZ 0000000180026df0 f   MSection.obj
 0001:00025e60       ??0MSectionThread@@QEAA@PEAVMSection@@@Z 0000000180026e60 f   MSection.obj
 0001:00025ea0       ??1MSectionThread@@QEAA@XZ 0000000180026ea0 f   MSection.obj
 0001:00025ee0       ??0MSectionLock@@QEAA@XZ   0000000180026ee0 f   MSection.obj
 0001:00025f10       ??1MSectionLock@@QEAA@XZ   0000000180026f10 f   MSection.obj
 0001:00025f40       ?Lock@MSectionLock@@QEAAHPEAVMSection@@HK@Z 0000000180026f40 f   MSection.obj
 0001:00026010       ?RelockExclusive@MSectionLock@@QEAAHK@Z 0000000180027010 f   MSection.obj
 0001:000260a0       ?Unlock@MSectionLock@@QEAAXXZ 00000001800270a0 f   MSection.obj
 0001:000260f0       ?isLocked@MSectionLock@@QEAAHH@Z 00000001800270f0 f   MSection.obj
 0001:00026140       ??0MSectionSimple@@QEAA@_N@Z 0000000180027140 f   MSectionSimple.obj
 0001:000261a0       ??1MSectionSimple@@QEAA@XZ 00000001800271a0 f   MSectionSimple.obj
 0001:000261c0       ?IsInitialized@MSectionSimple@@QEAA_NXZ 00000001800271c0 f   MSectionSimple.obj
 0001:00026200       ?Init@MSectionSimple@@QEAAXXZ 0000000180027200 f   MSectionSimple.obj
 0001:00026230       ?Close@MSectionSimple@@QEAAXXZ 0000000180027230 f   MSectionSimple.obj
 0001:00026260       ?Enter@MSectionSimple@@QEAAXXZ 0000000180027260 f   MSectionSimple.obj
 0001:00026280       ?Leave@MSectionSimple@@QEAAXXZ 0000000180027280 f   MSectionSimple.obj
 0001:000262a0       ?TryEnter@MSectionSimple@@QEAA_NXZ 00000001800272a0 f   MSectionSimple.obj
 0001:000262e0       ?RecreateAndLock@MSectionSimple@@QEAA_NXZ 00000001800272e0 f   MSectionSimple.obj
 0001:00026380       ??0MSectionLockSimple@@QEAA@XZ 0000000180027380 f   MSectionSimple.obj
 0001:000263a0       ??1MSectionLockSimple@@QEAA@XZ 00000001800273a0 f   MSectionSimple.obj
 0001:000263d0       ?Lock@MSectionLockSimple@@QEAAHPEAUMSectionSimple@@K@Z 00000001800273d0 f   MSectionSimple.obj
 0001:000264a0       ?Unlock@MSectionLockSimple@@QEAAXXZ 00000001800274a0 f   MSectionSimple.obj
 0001:000264e0       ?isLocked@MSectionLockSimple@@QEAAHXZ 00000001800274e0 f   MSectionSimple.obj
 0001:000264f0       ?NullSecurity@@YAPEAU_SECURITY_ATTRIBUTES@@XZ 00000001800274f0 f   MSecurity.obj
 0001:00026550       ??0MNullDesc@@QEAA@XZ      0000000180027550 f i MSecurity.obj
 0001:000265d0       ?NullSecurity@MNullDesc@@QEAAPEAU_SECURITY_ATTRIBUTES@@XZ 00000001800275d0 f i MSecurity.obj
 0001:00026710       ?LoadAdvApi@MNullDesc@@IEAAHXZ 0000000180027710 f i MSecurity.obj
 0001:000269d0       ?UnloadAdvApi@MNullDesc@@IEAAXXZ 00000001800279d0 f i MSecurity.obj
 0001:00026a10       ?LocalSecurity@@YAPEAU_SECURITY_ATTRIBUTES@@XZ 0000000180027a10 f   MSecurity.obj
 0001:00026a70       ?LocalSecurity@MNullDesc@@QEAAPEAU_SECURITY_ATTRIBUTES@@XZ 0000000180027a70 f i MSecurity.obj
 0001:00026d20       ?ShutdownSecurity@@YAXXZ   0000000180027d20 f   MSecurity.obj
 0001:00026d80       ??_GMNullDesc@@QEAAPEAXI@Z 0000000180027d80 f i MSecurity.obj
 0001:00026dc0       ??1MNullDesc@@QEAA@XZ      0000000180027dc0 f i MSecurity.obj
 0001:00026e40       ??0MSetter@@QEAA@PEAJ@Z    0000000180027e40 f   MSetter.obj
 0001:00026e90       ??0MSetter@@QEAA@PEA_N@Z   0000000180027e90 f   MSetter.obj
 0001:00026ee0       ??0MSetter@@QEAA@PEAKK@Z   0000000180027ee0 f   MSetter.obj
 0001:00026f30       ??1MSetter@@QEAA@XZ        0000000180027f30 f   MSetter.obj
 0001:00026f50       ?Unlock@MSetter@@QEAAXXZ   0000000180027f50 f   MSetter.obj
 0001:00026fd0       ?msprintf@@YAPEB_WPEA_W_KPEB_WZZ 0000000180027fd0 f   MStrSafe.obj
 0001:00027990       ?msprintf@@YAPEBDPEAD_KPEBDZZ 0000000180028990 f   MStrSafe.obj
 0001:000280d0       ?lstrcmpni@@YAHPEB_W0H@Z   00000001800290d0 f   MStrSafe.obj
 0001:00028180       ?startswith@@YAHPEB_W0_N@Z 0000000180029180 f   MStrSafe.obj
 0001:00028230       ??0CPluginBackground@@QEAA@XZ 0000000180029230 f   PluginBackground.obj
 0001:000284e0       ??1CPluginBackground@@QEAA@XZ 00000001800294e0 f   PluginBackground.obj
 0001:00028790       ?RegisterSubplugin@CPluginBackground@@QEAAHPEAURegisterBackgroundArg@@@Z 0000000180029790 f   PluginBackground.obj
 0001:00028bf0       ?ReallocItems@CPluginBackground@@IEAAXH@Z 0000000180029bf0 f   PluginBackground.obj
 0001:00028c90       ?OnMainThreadActivated@CPluginBackground@@QEAAXHH@Z 0000000180029c90 f   PluginBackground.obj
 0001:00028e00       ?SetForceCheck@CPluginBackground@@QEAAXXZ 0000000180029e00 f   PluginBackground.obj
 0001:00028e30       ?SetForceUpdate@CPluginBackground@@QEAAX_N@Z 0000000180029e30 f   PluginBackground.obj
 0001:00028e70       ?SetForceThLoad@CPluginBackground@@QEAAXXZ 0000000180029e70 f   PluginBackground.obj
 0001:00028eb0       ?IsParmChanged@CPluginBackground@@IEAA_NPEAUPaintBackgroundArg@@0@Z 0000000180029eb0 f   PluginBackground.obj
 0001:00029200       ?CheckPanelFolders@CPluginBackground@@IEAAXH@Z 000000018002a200 f   PluginBackground.obj
 0001:00029330       ?SetDcPanelRect@CPluginBackground@@IEAAXPEAUtagRECT@@PEAUBkPanelInfo@@PEAUPaintBackgroundArg@@@Z 000000018002a330 f   PluginBackground.obj
 0001:000294d0       ?UpdateBackground_Exec@CPluginBackground@@KAXPEAURegisterBackgroundArg@@PEAUPaintBackgroundArg@@@Z 000000018002a4d0 f   PluginBackground.obj
 0001:00029530       ?UpdateBackground@CPluginBackground@@IEAAXXZ 000000018002a530 f   PluginBackground.obj
 0001:0002a600       ?LoadThSet@CPluginBackground@@IEAAHH@Z 000000018002b600 f   PluginBackground.obj
 0001:0002a870       ?MonitorBackground@CPluginBackground@@QEAAXXZ 000000018002b870 f   PluginBackground.obj
 0001:0002a950       ?GetTo@?$MFileMapping@UPanelViewSetMapping@@@@QEAA_NPEAUPanelViewSetMapping@@H@Z 000000018002b950 f i PluginBackground.obj
 0001:0002a9b0       ?InitName@?$MFileMapping@UPanelViewSetMapping@@@@QEAAPEB_WPEB_WKK@Z 000000018002b9b0 f i PluginBackground.obj
 0001:0002aa10       ?CloseMap@?$MFileMapping@UPanelViewSetMapping@@@@QEAAXXZ 000000018002ba10 f i PluginBackground.obj
 0001:0002aaa0       ?Open@?$MFileMapping@UPanelViewSetMapping@@@@QEAAPEAUPanelViewSetMapping@@HH@Z 000000018002baa0 f i PluginBackground.obj
 0001:0002aad0       ??0?$MFileMapping@UPanelViewSetMapping@@@@QEAA@XZ 000000018002bad0 f i PluginBackground.obj
 0001:0002ab40       ??1?$MFileMapping@UPanelViewSetMapping@@@@QEAA@XZ 000000018002bb40 f i PluginBackground.obj
 0001:0002ab70       ?IsValid@?$MFileMapping@UPanelViewSetMapping@@@@QEAA_NXZ 000000018002bb70 f i PluginBackground.obj
 0001:0002aba0       ?ClosePtr@?$MFileMapping@UPanelViewSetMapping@@@@QEAAXXZ 000000018002bba0 f i PluginBackground.obj
 0001:0002abe0       ?InternalOpenCreate@?$MFileMapping@UPanelViewSetMapping@@@@IEAAPEAUPanelViewSetMapping@@HHH@Z 000000018002bbe0 f i PluginBackground.obj
 0001:0002afc0       ?PlugServerInit@@YAXXZ     000000018002bfc0 f   PluginSrv.obj
 0001:0002afd0       ?PlugServerStart@@YA_NXZ   000000018002bfd0 f   PluginSrv.obj
 0001:0002b110       ?PlugServerStop@@YAX_N@Z   000000018002c110 f   PluginSrv.obj
 0001:0002b160       ?cmd_FarSetChanged@@YAXPEAUFAR_REQ_FARSETCHANGED@@@Z 000000018002c160 f   PluginSrv.obj
 0001:0002b1e0       ?PlugServerCommand@@YAHPEAXPEAUCESERVER_REQ@@AEAPEAU1@AEAK3_J@Z 000000018002c1e0 f   PluginSrv.obj
 0001:0002bca0       ?PlugServerFree@@YAXPEAUCESERVER_REQ@@_J@Z 000000018002cca0 f   PluginSrv.obj
 0001:0002bcc0       ?SetOverlapped@?$PipeServer@UCESERVER_REQ@@@@QEAAX_N@Z 000000018002ccc0 f i PluginSrv.obj
 0001:0002bce0       ?SetLoopCommands@?$PipeServer@UCESERVER_REQ@@@@QEAAX_N@Z 000000018002cce0 f i PluginSrv.obj
 0001:0002bd00       ?SetDummyAnswerSize@?$PipeServer@UCESERVER_REQ@@@@QEAAXH@Z 000000018002cd00 f i PluginSrv.obj
 0001:0002bd20       ?SetMaxCount@?$PipeServer@UCESERVER_REQ@@@@QEAAXH@Z 000000018002cd20 f i PluginSrv.obj
 0001:0002bd70       ?StartPipeServer@?$PipeServer@UCESERVER_REQ@@@@QEAA_N_NPEB_W_JPEAU_SECURITY_ATTRIBUTES@@P6AHPEAXPEAUCESERVER_REQ@@AEAPEAU3@AEAK72@ZP6AX52@ZP6AH42@ZP6AH42@ZP6AH42@Z@Z 000000018002cd70 f i PluginSrv.obj
 0001:0002bfe0       ?StopPipeServer@?$PipeServer@UCESERVER_REQ@@@@QEAAX_N@Z 000000018002cfe0 f i PluginSrv.obj
 0001:0002c640       ?BreakConnection@?$PipeServer@UCESERVER_REQ@@@@QEAAXPEAX@Z 000000018002d640 f i PluginSrv.obj
 0001:0002c670       ?DumpError@?$PipeServer@UCESERVER_REQ@@@@IEAAXPEAUPipeInst@1@PEB_WH@Z 000000018002d670 f i PluginSrv.obj
 0001:0002c7a0       ?_Disconnect@?$PipeServer@UCESERVER_REQ@@@@IEAAXPEAUPipeInst@1@_N11@Z 000000018002d7a0 f i PluginSrv.obj
 0001:0002c850       ?StartPipeInstance@?$PipeServer@UCESERVER_REQ@@@@IEAA_NPEAUPipeInst@1@@Z 000000018002d850 f i PluginSrv.obj
 0001:0002c9c0       ?TerminatePipeThread@?$PipeServer@UCESERVER_REQ@@@@KAXPEAXAEBUPipeInst@1@@Z 000000018002d9c0 f i PluginSrv.obj
 0001:0002c9f0       ?_PipeServerThread@?$PipeServer@UCESERVER_REQ@@@@KAKPEAX@Z 000000018002d9f0 f i PluginSrv.obj
 0001:0002ca80       ?PipeServerThread@?$PipeServer@UCESERVER_REQ@@@@IEAAKPEAUPipeInst@1@@Z 000000018002da80 f i PluginSrv.obj
 0001:0002cfd0       ?PipeServerRead@?$PipeServer@UCESERVER_REQ@@@@IEAAHPEAUPipeInst@1@@Z 000000018002dfd0 f i PluginSrv.obj
 0001:0002d440       ?PipeServerWrite@?$PipeServer@UCESERVER_REQ@@@@IEAAHPEAUPipeInst@1@PEBXKPEAKH@Z 000000018002e440 f i PluginSrv.obj
 0001:0002d680       ?WaitForClient@?$PipeServer@UCESERVER_REQ@@@@IEAA_NPEAUPipeInst@1@AEAH1@Z 000000018002e680 f i PluginSrv.obj
 0001:0002dc90       ?WriteDummyAnswer@?$PipeServer@UCESERVER_REQ@@@@IEAAHPEAUPipeInst@1@@Z 000000018002ec90 f i PluginSrv.obj
 0001:0002dd30       ?WaitOverlapped@?$PipeServer@UCESERVER_REQ@@@@IEAAHPEAUPipeInst@1@PEAK@Z 000000018002ed30 f i PluginSrv.obj
 0001:0002e020       ?AllocRequestBuf@PipeInst@?$PipeServer@UCESERVER_REQ@@@@QEAAPEAUCESERVER_REQ@@K@Z 000000018002f020 f i PluginSrv.obj
 0001:0002e0c0       ??$wcscpy_c@$0BAE@@@YAHAEAY0BAE@_WPEB_W@Z 000000018002f0c0 f i PluginSrv.obj
 0001:0002e220       ?SetConEmuEnvHWND@@YAXPEB_WPEAUHWND__@@@Z 000000018002f220 f   SetEnvVar.obj
 0001:0002e280       ?SetConEmuEnvVar@@YAXPEAUHWND__@@@Z 000000018002f280 f   SetEnvVar.obj
 0001:0002e300       ?SetConEmuEnvVarChild@@YAXPEAUHWND__@@0@Z 000000018002f300 f   SetEnvVar.obj
 0001:0002e340       ?SetConEmuWorkEnvVar@@YAXPEAUHINSTANCE__@@@Z 000000018002f340 f   SetEnvVar.obj
 0001:0002e510       ?ShutdownConsole@@YAXXZ    000000018002f510 f   WConsole.obj
 0001:0002e560       ?SetConsoleInfo@@YAHPEAUHWND__@@PEAU_CONSOLE_INFO@@@Z 000000018002f560 f   WConsole.obj
 0001:0002e890       ?ChangeScreenBufferSize@@YAXAEAU_CONSOLE_SCREEN_BUFFER_INFO@@FFFF@Z 000000018002f890 f   WConsole.obj
 0001:0002e9f0       ?GetConWindowSize@@YAHAEBU_CONSOLE_SCREEN_BUFFER_INFO@@HHKPEAH1PEAK@Z 000000018002f9f0 f   WConsole.obj
 0001:0002eb90       ?GetConsoleSizeInfo@@YAXPEAU_CONSOLE_INFO@@@Z 000000018002fb90 f   WConsole.obj
 0001:0002ec60       ?apiGetConsoleScreenBufferInfoEx@@YAHPEAXPEAUMY_CONSOLE_SCREEN_BUFFER_INFOEX@@@Z 000000018002fc60 f   WConsole.obj
 0001:0002ece0       ?apiSetConsoleScreenBufferInfoEx@@YAHPEAXPEAUMY_CONSOLE_SCREEN_BUFFER_INFOEX@@@Z 000000018002fce0 f   WConsole.obj
 0001:0002ed80       ?apiGetConsoleFontSize@@YAHPEAXAEAH1AEAY0CA@_W@Z 000000018002fd80 f   WConsole.obj
 0001:0002ee70       ?apiSetConsoleFontSize@@YAHPEAXHHPEB_W@Z 000000018002fe70 f   WConsole.obj
 0001:0002ef80       ?apiFixFontSizeForBufferSize@@YAHPEAXU_COORD@@PEADH@Z 000000018002ff80 f   WConsole.obj
 0001:0002f660       ?SetConsoleFontSizeTo@@YAXPEAUHWND__@@HHPEB_WGG@Z 0000000180030660 f   WConsole.obj
 0001:0002fcf0       ?MyGetLargestConsoleWindowSize@@YA?AU_COORD@@PEAX@Z 0000000180030cf0 f   WConsole.obj
 0001:0002fde0       ?SearchAppPaths@@YA_NPEB_WAEAUCmdArg@@_NPEAU1@@Z 0000000180030de0 f   WFiles.obj
 0001:00030480       ?GetFullPathNameEx@@YAPEA_WPEB_W@Z 0000000180031480 f   WFiles.obj
 0001:00030580       ?FindFileName@@YA_NPEB_WAEAUCmdArg@@@Z 0000000180031580 f   WFiles.obj
 0001:000307d0       ?MakePathProperCase@@YA_NAEAUCmdArg@@@Z 00000001800317d0 f   WFiles.obj
 0001:00030b00       ?ReadTextFile@@YAHPEB_WKAEAPEA_WAEAK2K@Z 0000000180031b00 f   WFiles.obj
 0001:00031100       ?WriteTextFile@@YAHPEB_W0HK_NPEAK@Z 0000000180032100 f   WFiles.obj
 0001:000314c0       ?FilesExists@@YA_NPEB_W0_NH@Z 00000001800324c0 f   WFiles.obj
 0001:00031660       ?IsDotsName@@YA_NPEB_W@Z   0000000180032660 f   WFiles.obj
 0001:000316c0       ?FileExistSubDir@@YA_NPEB_W0HAEAUCmdArg@@@Z 00000001800326c0 f   WFiles.obj
 0001:00031900       ?DirectoryExists@@YA_NPEB_W@Z 0000000180032900 f   WFiles.obj
 0001:00031aa0       ?MyCreateDirectory@@YA_NPEA_W@Z 0000000180032aa0 f   WFiles.obj
 0001:00031bf0       ?FileCompare@@YA_NPEB_W0@Z 0000000180032bf0 f   WFiles.obj
 0001:00031ee0       ?getWindowInfo@@YAXPEAUHWND__@@AEAY0EAA@_W_NPEAK@Z 0000000180032ee0 f   WObjects.obj
 0001:000320e0       ?FileExists@@YA_NPEB_WPEAK@Z 00000001800330e0 f   WObjects.obj
 0001:00032300       ?FileSearchInDir@@YA_NPEB_WAEAUCmdArg@@@Z 0000000180033300 f   WObjects.obj
 0001:00032520       ?FileExistsSearch@@YA_NPEB_WAEAUCmdArg@@_N2@Z 0000000180033520 f   WObjects.obj
 0001:00032660       ?GetShortFileName@@YA_NPEB_WHPEA_WH@Z 0000000180033660 f   WObjects.obj
 0001:000328e0       ?GetShortFileNameEx@@YAPEA_WPEB_WH@Z 00000001800338e0 f   WObjects.obj
 0001:00032e00       ?IsWine@@YA_NXZ            0000000180033e00 f   WObjects.obj
 0001:00032f90       ?IsWinPE@@YA_NXZ           0000000180033f90 f   WObjects.obj
 0001:00033040       ?IsWin10@@YA_NXZ           0000000180034040 f   WObjects.obj
 0001:00033120       ?IsDbcs@@YA_NXZ            0000000180034120 f   WObjects.obj
 0001:00033160       ?IsWindows64@@YA_NXZ       0000000180034160 f   WObjects.obj
 0001:000331a0       ?IsHwFullScreenAvailable@@YA_NXZ 00000001800341a0 f   WObjects.obj
 0001:00033230       ?IsVsNetHostExe@@YA_NPEB_W@Z 0000000180034230 f   WObjects.obj
 0001:000332d0       ?GetProcessBits@@YAHKPEAX@Z 00000001800342d0 f   WObjects.obj
 0001:00033400       ?GetProcessInfo@@YA_NKPEAUtagPROCESSENTRY32W@@@Z 0000000180034400 f   WObjects.obj
 0001:000334f0       ?isTerminalMode@@YA_NXZ    00000001800344f0 f   WObjects.obj
 0001:00033840       ?IsModuleValid@@YA_NPEAUHINSTANCE__@@H@Z 0000000180034840 f   WObjects.obj
 0001:000339e0       ?CheckCallbackPtr@@YA_NPEAUHINSTANCE__@@_KPEAP6A_JXZHHH@Z 00000001800349e0 f   WObjects.obj
 0001:00033bd0       ?ExpandMacroValues@@YAPEA_WPEB_WPEAPEB_W_K@Z 0000000180034bd0 f   WObjects.obj
 0001:00033e20       ?ExpandEnvStr@@YAPEA_WPEB_W@Z 0000000180034e20 f   WObjects.obj
 0001:00033f30       ?GetEnvVar@@YAPEA_WPEB_W@Z 0000000180034f30 f   WObjects.obj
 0001:00034020       ?GetComspecFromEnvVar@@YAPEB_WPEA_WKW4ComSpecBits@@@Z 0000000180035020 f   WObjects.obj
 0001:00034380       ?GetComspec@@YAPEA_WPEBUConEmuComspec@@@Z 0000000180035380 f   WObjects.obj
 0001:00034640       ?IsExportEnvVarAllowed@@YA_NPEB_W@Z 0000000180035640 f   WObjects.obj
 0001:000346c0       ?ApplyExportEnvVar@@YAXPEB_W@Z 00000001800356c0 f   WObjects.obj
 0001:00034760       ?CoordInSmallRect@@YA_NAEBU_COORD@@AEBU_SMALL_RECT@@@Z 0000000180035760 f   WObjects.obj
 0001:000347e0       ??$wcscpy_c@$0EAA@@@YAHAEAY0EAA@_WPEB_W@Z 00000001800357e0 f i WObjects.obj
 0001:00034810       ??$wcscpy_c@$0BAA@@@YAHAEAY0BAA@_WPEB_W@Z 0000000180035810 f i WObjects.obj
 0001:00034840       ?apiSetForegroundWindow@@YA_NPEAUHWND__@@@Z 0000000180035840 f   WUser.obj
 0001:00034880       ?apiShowWindow@@YA_NPEAUHWND__@@H@Z 0000000180035880 f   WUser.obj
 0001:000348c0       ?apiShowWindowAsync@@YA_NPEAUHWND__@@H@Z 00000001800358c0 f   WUser.obj
 0001:00034900       ?IsUserAdmin@@YA_NXZ       0000000180035900 f   WUser.obj
 0001:00034a60       ?GetLogonSID@@YA_NPEAXPEAPEA_W@Z 0000000180035a60 f   WUser.obj
 0001:00034bc0       ?RemoveOldComSpecC@@YAXXZ  0000000180035bc0 f   WUser.obj
 0001:00034d10       ?DuplicateProcessHandle@@YAPEAXK@Z 0000000180035d10 f   WUser.obj
 0001:00034da0       ?FindComspec@@YAXPEAUConEmuComspec@@_N@Z 0000000180035da0 f   WUser.obj
 0001:00035900       ?UpdateComspec@@YAXPEAUConEmuComspec@@_N@Z 0000000180036900 f   WUser.obj
 0001:00035d40       ?SetEnvVarExpanded@@YAXPEB_W0@Z 0000000180036d40 f   WUser.obj
 0001:00035f8c       SetEnvironmentVariableW    0000000180036f8c f   kernel32:KERNEL32.dll
 0001:00035f92       lstrlenW                   0000000180036f92 f   kernel32:KERNEL32.dll
 0001:00035f98       lstrcpynW                  0000000180036f98 f   kernel32:KERNEL32.dll
 0001:00035f9e       lstrcmpiW                  0000000180036f9e f   kernel32:KERNEL32.dll
 0001:00035fa4       lstrcmpW                   0000000180036fa4 f   kernel32:KERNEL32.dll
 0001:00035faa       GetCurrentDirectoryW       0000000180036faa f   kernel32:KERNEL32.dll
 0001:00035fb0       SearchPathW                0000000180036fb0 f   kernel32:KERNEL32.dll
 0001:00035fb6       GetProcAddress             0000000180036fb6 f   kernel32:KERNEL32.dll
 0001:00035fbc       GetModuleHandleW           0000000180036fbc f   kernel32:KERNEL32.dll
 0001:00035fc2       GetModuleFileNameW         0000000180036fc2 f   kernel32:KERNEL32.dll
 0001:00035fc8       SetNamedPipeHandleState    0000000180036fc8 f   kernel32:KERNEL32.dll
 0001:00035fce       GetCurrentProcessId        0000000180036fce f   kernel32:KERNEL32.dll
 0001:00035fd4       Sleep                      0000000180036fd4 f   kernel32:KERNEL32.dll
 0001:00035fda       SetLastError               0000000180036fda f   kernel32:KERNEL32.dll
 0001:00035fe0       WaitNamedPipeW             0000000180036fe0 f   kernel32:KERNEL32.dll
 0001:00035fe6       WaitForSingleObject        0000000180036fe6 f   kernel32:KERNEL32.dll
 0001:00035fec       GetLastError               0000000180036fec f   kernel32:KERNEL32.dll
 0001:00035ff2       CreateFileW                0000000180036ff2 f   kernel32:KERNEL32.dll
 0001:00035ff8       GetTickCount               0000000180036ff8 f   kernel32:KERNEL32.dll
 0001:00035ffe       IsDebuggerPresent          0000000180036ffe f   kernel32:KERNEL32.dll
 0001:00036004       GetCurrentThreadId         0000000180037004 f   kernel32:KERNEL32.dll
 0001:0003600a       ReadFile                   000000018003700a f   kernel32:KERNEL32.dll
 0001:00036010       CloseHandle                0000000180037010 f   kernel32:KERNEL32.dll
 0001:00036016       TransactNamedPipe          0000000180037016 f   kernel32:KERNEL32.dll
 0001:0003601c       WriteFile                  000000018003701c f   kernel32:KERNEL32.dll
 0001:00036022       GetConsoleWindow           0000000180037022 f   kernel32:KERNEL32.dll
 0001:00036028       UnmapViewOfFile            0000000180037028 f   kernel32:KERNEL32.dll
 0001:0003602e       MapViewOfFile              000000018003702e f   kernel32:KERNEL32.dll
 0001:00036034       OpenFileMappingW           0000000180037034 f   kernel32:KERNEL32.dll
 0001:0003603a       LoadLibraryW               000000018003703a f   kernel32:KERNEL32.dll
 0001:00036040       CreateFileMappingW         0000000180037040 f   kernel32:KERNEL32.dll
 0001:00036046       VirtualProtect             0000000180037046 f   kernel32:KERNEL32.dll
 0001:0003604c       CreateThread               000000018003704c f   kernel32:KERNEL32.dll
 0001:00036052       lstrcpyW                   0000000180037052 f   kernel32:KERNEL32.dll
 0001:00036058       MultiByteToWideChar        0000000180037058 f   kernel32:KERNEL32.dll
 0001:0003605e       lstrcpynA                  000000018003705e f   kernel32:KERNEL32.dll
 0001:00036064       lstrlenA                   0000000180037064 f   kernel32:KERNEL32.dll
 0001:0003606a       WideCharToMultiByte        000000018003706a f   kernel32:KERNEL32.dll
 0001:00036070       lstrcpyA                   0000000180037070 f   kernel32:KERNEL32.dll
 0001:00036076       lstrcatW                   0000000180037076 f   kernel32:KERNEL32.dll
 0001:0003607c       GetConsoleCursorInfo       000000018003707c f   kernel32:KERNEL32.dll
 0001:00036082       GetConsoleScreenBufferInfo 0000000180037082 f   kernel32:KERNEL32.dll
 0001:00036088       GetStdHandle               0000000180037088 f   kernel32:KERNEL32.dll
 0001:0003608e       GetConsoleTitleW           000000018003708e f   kernel32:KERNEL32.dll
 0001:00036094       DeleteFileW                0000000180037094 f   kernel32:KERNEL32.dll
 0001:0003609a       Thread32Next               000000018003709a f   kernel32:KERNEL32.dll
 0001:000360a0       Thread32First              00000001800370a0 f   kernel32:KERNEL32.dll
 0001:000360a6       CreateToolhelp32Snapshot   00000001800370a6 f   kernel32:KERNEL32.dll
 0001:000360ac       GetConsoleMode             00000001800370ac f   kernel32:KERNEL32.dll
 0001:000360b2       GetExitCodeProcess         00000001800370b2 f   kernel32:KERNEL32.dll
 0001:000360b8       CreateProcessW             00000001800370b8 f   kernel32:KERNEL32.dll
 0001:000360be       SetConsoleMode             00000001800370be f   kernel32:KERNEL32.dll
 0001:000360c4       GetEnvironmentVariableW    00000001800370c4 f   kernel32:KERNEL32.dll
 0001:000360ca       WaitForMultipleObjects     00000001800370ca f   kernel32:KERNEL32.dll
 0001:000360d0       CreateEventW               00000001800370d0 f   kernel32:KERNEL32.dll
 0001:000360d6       SetConsoleTitleW           00000001800370d6 f   kernel32:KERNEL32.dll
 0001:000360dc       CreateSemaphoreW           00000001800370dc f   kernel32:KERNEL32.dll
 0001:000360e2       ResetEvent                 00000001800370e2 f   kernel32:KERNEL32.dll
 0001:000360e8       TerminateProcess           00000001800370e8 f   kernel32:KERNEL32.dll
 0001:000360ee       GetCurrentProcess          00000001800370ee f   kernel32:KERNEL32.dll
 0001:000360f4       SetEvent                   00000001800370f4 f   kernel32:KERNEL32.dll
 0001:000360fa       IsBadStringPtrW            00000001800370fa f   kernel32:KERNEL32.dll
 0001:00036100       Module32NextW              0000000180037100 f   kernel32:KERNEL32.dll
 0001:00036106       Module32FirstW             0000000180037106 f   kernel32:KERNEL32.dll
 0001:0003610c       TerminateThread            000000018003710c f   kernel32:KERNEL32.dll
 0001:00036112       ReleaseSemaphore           0000000180037112 f   kernel32:KERNEL32.dll
 0001:00036118       WriteConsoleInputW         0000000180037118 f   kernel32:KERNEL32.dll
 0001:0003611e       GetNumberOfConsoleInputEvents 000000018003711e f   kernel32:KERNEL32.dll
 0001:00036124       ReadConsoleInputW          0000000180037124 f   kernel32:KERNEL32.dll
 0001:0003612a       PeekConsoleInputW          000000018003712a f   kernel32:KERNEL32.dll
 0001:00036130       SuspendThread              0000000180037130 f   kernel32:KERNEL32.dll
 0001:00036136       ResumeThread               0000000180037136 f   kernel32:KERNEL32.dll
 0001:0003613c       VerifyVersionInfoW         000000018003713c f   kernel32:KERNEL32.dll
 0001:00036142       VerSetConditionMask        0000000180037142 f   kernel32:KERNEL32.dll
 0001:00036148       ReleaseMutex               0000000180037148 f   kernel32:KERNEL32.dll
 0001:0003614e       CreateMutexW               000000018003714e f   kernel32:KERNEL32.dll
 0001:00036154       SetFilePointer             0000000180037154 f   kernel32:KERNEL32.dll
 0001:0003615a       GetFileInformationByHandle 000000018003715a f   kernel32:KERNEL32.dll
 0001:00036160       ReadProcessMemory          0000000180037160 f   kernel32:KERNEL32.dll
 0001:00036166       FreeLibrary                0000000180037166 f   kernel32:KERNEL32.dll
 0001:0003616c       ExpandEnvironmentStringsW  000000018003716c f   kernel32:KERNEL32.dll
 0001:00036172       DebugBreak                 0000000180037172 f   kernel32:KERNEL32.dll
 0001:00036178       HeapCreate                 0000000180037178 f   kernel32:KERNEL32.dll
 0001:0003617e       HeapDestroy                000000018003717e f   kernel32:KERNEL32.dll
 0001:00036184       HeapAlloc                  0000000180037184 f   kernel32:KERNEL32.dll
 0001:0003618a       HeapReAlloc                000000018003718a f   kernel32:KERNEL32.dll
 0001:00036190       HeapFree                   0000000180037190 f   kernel32:KERNEL32.dll
 0001:00036196       HeapValidate               0000000180037196 f   kernel32:KERNEL32.dll
 0001:0003619c       OpenThread                 000000018003719c f   kernel32:KERNEL32.dll
 0001:000361a2       InitializeCriticalSection  00000001800371a2 f   kernel32:KERNEL32.dll
 0001:000361a8       DeleteCriticalSection      00000001800371a8 f   kernel32:KERNEL32.dll
 0001:000361ae       EnterCriticalSection       00000001800371ae f   kernel32:KERNEL32.dll
 0001:000361b4       LeaveCriticalSection       00000001800371b4 f   kernel32:KERNEL32.dll
 0001:000361ba       TryEnterCriticalSection    00000001800371ba f   kernel32:KERNEL32.dll
 0001:000361c0       LocalFree                  00000001800371c0 f   kernel32:KERNEL32.dll
 0001:000361c6       LocalAlloc                 00000001800371c6 f   kernel32:KERNEL32.dll
 0001:000361cc       DisconnectNamedPipe        00000001800371cc f   kernel32:KERNEL32.dll
 0001:000361d2       SetThreadPriority          00000001800371d2 f   kernel32:KERNEL32.dll
 0001:000361d8       FlushFileBuffers           00000001800371d8 f   kernel32:KERNEL32.dll
 0001:000361de       GetOverlappedResult        00000001800371de f   kernel32:KERNEL32.dll
 0001:000361e4       ConnectNamedPipe           00000001800371e4 f   kernel32:KERNEL32.dll
 0001:000361ea       CreateNamedPipeW           00000001800371ea f   kernel32:KERNEL32.dll
 0001:000361f0       SetConsoleWindowInfo       00000001800371f0 f   kernel32:KERNEL32.dll
 0001:000361f6       GetConsoleOutputCP         00000001800371f6 f   kernel32:KERNEL32.dll
 0001:000361fc       GetLargestConsoleWindowSize 00000001800371fc f   kernel32:KERNEL32.dll
 0001:00036202       GetFullPathNameW           0000000180037202 f   kernel32:KERNEL32.dll
 0001:00036208       FindClose                  0000000180037208 f   kernel32:KERNEL32.dll
 0001:0003620e       FindFirstFileW             000000018003720e f   kernel32:KERNEL32.dll
 0001:00036214       GetFileSize                0000000180037214 f   kernel32:KERNEL32.dll
 0001:0003621a       FindNextFileW              000000018003721a f   kernel32:KERNEL32.dll
 0001:00036220       CreateDirectoryW           0000000180037220 f   kernel32:KERNEL32.dll
 0001:00036226       GetFileSizeEx              0000000180037226 f   kernel32:KERNEL32.dll
 0001:0003622c       OpenProcess                000000018003722c f   kernel32:KERNEL32.dll
 0001:00036232       Process32NextW             0000000180037232 f   kernel32:KERNEL32.dll
 0001:00036238       Process32FirstW            0000000180037238 f   kernel32:KERNEL32.dll
 0001:0003623e       IsBadReadPtr               000000018003723e f   kernel32:KERNEL32.dll
 0001:00036244       VirtualFree                0000000180037244 f   kernel32:KERNEL32.dll
 0001:0003624a       VirtualAlloc               000000018003724a f   kernel32:KERNEL32.dll
 0001:00036250       GetSystemInfo              0000000180037250 f   kernel32:KERNEL32.dll
 0001:00036256       GetWindowsDirectoryW       0000000180037256 f   kernel32:KERNEL32.dll
 0001:0003625c       DuplicateHandle            000000018003725c f   kernel32:KERNEL32.dll
 0001:00036262       CharUpperBuffW             0000000180037262 f   user32:USER32.dll
 0001:00036268       MapVirtualKeyW             0000000180037268 f   user32:USER32.dll
 0001:0003626e       VkKeyScanW                 000000018003726e f   user32:USER32.dll
 0001:00036274       IsWindow                   0000000180037274 f   user32:USER32.dll
 0001:0003627a       GetWindowThreadProcessId   000000018003727a f   user32:USER32.dll
 0001:00036280       FindWindowW                0000000180037280 f   user32:USER32.dll
 0001:00036286       MessageBoxW                0000000180037286 f   user32:USER32.dll
[...]
 0003:00003000       ?ghRegMonitorEvt@@3PEAXEA  0000000180055000     ConEmuPluginBase.obj
 0003:00003008       ?ghPluginSemaphore@@3PEAXEA 0000000180055008     ConEmuPluginBase.obj
 0003:00003010       ?gsFarLang@@3PA_WA         0000000180055010     ConEmuPluginBase.obj
 0003:00003090       ?gbNeedPostEditCheck@@3HA  0000000180055090     ConEmuPluginBase.obj
 0003:00003094       ?gbNeedPostReloadFarInfo@@3HA 0000000180055094     ConEmuPluginBase.obj
 0003:00003098       ?gnNeedPostTabSendTick@@3KA 0000000180055098     ConEmuPluginBase.obj
 0003:0000309c       ?gbStartedUnderConsole2@@3HA 000000018005509c     ConEmuPluginBase.obj
 0003:000030a0       ?gpConMapInfo@@3PEBUCESERVER_CONSOLE_MAPPING_HDR@@EB 00000001800550a0     ConEmuPluginBase.obj
 0003:000030a8       ?gnSelfPID@@3KA            00000001800550a8     ConEmuPluginBase.obj
 0003:000030ac       ?gbWaitConsoleInputEmpty@@3HA 00000001800550ac     ConEmuPluginBase.obj
 0003:000030b0       ?ghFarInfoMapping@@3PEAXEA 00000001800550b0     ConEmuPluginBase.obj
 0003:000030b8       ?gpFarInfo@@3PEAUCEFAR_INFO_MAPPING@@EA 00000001800550b8     ConEmuPluginBase.obj
 0003:000030c0       ?gpFarInfoMapping@@3PEAUCEFAR_INFO_MAPPING@@EA 00000001800550c0     ConEmuPluginBase.obj
 0003:000030c8       ?ghFarAliveEvent@@3PEAXEA  00000001800550c8     ConEmuPluginBase.obj
 0003:000030d0       ?gPanelRegLeft@@3UPanelViewRegInfo@@A 00000001800550d0     ConEmuPluginBase.obj
 0003:00003100       ?gPanelRegRight@@3UPanelViewRegInfo@@A 0000000180055100     ConEmuPluginBase.obj
 0003:00003130       ?ghConEmuCtrlPressed@@3PEAXEA 0000000180055130     ConEmuPluginBase.obj
 0003:00003138       ?ghConEmuShiftPressed@@3PEAXEA 0000000180055138     ConEmuPluginBase.obj
 0003:00003140       ?gbWaitConsoleWrite@@3HA   0000000180055140     ConEmuPluginBase.obj
 0003:00003144       ?gnSynchroCount@@3HA       0000000180055144     ConEmuPluginBase.obj
 0003:00003148       ?ghConsoleInputEmpty@@3PEAXEA 0000000180055148     ConEmuPluginBase.obj
 0003:00003150       ?ghConsoleWrite@@3PEAXEA   0000000180055150     ConEmuPluginBase.obj
 0003:00003170       ?AssertMsgBox@@3P6AHPEB_WI0PEAUHWND__@@_N@ZEA 0000000180055170     MAssert.obj
 0003:00003178       ?ghHeap@@3PEAXEA           0000000180055178     Memory.obj
 0003:00003180       ?gNullDesc@@3PEAVMNullDesc@@EA 0000000180055180     MSecurity.obj
 0003:00003188       ?gbNeedBgActivate@@3HA     0000000180055188     PluginBackground.obj
 0003:0000318c       ?gbBgPluginsAllowed@@3HA   000000018005518c     PluginBackground.obj
 0003:00003190       ?gpBgPlugin@@3PEAVCPluginBackground@@EA 0000000180055190     PluginBackground.obj
 0003:000031a0       ?gszPluginServerPipe@@3PA_WA 00000001800551a0     PluginSrv.obj
 0003:000033a8       ?gpPlugServer@@3PEAU?$PipeServer@UCESERVER_REQ@@@@EA 00000001800553a8     PluginSrv.obj
 0003:000033b0       ?ghServerTerminateEvent@@3PEAXEA 00000001800553b0     PluginSrv.obj
 0003:000033b8       ?gpConsoleInfoStr@@3PEAU_CONSOLE_INFO@@EA 00000001800553b8     WConsole.obj
 0003:000033c0       ?ghConsoleSection@@3PEAXEA 00000001800553c0     WConsole.obj
 0003:00003444       __error_mode               0000000180055444     LIBCMT:dllcrt0.obj
 0003:00003448       _aenvptr                   0000000180055448     LIBCMT:dllcrt0.obj
 0003:00003450       _wenvptr                   0000000180055450     LIBCMT:dllcrt0.obj
 0003:00003458       __app_type                 0000000180055458     LIBCMT:dllcrt0.obj
 0003:00003780       __pPurecall                0000000180055780     LIBCMT:inithelp.obj
 0003:00003788       _maxwait                   0000000180055788     LIBCMT:crtheap.obj
 0003:00003790       _umaskval                  0000000180055790     LIBCMT:crt0dat.obj
 0003:00003794       __argc                     0000000180055794     LIBCMT:crt0dat.obj
 0003:00003798       __argv                     0000000180055798     LIBCMT:crt0dat.obj
 0003:000037a0       __wargv                    00000001800557a0     LIBCMT:crt0dat.obj
 0003:000037a8       _environ                   00000001800557a8     LIBCMT:crt0dat.obj
 0003:000037b0       __initenv                  00000001800557b0     LIBCMT:crt0dat.obj
 0003:000037b8       _wenviron                  00000001800557b8     LIBCMT:crt0dat.obj
 0003:000037c0       __winitenv                 00000001800557c0     LIBCMT:crt0dat.obj
 0003:000037c8       _pgmptr                    00000001800557c8     LIBCMT:crt0dat.obj
 0003:000037d0       _wpgmptr                   00000001800557d0     LIBCMT:crt0dat.obj
 0003:000037d8       _exitflag                  00000001800557d8     LIBCMT:crt0dat.obj
 0003:000037dc       _C_Termination_Done        00000001800557dc     LIBCMT:crt0dat.obj
 0003:000037e0       _C_Exit_Done               00000001800557e0     LIBCMT:crt0dat.obj
 0003:00003900       _crtheap                   0000000180055900     LIBCMT:heapinit.obj
 0003:00003930       __pInvalidArgHandler       0000000180055930     LIBCMT:invarg.obj
 0003:00003b90       __locale_changed           0000000180055b90     LIBCMT:setlocal.obj
 0003:00003b98       __lc_handle                0000000180055b98     LIBCMT:nlsdata2.obj
 0003:00003bb0       __lc_codepage              0000000180055bb0     LIBCMT:nlsdata2.obj
 0003:00003bb4       __lc_collate_cp            0000000180055bb4     LIBCMT:nlsdata2.obj
 0003:00003bc0       __mbulinfo                 0000000180055bc0     LIBCMT:mbctype.obj
 0003:00003bcc       __mbcodepage               0000000180055bcc     LIBCMT:mbctype.obj
 0003:00003bd0       __ismbcodepage             0000000180055bd0     LIBCMT:mbctype.obj
 0003:00003bd4       __mblcid                   0000000180055bd4     LIBCMT:mbctype.obj
 0003:00003be0       ?__pInconsistency@@3P6AXXZEA 0000000180055be0     LIBCMT:hooks.obj
 0003:00003bf8       ?_pnhHeap@@3P6AH_K@ZEA     0000000180055bf8     LIBCMT:handler.obj
 0003:00003c00       __lconv_static_null        0000000180055c00     LIBCMT:lconv.obj
 0003:00004180       _newmode                   0000000180056180     LIBCMT:_newmode.obj
 0003:00004250       _debugger_hook_dummy       0000000180056250     <common>
 0003:00004254       __setlc_active             0000000180056254     <common>
 0003:00004258       __unguarded_readlc_active  0000000180056258     <common>
 0003:00004260       _pDestructExceptionObject  0000000180056260     <common>
 0003:00004268       _nhandle                   0000000180056268     <common>
 0003:00004280       __pioinfo                  0000000180056280     <common>
 0003:00004480       __env_initialized          0000000180056480     <common>
 0003:00004488       __onexitend                0000000180056488     <common>
 0003:00004490       __onexitbegin              0000000180056490     <common>
 0003:00004498       __mbctype_initialized      0000000180056498     <common>
 0003:000044a0       _FPinit                    00000001800564a0     <common>
 0003:000044a8       __dyn_tls_init_callback    00000001800564a8     <common>
 0003:000044b0       _acmdln                    00000001800564b0     <common>

 entry point at        0001:00036d2c

 Static symbols

 0001:00000560       ?StringValidateDestW@@YAJPEB_W_K_K@Z 0000000180001560 f   CmdArg.obj
 0001:000005a0       ?StringCopyWorkerW@@YAJPEA_W_KPEA_KPEB_W1@Z 00000001800015a0 f   CmdArg.obj
 0001:00004220       ?StringValidateDestW@@YAJPEB_W_K_K@Z 0000000180005220 f   ConEmuCheck.obj
 0001:00004260       ?StringCopyWorkerW@@YAJPEA_W_KPEA_KPEB_W1@Z 0000000180005260 f   ConEmuCheck.obj
 0001:00006250       ?StringValidateDestW@@YAJPEB_W_K_K@Z 0000000180007250 f   ConEmuCheckEx.obj
 0001:00006290       ?StringCopyWorkerW@@YAJPEA_W_KPEA_KPEB_W1@Z 0000000180007290 f   ConEmuCheckEx.obj
 0001:000064a0       ?StringValidateDestAndLengthW@@YAJPEB_W_KPEA_K_K@Z 00000001800074a0 f   ConEmuCheckEx.obj
 0001:00006510       ?StringLengthWorkerW@@YAJPEB_W_KPEA_K@Z 0000000180007510 f   ConEmuCheckEx.obj
 0001:00006d70       ?StringValidateDestW@@YAJPEB_W_K_K@Z 0000000180007d70 f   ConEmuInjects.obj
 0001:00006db0       ?StringCopyWorkerW@@YAJPEA_W_KPEA_KPEB_W1@Z 0000000180007db0 f   ConEmuInjects.obj
 0001:00007b40       ?ChangeExports@@YA_NPEBUExportFunc@@PEAUHINSTANCE__@@@Z 0000000180008b40 f   ConEmuPlugin.obj
 0001:0000b8b0       ?GetFarSetting@@YAHPEAX_KPEB_W@Z 000000018000c8b0 f   ConEmuPlugin1900.obj
 0001:0000bc20       ?CallGuiMacroProc@@YAXXZ   000000018000cc20 f   ConEmuPlugin1900.obj
 0001:0000c070       ?CallGuiMacroDlg@@YA_JPEAXHH0@Z 000000018000d070 f   ConEmuPlugin1900.obj
 0001:0000c770       ?MAKEFARVERSION@@YA?AUVersionInfo@@KKKKW4VERSION_STAGE@@@Z 000000018000d770 f   ConEmuPlugin2800.obj
 0001:0000e4b0       ?WExists@@YA_JAEBUWindowInfo@@AEBV?$MArray@UWindowInfo@@@@@Z 000000018000f4b0 f   ConEmuPlugin2800.obj
 0001:0000fa00       ?GetFarSetting@@YAHPEAX_KPEB_W@Z 0000000180010a00 f   ConEmuPlugin2800.obj
 0001:0000fd90       ?CallGuiMacroProc@@YAXXZ   0000000180010d90 f   ConEmuPlugin2800.obj
 0001:000101d0       ?CallGuiMacroDlg@@YA_JPEAX_J10@Z 00000001800111d0 f   ConEmuPlugin2800.obj
 0001:000107f0       ?FreeMacroResult@@YAXPEAXPEAUFarMacroValue@@_K@Z 00000001800117f0 f   ConEmuPlugin2800.obj
 0001:00013460       ?CallGuiMacroProc@@YAXXZ   0000000180014460 f   ConEmuPlugin995.obj
 0001:00013860       ?CallGuiMacroDlg@@YA_JPEAXHH_J@Z 0000000180014860 f   ConEmuPlugin995.obj
 0001:00015e40       ?CallGuiMacroProc@@YAXXZ   0000000180016e40 f   ConEmuPluginA.obj
 0001:00016260       ?CallGuiMacroDlg@@YA_JPEAXHH_J@Z 0000000180017260 f   ConEmuPluginA.obj
 0001:000170a0       ?LoadFarVersion@@YA_NAEAUFarVersion@@AEAY0CAA@_W@Z 00000001800180a0 f   ConEmuPluginBase.obj
 0001:00021890       ?StringValidateDestW@@YAJPEB_W_K_K@Z 0000000180022890 f   ConEmuPluginBase.obj
 0001:000218d0       ?StringValidateDestAndLengthW@@YAJPEB_W_KPEA_K_K@Z 00000001800228d0 f   ConEmuPluginBase.obj
 0001:00021940       ?StringLengthWorkerW@@YAJPEB_W_KPEA_K@Z 0000000180022940 f   ConEmuPluginBase.obj
 0001:000219e0       ?StringCopyWorkerW@@YAJPEA_W_KPEA_KPEB_W1@Z 00000001800229e0 f   ConEmuPluginBase.obj
 0001:00023d20       ?StringValidateDestW@@YAJPEB_W_K_K@Z 0000000180024d20 f   Execute.obj
 0001:00023d60       ?StringCopyWorkerW@@YAJPEA_W_KPEA_KPEB_W1@Z 0000000180024d60 f   Execute.obj
 0001:00024190       ?StringValidateDestA@@YAJPEBD_K_K@Z 0000000180025190 f   Memory.obj
 0001:000241d0       ?StringCopyWorkerA@@YAJPEAD_KPEA_KPEBD1@Z 00000001800251d0 f   Memory.obj
 0001:00024350       ?StringValidateDestW@@YAJPEB_W_K_K@Z 0000000180025350 f   Memory.obj
 0001:00024390       ?StringCopyWorkerW@@YAJPEA_W_KPEA_KPEB_W1@Z 0000000180025390 f   Memory.obj
 0001:0002ae90       ?StringValidateDestW@@YAJPEB_W_K_K@Z 000000018002be90 f   PluginBackground.obj
 0001:0002aed0       ?StringCopyWorkerW@@YAJPEA_W_KPEA_KPEB_W1@Z 000000018002bed0 f   PluginBackground.obj
 0001:0002e0f0       ?StringValidateDestW@@YAJPEB_W_K_K@Z 000000018002f0f0 f   PluginSrv.obj
 0001:0002e130       ?StringCopyWorkerW@@YAJPEA_W_KPEA_KPEB_W1@Z 000000018002f130 f   PluginSrv.obj
 0001:000327b0       ?StringValidateDestW@@YAJPEB_W_K_K@Z 00000001800337b0 f   WObjects.obj
 0001:000327f0       ?StringCopyWorkerW@@YAJPEA_W_KPEA_KPEB_W1@Z 00000001800337f0 f   WObjects.obj
 0001:00032eb0       ?CheckRegKeyExist@@YA_NPEAURegKeyExistArg@@@Z 0000000180033eb0 f   WObjects.obj
 0001:00034270       ?StringValidateDestAndLengthW@@YAJPEB_W_KPEA_K_K@Z 0000000180035270 f   WObjects.obj
 0001:000342e0       ?StringLengthWorkerW@@YAJPEB_W_KPEA_K@Z 00000001800352e0 f   WObjects.obj
 0001:00035e60       ?StringValidateDestW@@YAJPEB_W_K_K@Z 0000000180036e60 f   WUser.obj
 0001:00035ea0       ?StringCopyWorkerW@@YAJPEA_W_KPEA_KPEB_W1@Z 0000000180036ea0 f   WUser.obj
 0001:00036c14       __DllMainCRTStartup        0000000180037c14 f   LIBCMT:dllcrt0.obj
 0001:000379f0       _initterm                  00000001800389f0 f   LIBCMT:crt0dat.obj
 0001:00037ba0       doexit                     0000000180038ba0 f   LIBCMT:crt0dat.obj
 0001:00038260       parse_cmdline              0000000180039260 f   LIBCMT:stdargv.obj
 0001:00038968       xcptlookup                 0000000180039968 f   LIBCMT:winxfltr.obj
 0001:00038c68       ctrlevent_capture          0000000180039c68 f   LIBCMT:winsig.obj
 0001:00038d00       siglookup                  0000000180039d00 f   LIBCMT:winsig.obj
 0001:00039f2c       _copytlocinfo_nolock       000000018003af2c f   LIBCMT:setlocal.obj
 0001:00039f60       _updatetlocinfoEx_nolock   000000018003af60 f   LIBCMT:setlocal.obj
 0001:0003a0ac       sync_legacy_variables_lk   000000018003b0ac f   LIBCMT:setlocal.obj
 0001:0003a4c8       _setlocale_get_all         000000018003b4c8 f   LIBCMT:setlocal.obj
 0001:0003a8f0       _setlocale_set_cat         000000018003b8f0 f   LIBCMT:setlocal.obj
 0001:0003abf8       _setlocale_nolock          000000018003bbf8 f   LIBCMT:setlocal.obj
 0001:0003b194       ?CPtoLCID@@YAHH@Z          000000018003c194 f   LIBCMT:mbctype.obj
 0001:0003b1c8       ?setSBCS@@YAXPEAUthreadmbcinfostruct@@@Z 000000018003c1c8 f   LIBCMT:mbctype.obj
 0001:0003b25c       ?setSBUpLow@@YAXPEAUthreadmbcinfostruct@@@Z 000000018003c25c f   LIBCMT:mbctype.obj
 0001:0003b5a8       ?getSystemCP@@YAHH@Z       000000018003c5a8 f   LIBCMT:mbctype.obj
 0001:0003c6ec       ?__crtGetLocaleInfoW_stat@@YAHPEAUlocaleinfo_struct@@KKPEA_WHH@Z 000000018003d6ec f   LIBCMT:w_loc.obj
 0001:0003c794       ?__crtGetLocaleInfoA_stat@@YAHPEAUlocaleinfo_struct@@KKPEADHH@Z 000000018003d794 f   LIBCMT:a_loc.obj
 0001:0003cf20       _onexit_nolock             000000018003df20 f   LIBCMT:onexit.obj
 0001:0003d508       ?x_ismbbtype_l@@YAHPEAUlocaleinfo_struct@@IHH@Z 000000018003e508 f   LIBCMT:ismbbyte.obj
 0001:0003d8a0       _get_lc_time               000000018003e8a0 f   LIBCMT:inittime.obj
 0001:0003e15c       fix_grouping               000000018003f15c f   LIBCMT:initnum.obj
 0001:0003e3ec       fix_grouping               000000018003f3ec f   LIBCMT:initmon.obj
 0001:0003f43c       ?_store_str@@YAXPEADPEAPEADPEA_K@Z 000000018004043c f   LIBCMT:strftime.obj
 0001:0003f460       ?_store_number@@YAXHPEAPEADPEA_K@Z 0000000180040460 f   LIBCMT:strftime.obj
 0001:0003f4c4       ?_store_num@@YAXHHPEAPEADPEA_KI@Z 00000001800404c4 f   LIBCMT:strftime.obj
 0001:0003f5a0       ?_expandtime@@YAHPEAUlocaleinfo_struct@@DPEBUtm@@PEAPEADPEA_KPEAU__lc_time_data@@I@Z 00000001800405a0 f   LIBCMT:strftime.obj
 0001:0003fbfc       ?_store_winword@@YAHPEAUlocaleinfo_struct@@HPEBUtm@@PEAPEADPEA_KPEAU__lc_time_data@@@Z 0000000180040bfc f   LIBCMT:strftime.obj
 0001:00040580       TranslateName              0000000180041580 f   LIBCMT:getqloc.obj
 0001:00040618       GetLcidFromDefault         0000000180041618 f   LIBCMT:getqloc.obj
 0001:0004063c       ProcessCodePage            000000018004163c f   LIBCMT:getqloc.obj
 0001:00040704       TestDefaultCountry         0000000180041704 f   LIBCMT:getqloc.obj
 0001:0004072c       LcidFromHexString          000000018004172c f   LIBCMT:getqloc.obj
 0001:00040768       GetPrimaryLen              0000000180041768 f   LIBCMT:getqloc.obj
 0001:00040784       CountryEnumProc            0000000180041784 f   LIBCMT:getqloc.obj
 0001:0004086c       TestDefaultLanguage        000000018004186c f   LIBCMT:getqloc.obj
 0001:00040920       LangCountryEnumProc        0000000180041920 f   LIBCMT:getqloc.obj
 0001:00040bb4       LanguageEnumProc           0000000180041bb4 f   LIBCMT:getqloc.obj
 0001:00040cc4       GetLcidFromCountry         0000000180041cc4 f   LIBCMT:getqloc.obj
 0001:00040d04       GetLcidFromLangCountry     0000000180041d04 f   LIBCMT:getqloc.obj
 0001:00040d98       GetLcidFromLanguage        0000000180041d98 f   LIBCMT:getqloc.obj
 0001:0004106c       ?__crtGetStringTypeA_stat@@YAHPEAUlocaleinfo_struct@@KPEBDHPEAGHHH@Z 000000018004206c f   LIBCMT:a_str.obj
 0001:000414d4       ?strncnt@@YAHPEBDH@Z       00000001800424d4 f   LIBCMT:a_map.obj
 0001:000414f0       ?__crtLCMapStringA_stat@@YAHPEAUlocaleinfo_struct@@KKPEBDHPEADHHH@Z 00000001800424f0 f   LIBCMT:a_map.obj
 0001:00041f90       _tzset_nolock              0000000180042f90 f   LIBCMT:tzset.obj
 0001:00042430       cvtdate                    0000000180043430 f   LIBCMT:tzset.obj
 0001:000426e8       _isindst_nolock            00000001800436e8 f   LIBCMT:tzset.obj
 0001:00043028       xtoa_s                     0000000180044028 f   LIBCMT:xtoas.obj
 0001:0004318c       x64toa_s                   000000018004418c f   LIBCMT:xtoas.obj
 0001:0004364c       _getenv_s_helper           000000018004464c f   LIBCMT:getenv.obj
 0001:00043720       _dupenv_s_helper           0000000180044720 f   LIBCMT:getenv.obj
 0001:00043dfc       ?strtoxl@@YAKPEAUlocaleinfo_struct@@PEBDPEAPEBDHH@Z 0000000180044dfc f   LIBCMT:strtol.obj
 0001:00044130       ?strtoxq@@YA_KPEAUlocaleinfo_struct@@PEBDPEAPEBDHH@Z 0000000180045130 f   LIBCMT:strtoq.obj
 0001:000446c4       ?__crtGetStringTypeW_stat@@YAHPEAUlocaleinfo_struct@@KPEB_WHPEAGHH@Z 00000001800456c4 f   LIBCMT:w_str.obj
 0001:00044758       ?strncnt@@YAHPEBDH@Z       0000000180045758 f   LIBCMT:a_cmp.obj
 0001:00044774       ?__crtCompareStringA_stat@@YAHPEAUlocaleinfo_struct@@KKPEBDH1HH@Z 0000000180045774 f   LIBCMT:a_cmp.obj
 0001:00044e18       findenv                    0000000180045e18 f   LIBCMT:setenv.obj
 0001:00044e9c       copy_environ               0000000180045e9c f   LIBCMT:setenv.obj
 0001:000455f0       __DllMainCRTStartup$filt$0 00000001800465f0 f   LIBCMT:dllcrt0.obj
 0001:0004560c       _initptd$fin$1             000000018004660c f   LIBCMT:tidtable.obj
 0001:0004562c       _initptd$fin$0             000000018004662c f   LIBCMT:tidtable.obj
 0001:00045645       _freefls$fin$1             0000000180046645 f   LIBCMT:tidtable.obj
 0001:00045665       _freefls$fin$0             0000000180046665 f   LIBCMT:tidtable.obj
 0001:0004567e       doexit$fin$0               000000018004667e f   LIBCMT:crt0dat.obj
 0001:000456a0       ctrlevent_capture$fin$0    00000001800466a0 f   LIBCMT:winsig.obj
 0001:000456b6       signal$fin$0               00000001800466b6 f   LIBCMT:winsig.obj
 0001:000456cc       raise$fin$0                00000001800466cc f   LIBCMT:winsig.obj
 0001:000456e8       _mtinitlocknum$fin$0       00000001800466e8 f   LIBCMT:mlock.obj
 0001:00045704       __updatetlocinfo$fin$0     0000000180046704 f   LIBCMT:setlocal.obj
 0001:0004571d       _free_locale$fin$1         000000018004671d f   LIBCMT:setlocal.obj
 0001:0004573d       _free_locale$fin$0         000000018004673d f   LIBCMT:setlocal.obj
 0001:00045756       _get_current_locale$fin$1  0000000180046756 f   LIBCMT:setlocal.obj
 0001:00045776       _get_current_locale$fin$0  0000000180046776 f   LIBCMT:setlocal.obj
 0001:0004578f       setlocale$fin$1            000000018004678f f   LIBCMT:setlocal.obj
 0001:000457af       setlocale$fin$0            00000001800467af f   LIBCMT:setlocal.obj
 0001:000457cf       setlocale$fin$2            00000001800467cf f   LIBCMT:setlocal.obj
 0001:000457e9       __updatetmbcinfo$fin$0     00000001800467e9 f   LIBCMT:mbctype.obj
 0001:00045802       _setmbcp$fin$0             0000000180046802 f   LIBCMT:mbctype.obj
 0001:0004581b       _onexit$fin$0              000000018004681b f   LIBCMT:onexit.obj
 0001:00045830       _IsNonwritableInCurrentImage$filt$0 0000000180046830 f   LIBCMT:pesect.obj
 0001:00045851       __crtInitCritSecAndSpinCount$filt$0 0000000180046851 f   LIBCMT:initcrit.obj
 0001:00045873       _tzset_nolock$fin$0        0000000180046873 f   LIBCMT:tzset.obj
 0001:0004588c       __tzset$fin$0              000000018004688c f   LIBCMT:tzset.obj
 0001:000458a5       _tzset$fin$0               00000001800468a5 f   LIBCMT:tzset.obj
 0001:000458be       _isindst$fin$0             00000001800468be f   LIBCMT:tzset.obj
 0001:000458d7       getenv$fin$0               00000001800468d7 f   LIBCMT:getenv.obj
 0001:000458f0       getenv_s$fin$0             00000001800468f0 f   LIBCMT:getenv.obj
 0001:00045909       _dupenv_s$fin$0            0000000180046909 f   LIBCMT:getenv.obj
